Component: ARM Compiler 5.06 update 6 (build 750) Tool: armlink [4d35ed]

==============================================================================

Section Cross References

    startup_stm32f407xx.o(RESET) refers to startup_stm32f407xx.o(STACK) for __initial_sp
    startup_stm32f407xx.o(RESET) refers to startup_stm32f407xx.o(.text) for Reset_Handler
    startup_stm32f407xx.o(RESET) refers to stm32f4xx_it.o(i.NMI_Handler) for NMI_Handler
    startup_stm32f407xx.o(RESET) refers to stm32f4xx_it.o(i.HardFault_Handler) for HardFault_Handler
    startup_stm32f407xx.o(RESET) refers to stm32f4xx_it.o(i.MemManage_Handler) for MemManage_Handler
    startup_stm32f407xx.o(RESET) refers to stm32f4xx_it.o(i.BusFault_Handler) for BusFault_Handler
    startup_stm32f407xx.o(RESET) refers to stm32f4xx_it.o(i.UsageFault_Handler) for UsageFault_Handler
    startup_stm32f407xx.o(RESET) refers to stm32f4xx_it.o(i.SVC_Handler) for SVC_Handler
    startup_stm32f407xx.o(RESET) refers to stm32f4xx_it.o(i.DebugMon_Handler) for DebugMon_Handler
    startup_stm32f407xx.o(RESET) refers to stm32f4xx_it.o(i.PendSV_Handler) for PendSV_Handler
    startup_stm32f407xx.o(RESET) refers to stm32f4xx_it.o(i.SysTick_Handler) for SysTick_Handler
    startup_stm32f407xx.o(RESET) refers to stm32f4xx_it.o(i.DMA1_Stream1_IRQHandler) for DMA1_Stream1_IRQHandler
    startup_stm32f407xx.o(RESET) refers to stm32f4xx_it.o(i.DMA1_Stream2_IRQHandler) for DMA1_Stream2_IRQHandler
    startup_stm32f407xx.o(RESET) refers to stm32f4xx_it.o(i.DMA1_Stream3_IRQHandler) for DMA1_Stream3_IRQHandler
    startup_stm32f407xx.o(RESET) refers to stm32f4xx_it.o(i.DMA1_Stream4_IRQHandler) for DMA1_Stream4_IRQHandler
    startup_stm32f407xx.o(RESET) refers to stm32f4xx_it.o(i.USART3_IRQHandler) for USART3_IRQHandler
    startup_stm32f407xx.o(RESET) refers to stm32f4xx_it.o(i.TIM8_BRK_TIM12_IRQHandler) for TIM8_BRK_TIM12_IRQHandler
    startup_stm32f407xx.o(RESET) refers to stm32f4xx_it.o(i.UART4_IRQHandler) for UART4_IRQHandler
    startup_stm32f407xx.o(RESET) refers to stm32f4xx_it.o(i.TIM7_IRQHandler) for TIM7_IRQHandler
    startup_stm32f407xx.o(RESET) refers to stm32f4xx_it.o(i.DMA2_Stream0_IRQHandler) for DMA2_Stream0_IRQHandler
    startup_stm32f407xx.o(.text) refers to system_stm32f4xx.o(i.SystemInit) for SystemInit
    startup_stm32f407xx.o(.text) refers to entry.o(.ARM.Collect$$$$00000000) for __main
    gpio.o(i.MX_GPIO_Init) refers to stm32f4xx_hal_gpio.o(i.HAL_GPIO_WritePin) for HAL_GPIO_WritePin
    gpio.o(i.MX_GPIO_Init) refers to stm32f4xx_hal_gpio.o(i.HAL_GPIO_Init) for HAL_GPIO_Init
    gpio.o(.ARM.exidx) refers to gpio.o(i.MX_GPIO_Init) for i.MX_GPIO_Init
    adc.o(i.HAL_ADC_MspDeInit) refers to stm32f4xx_hal_gpio.o(i.HAL_GPIO_DeInit) for HAL_GPIO_DeInit
    adc.o(i.HAL_ADC_MspDeInit) refers to stm32f4xx_hal_dma.o(i.HAL_DMA_DeInit) for HAL_DMA_DeInit
    adc.o(i.HAL_ADC_MspInit) refers to stm32f4xx_hal_gpio.o(i.HAL_GPIO_Init) for HAL_GPIO_Init
    adc.o(i.HAL_ADC_MspInit) refers to stm32f4xx_hal_dma.o(i.HAL_DMA_Init) for HAL_DMA_Init
    adc.o(i.HAL_ADC_MspInit) refers to main.o(i._Error_Handler) for _Error_Handler
    adc.o(i.HAL_ADC_MspInit) refers to adc.o(.bss) for .bss
    adc.o(i.MX_ADC1_Init) refers to stm32f4xx_hal_adc.o(i.HAL_ADC_Init) for HAL_ADC_Init
    adc.o(i.MX_ADC1_Init) refers to main.o(i._Error_Handler) for _Error_Handler
    adc.o(i.MX_ADC1_Init) refers to stm32f4xx_hal_adc.o(i.HAL_ADC_ConfigChannel) for HAL_ADC_ConfigChannel
    adc.o(i.MX_ADC1_Init) refers to adc.o(.bss) for .bss
    adc.o(.ARM.exidx) refers to adc.o(i.MX_ADC1_Init) for i.MX_ADC1_Init
    adc.o(.ARM.exidx) refers to adc.o(i.HAL_ADC_MspInit) for i.HAL_ADC_MspInit
    adc.o(.ARM.exidx) refers to adc.o(i.HAL_ADC_MspDeInit) for i.HAL_ADC_MspDeInit
    dma.o(i.MX_DMA_Init) refers to stm32f4xx_hal_cortex.o(i.HAL_NVIC_SetPriority) for HAL_NVIC_SetPriority
    dma.o(i.MX_DMA_Init) refers to stm32f4xx_hal_cortex.o(i.HAL_NVIC_EnableIRQ) for HAL_NVIC_EnableIRQ
    dma.o(.ARM.exidx) refers to dma.o(i.MX_DMA_Init) for i.MX_DMA_Init
    tim.o(i.HAL_TIM_Base_MspDeInit) refers to stm32f4xx_hal_gpio.o(i.HAL_GPIO_DeInit) for HAL_GPIO_DeInit
    tim.o(i.HAL_TIM_Base_MspDeInit) refers to stm32f4xx_hal_cortex.o(i.HAL_NVIC_DisableIRQ) for HAL_NVIC_DisableIRQ
    tim.o(i.HAL_TIM_Base_MspInit) refers to stm32f4xx_hal_gpio.o(i.HAL_GPIO_Init) for HAL_GPIO_Init
    tim.o(i.HAL_TIM_Base_MspInit) refers to stm32f4xx_hal_cortex.o(i.HAL_NVIC_SetPriority) for HAL_NVIC_SetPriority
    tim.o(i.HAL_TIM_Base_MspInit) refers to stm32f4xx_hal_cortex.o(i.HAL_NVIC_EnableIRQ) for HAL_NVIC_EnableIRQ
    tim.o(i.HAL_TIM_MspPostInit) refers to stm32f4xx_hal_gpio.o(i.HAL_GPIO_Init) for HAL_GPIO_Init
    tim.o(i.MX_TIM12_Init) refers to stm32f4xx_hal_tim.o(i.HAL_TIM_Base_Init) for HAL_TIM_Base_Init
    tim.o(i.MX_TIM12_Init) refers to main.o(i._Error_Handler) for _Error_Handler
    tim.o(i.MX_TIM12_Init) refers to stm32f4xx_hal_tim.o(i.HAL_TIM_ConfigClockSource) for HAL_TIM_ConfigClockSource
[...]
    __aeabi_cdrcmple                         0x08001191   Thumb Code    48  cdrcmple.o(.text)
    __cxa_rethrow                            0x080011c1   Thumb Code     2  arm_rethrow_noexceptions.o(.text)
    __aeabi_vec_dtor                         0x080011c3   Thumb Code    34  aeabi_vec_dtor_noexceptions.o(.text)
    __ARM_exceptions_buffer_init             0x080011e5   Thumb Code    18  arm_exceptions_mem.o(.text)
    __ARM_exceptions_buffer_allocate         0x080011f7   Thumb Code    22  arm_exceptions_mem.o(.text)
    __ARM_exceptions_buffer_free             0x0800120d   Thumb Code    20  arm_exceptions_mem.o(.text)
    __semihosting_library_function           0x08001221   Thumb Code     0  semi.o(.text)
    _chval                                   0x08001221   Thumb Code    28  _chval.o(.text)
    __vfscanf                                0x0800123d   Thumb Code   808  _scanf.o(.text)
    __I$use$semihosting$fputc                0x08001569   Thumb Code     0  iusesemip.o(.text)
    __aeabi_ul2d                             0x08001569   Thumb Code    24  dfltul.o(.text)
    __ARM_vec_cleanup                        0x08001581   Thumb Code    28  ARM_vec_cleanup_noexceptions.o(.text)
    BusFault_Handler                         0x080015b1   Thumb Code     2  stm32f4xx_it.o(i.BusFault_Handler)
    DMA1_Stream1_IRQHandler                  0x080015b5   Thumb Code     6  stm32f4xx_it.o(i.DMA1_Stream1_IRQHandler)
    DMA1_Stream2_IRQHandler                  0x080015c1   Thumb Code     6  stm32f4xx_it.o(i.DMA1_Stream2_IRQHandler)
    DMA1_Stream3_IRQHandler                  0x080015cd   Thumb Code     6  stm32f4xx_it.o(i.DMA1_Stream3_IRQHandler)
    DMA1_Stream4_IRQHandler                  0x080015d9   Thumb Code     6  stm32f4xx_it.o(i.DMA1_Stream4_IRQHandler)
    DMA2_Stream0_IRQHandler                  0x080015e5   Thumb Code     6  stm32f4xx_it.o(i.DMA2_Stream0_IRQHandler)
    DebugMon_Handler                         0x080015f1   Thumb Code     2  stm32f4xx_it.o(i.DebugMon_Handler)
    HAL_ADC_ConfigChannel                    0x080015f5   Thumb Code   316  stm32f4xx_hal_adc.o(i.HAL_ADC_ConfigChannel)
    HAL_ADC_Init                             0x08001741   Thumb Code    84  stm32f4xx_hal_adc.o(i.HAL_ADC_Init)
    HAL_ADC_MspInit                          0x08001795   Thumb Code   132  adc.o(i.HAL_ADC_MspInit)
    HAL_DMA_Abort_IT                         0x08001845   Thumb Code    36  stm32f4xx_hal_dma.o(i.HAL_DMA_Abort_IT)
    HAL_DMA_IRQHandler                       0x08001869   Thumb Code   412  stm32f4xx_hal_dma.o(i.HAL_DMA_IRQHandler)
    HAL_DMA_Init                             0x08001a09   Thumb Code   206  stm32f4xx_hal_dma.o(i.HAL_DMA_Init)
    HAL_Delay                                0x08001add   Thumb Code    32  stm32f4xx_hal.o(i.HAL_Delay)
    HAL_GPIO_Init                            0x08001b01   Thumb Code   388  stm32f4xx_hal_gpio.o(i.HAL_GPIO_Init)
    HAL_GPIO_TogglePin                       0x08001cb1   Thumb Code     8  stm32f4xx_hal_gpio.o(i.HAL_GPIO_TogglePin)
    HAL_GPIO_WritePin                        0x08001cb9   Thumb Code    10  stm32f4xx_hal_gpio.o(i.HAL_GPIO_WritePin)
    HAL_GetTick                              0x08001cc5   Thumb Code     6  stm32f4xx_hal.o(i.HAL_GetTick)
    HAL_IncTick                              0x08001cd1   Thumb Code    12  stm32f4xx_hal.o(i.HAL_IncTick)
    HAL_Init                                 0x08001ce1   Thumb Code    48  stm32f4xx_hal.o(i.HAL_Init)
    HAL_InitTick                             0x08001d15   Thumb Code    54  stm32f4xx_hal.o(i.HAL_InitTick)
    HAL_MspInit                              0x08001d55   Thumb Code   126  stm32f4xx_hal_msp.o(i.HAL_MspInit)
    HAL_NVIC_EnableIRQ                       0x08001dd9   Thumb Code    22  stm32f4xx_hal_cortex.o(i.HAL_NVIC_EnableIRQ)
    HAL_NVIC_SetPriority                     0x08001df1   Thumb Code    60  stm32f4xx_hal_cortex.o(i.HAL_NVIC_SetPriority)
    HAL_NVIC_SetPriorityGrouping             0x08001e31   Thumb Code    26  stm32f4xx_hal_cortex.o(i.HAL_NVIC_SetPriorityGrouping)
    HAL_RCC_ClockConfig                      0x08001e55   Thumb Code   286  stm32f4xx_hal_rcc.o(i.HAL_RCC_ClockConfig)
    HAL_RCC_GetHCLKFreq                      0x08001f85   Thumb Code     6  stm32f4xx_hal_rcc.o(i.HAL_RCC_GetHCLKFreq)
    HAL_RCC_GetPCLK1Freq                     0x08001f91   Thumb Code    20  stm32f4xx_hal_rcc.o(i.HAL_RCC_GetPCLK1Freq)
    HAL_RCC_GetPCLK2Freq                     0x08001fb1   Thumb Code    20  stm32f4xx_hal_rcc.o(i.HAL_RCC_GetPCLK2Freq)
    HAL_RCC_GetSysClockFreq                  0x08001fd1   Thumb Code    88  stm32f4xx_hal_rcc.o(i.HAL_RCC_GetSysClockFreq)
    HAL_RCC_OscConfig                        0x08002035   Thumb Code   770  stm32f4xx_hal_rcc.o(i.HAL_RCC_OscConfig)
    HAL_SYSTICK_CLKSourceConfig              0x08002351   Thumb Code    24  stm32f4xx_hal_cortex.o(i.HAL_SYSTICK_CLKSourceConfig)
    HAL_SYSTICK_Callback                     0x08002369   Thumb Code     2  stm32f4xx_hal_cortex.o(i.HAL_SYSTICK_Callback)
    HAL_SYSTICK_Config                       0x0800236b   Thumb Code    40  stm32f4xx_hal_cortex.o(i.HAL_SYSTICK_Config)
    HAL_SYSTICK_IRQHandler                   0x08002393   Thumb Code     8  stm32f4xx_hal_cortex.o(i.HAL_SYSTICK_IRQHandler)
    HAL_TIMEx_BreakCallback                  0x0800239b   Thumb Code     2  stm32f4xx_hal_tim_ex.o(i.HAL_TIMEx_BreakCallback)
    HAL_TIMEx_CommutationCallback            0x0800239d   Thumb Code     2  stm32f4xx_hal_tim_ex.o(i.HAL_TIMEx_CommutationCallback)
    HAL_TIMEx_MasterConfigSynchronization    0x0800239f   Thumb Code    80  stm32f4xx_hal_tim_ex.o(i.HAL_TIMEx_MasterConfigSynchronization)
    HAL_TIM_Base_Init                        0x080023ef   Thumb Code    54  stm32f4xx_hal_tim.o(i.HAL_TIM_Base_Init)
    HAL_TIM_Base_MspInit                     0x08002425   Thumb Code   308  tim.o(i.HAL_TIM_Base_MspInit)
    HAL_TIM_Base_Start                       0x08002589   Thumb Code    26  stm32f4xx_hal_tim.o(i.HAL_TIM_Base_Start)
    HAL_TIM_ConfigClockSource                0x080025a3   Thumb Code   242  stm32f4xx_hal_tim.o(i.HAL_TIM_ConfigClockSource)
    HAL_TIM_IC_CaptureCallback               0x08002695   Thumb Code     2  stm32f4xx_hal_tim.o(i.HAL_TIM_IC_CaptureCallback)
    HAL_TIM_IRQHandler                       0x08002697   Thumb Code   358  stm32f4xx_hal_tim.o(i.HAL_TIM_IRQHandler)
    HAL_TIM_MspPostInit                      0x080027fd   Thumb Code    90  tim.o(i.HAL_TIM_MspPostInit)
    HAL_TIM_OC_DelayElapsedCallback          0x08002871   Thumb Code     2  stm32f4xx_hal_tim.o(i.HAL_TIM_OC_DelayElapsedCallback)
    HAL_TIM_PWM_ConfigChannel                0x08002873   Thumb Code   208  stm32f4xx_hal_tim.o(i.HAL_TIM_PWM_ConfigChannel)
    HAL_TIM_PWM_Init                         0x08002943   Thumb Code    54  stm32f4xx_hal_tim.o(i.HAL_TIM_PWM_Init)
    HAL_TIM_PWM_MspInit                      0x08002979   Thumb Code     2  stm32f4xx_hal_tim.o(i.HAL_TIM_PWM_MspInit)
    HAL_TIM_PWM_PulseFinishedCallback        0x0800297b   Thumb Code     2  stm32f4xx_hal_tim.o(i.HAL_TIM_PWM_PulseFinishedCallback)
    HAL_TIM_PWM_Start                        0x0800297d   Thumb Code    48  stm32f4xx_hal_tim.o(i.HAL_TIM_PWM_Start)
    HAL_TIM_PeriodElapsedCallback            0x080029b5   Thumb Code     2  stm32f4xx_hal_tim.o(i.HAL_TIM_PeriodElapsedCallback)
    HAL_TIM_TriggerCallback                  0x080029b7   Thumb Code     2  stm32f4xx_hal_tim.o(i.HAL_TIM_TriggerCallback)
    HAL_UART_ErrorCallback                   0x080029b9   Thumb Code     2  stm32f4xx_hal_uart.o(i.HAL_UART_ErrorCallback)
    HAL_UART_IRQHandler                      0x080029bd   Thumb Code   266  stm32f4xx_hal_uart.o(i.HAL_UART_IRQHandler)
    HAL_UART_Init                            0x08002acd   Thumb Code    98  stm32f4xx_hal_uart.o(i.HAL_UART_Init)
    HAL_UART_MspInit                         0x08002b31   Thumb Code   356  usart.o(i.HAL_UART_MspInit)
    HAL_UART_Receive_IT                      0x08002cc5   Thumb Code    72  stm32f4xx_hal_uart.o(i.HAL_UART_Receive_IT)
    HAL_UART_RxCpltCallback                  0x08002d0d   Thumb Code    66  main.o(i.HAL_UART_RxCpltCallback)
    HAL_UART_TxCpltCallback                  0x08002d75   Thumb Code     2  stm32f4xx_hal_uart.o(i.HAL_UART_TxCpltCallback)
    HardFault_Handler                        0x08002d77   Thumb Code     2  stm32f4xx_it.o(i.HardFault_Handler)
    MX_ADC1_Init                             0x08002d79   Thumb Code   130  adc.o(i.MX_ADC1_Init)
    MX_DMA_Init                              0x08002e19   Thumb Code   120  dma.o(i.MX_DMA_Init)
    MX_GPIO_Init                             0x08002e95   Thumb Code   336  gpio.o(i.MX_GPIO_Init)
    MX_TIM12_Init                            0x08003001   Thumb Code    70  tim.o(i.MX_TIM12_Init)
    MX_TIM1_Init                             0x08003061   Thumb Code    94  tim.o(i.MX_TIM1_Init)
    MX_TIM2_Init                             0x080030d9   Thumb Code    94  tim.o(i.MX_TIM2_Init)
    MX_TIM3_Init                             0x0800314d   Thumb Code    92  tim.o(i.MX_TIM3_Init)
    MX_TIM4_Init                             0x080031c1   Thumb Code   142  tim.o(i.MX_TIM4_Init)
    MX_TIM5_Init                             0x08003269   Thumb Code   142  tim.o(i.MX_TIM5_Init)
    MX_TIM9_Init                             0x08003311   Thumb Code   128  tim.o(i.MX_TIM9_Init)
    MX_UART4_Init                            0x080033a9   Thumb Code    52  usart.o(i.MX_UART4_Init)
    MemManage_Handler                        0x080033f5   Thumb Code     2  stm32f4xx_it.o(i.MemManage_Handler)
    NMI_Handler                              0x080033f7   Thumb Code     2  stm32f4xx_it.o(i.NMI_Handler)
    PendSV_Handler                           0x080033f9   Thumb Code     2  stm32f4xx_it.o(i.PendSV_Handler)
    SVC_Handler                              0x080033fb   Thumb Code     2  stm32f4xx_it.o(i.SVC_Handler)
    SysTick_Handler                          0x080033fd   Thumb Code    14  stm32f4xx_it.o(i.SysTick_Handler)
    SystemInit                               0x0800340d   Thumb Code    66  system_stm32f4xx.o(i.SystemInit)
    TIM7_IRQHandler                          0x08003461   Thumb Code     6  stm32f4xx_it.o(i.TIM7_IRQHandler)
    TIM8_BRK_TIM12_IRQHandler                0x0800346d   Thumb Code    18  stm32f4xx_it.o(i.TIM8_BRK_TIM12_IRQHandler)
    TIM_Base_SetConfig                       0x08003489   Thumb Code   148  stm32f4xx_hal_tim.o(i.TIM_Base_SetConfig)
    TIM_CCxChannelCmd                        0x08003549   Thumb Code    22  stm32f4xx_hal_tim.o(i.TIM_CCxChannelCmd)
    TIM_OC2_SetConfig                        0x08003561   Thumb Code    90  stm32f4xx_hal_tim.o(i.TIM_OC2_SetConfig)
    UART4_IRQHandler                         0x080035c5   Thumb Code     6  stm32f4xx_it.o(i.UART4_IRQHandler)
    USART3_IRQHandler                        0x080035d1   Thumb Code     6  stm32f4xx_it.o(i.USART3_IRQHandler)
    UsageFault_Handler                       0x080035dd   Thumb Code     2  stm32f4xx_it.o(i.UsageFault_Handler)
    _Error_Handler                           0x080035df   Thumb Code     2  main.o(i._Error_Handler)
    SystemClock_Config()                     0x08003b0d   Thumb Code   146  main.o(i._Z18SystemClock_Configv)
    catgets(__rw::__rw_cat*, int, int, const char*) 0x08003c55   Thumb Code    28  rwcats.o(i._Z7catgetsPN4__rw8__rw_catEiiPKc)
    catopen(const char*, int)                0x08003c75   Thumb Code    34  rwcats.o(i._Z7catopenPKci)
    BUS::Fillbuffer(HeaderPacket*)           0x08003f61   Thumb Code   254  bus.o(i._ZN3BUS10FillbufferEP12HeaderPacket)
    BUS::CheckHeader(HeaderPacket*)          0x08004075   Thumb Code   104  bus.o(i._ZN3BUS11CheckHeaderEP12HeaderPacket)
    BUS::VectorCheck()                       0x080040f9   Thumb Code   240  bus.o(i._ZN3BUS11VectorCheckEv)
    BUS::HipHop()                            0x08004229   Thumb Code    38  bus.o(i._ZN3BUS6HipHopEv)
    BUS::BusInit()                           0x08004259   Thumb Code    32  bus.o(i._ZN3BUS7BusInitEv)
    BUS::CheckEnd(HeaderPacket*)             0x08004289   Thumb Code    74  bus.o(i._ZN3BUS8CheckEndEP12HeaderPacket)
    BUS::GetPacket()                         0x080042ed   Thumb Code    28  bus.o(i._ZN3BUS9GetPacketEv)
    BUS::BUS()                               0x08004315   Thumb Code    20  bus.o(i._ZN3BUSC1Ev)
    BUS::BUS__sub_object()                   0x08004315   Thumb Code     0  bus.o(i._ZN3BUSC1Ev)
    BUS::~BUS()                              0x08004329   Thumb Code    18  variable.o(i._ZN3BUSD1Ev)
    BUS::~BUS__sub_object()                  0x08004329   Thumb Code     0  variable.o(i._ZN3BUSD1Ev)
    __rw::__rw_throw(int, ...)               0x0800433d   Thumb Code    86  rwstdexcept.o(i._ZN4__rw10__rw_throwEiz)
    __rw::__rw_allocate(unsigned, int)       0x08004399   Thumb Code    32  rwalloc.o(i._ZN4__rw13__rw_allocateEji)
    __rw::__rw_deallocate(void*, unsigned, int) 0x080043b9   Thumb Code     4  rwalloc.o(i._ZN4__rw15__rw_deallocateEPvji)
    __rw::__rw_facet_base::_C_initfacet(const std::locale&) 0x080043bd   Thumb Code     2  char.o(i._ZN4__rw15__rw_facet_base12_C_initfacetERKSt6locale)
    __rw::__rw_locale_imp::__rw_locale_imp(const char*, unsigned, unsigned) 0x080043c1   Thumb Code   226  locale.o(i._ZN4__rw15__rw_locale_impC1EPKcjj)
    __rw::__rw_locale_imp::__rw_locale_imp__sub_object(const char*, unsigned, unsigned) 0x080043c1   Thumb Code     0  locale.o(i._ZN4__rw15__rw_locale_impC1EPKcjj)
    __rw::__rw_locale_imp::~__rw_locale_imp() 0x080044ad   Thumb Code    26  locale.o(i._ZN4__rw15__rw_locale_impD1Ev)
    __rw::__rw_locale_imp::~__rw_locale_imp__sub_object() 0x080044ad   Thumb Code     0  locale.o(i._ZN4__rw15__rw_locale_impD1Ev)
    __rw::__rw_use_c_lib_locale::__rw_use_c_lib_locale(const char*, int) 0x080044c7   Thumb Code    58  locale.o(i._ZN4__rw21__rw_use_c_lib_localeC1EPKci)
    __rw::__rw_use_c_lib_locale::__rw_use_c_lib_locale__sub_object(const char*, int) 0x080044c7   Thumb Code     0  locale.o(i._ZN4__rw21__rw_use_c_lib_localeC1EPKci)
    __rw::__rw_use_c_lib_locale::~__rw_use_c_lib_locale() 0x08004501   Thumb Code    24  char.o(i._ZN4__rw21__rw_use_c_lib_localeD1Ev)
    __rw::__rw_use_c_lib_locale::~__rw_use_c_lib_locale__sub_object() 0x08004501   Thumb Code     0  char.o(i._ZN4__rw21__rw_use_c_lib_localeD1Ev)
    __rw::__rw_throw_exception_noex(int, char*) 0x08004519   Thumb Code    58  rwthrowproc_impl_noex.o(i._ZN4__rw25__rw_throw_exception_noexEiPc)
    __rw::__catfind(__rw::__rw_cat*)         0x080045b1   Thumb Code    42  rwcats.o(i._ZN4__rw9__catfindEPNS_8__rw_catE)
    std::__rw_exception::what() const        0x080045e1   Thumb Code     4  rwstdexcept.o(i._ZNKSt14__rw_exception4whatEv)
    std::__rw_messages_base::_C_cat_open(const std::basic_string<char, std::char_traits<char>, std::allocator<char>>&, const std::locale&) const 0x080045e5   Thumb Code   114  messages.o(i._ZNKSt18__rw_messages_base11_C_cat_openERKSsRKSt6locale)
    std::__rw_messages_base::_C_get_locale(int) const 0x08004657   Thumb Code    32  messages.o(i._ZNKSt18__rw_messages_base13_C_get_localeEi)
    std::__rw_messages_base::_C_get_message(int, int, int) const 0x08004677   Thumb Code    52  messages.o(i._ZNKSt18__rw_messages_base14_C_get_messageEiii)
    std::ctype<char>::is(std::ctype_base::mask, char) const 0x080046ab   Thumb Code    14  char.o(i._ZNKSt5ctypeIcE2isENSt10ctype_base4maskEc)
    std::locale::_C_make_facet(const std::locale::id&, bool, int, __rw::__rw_facet_base*(*)(int, const char*, unsigned)) const 0x080046b9   Thumb Code   252  locale.o(i._ZNKSt6locale13_C_make_facetERKNS_2idEbiPFPN4__rw15__rw_facet_baseEiPKcjE)
    std::locale::_C_install_facet(__rw::__rw_facet_base*, const std::locale::id&) const 0x080047c1   Thumb Code   112  locale.o(i._ZNKSt6locale16_C_install_facetEPN4__rw15__rw_facet_baseERKNS_2idE)
    std::locale::name() const                0x08004835   Thumb Code    44  locale.o(i._ZNKSt6locale4nameEv)
    std::char_traits<char>::copy(char*, const char*, unsigned) 0x08004865   Thumb Code    12  char.o(i._ZNSt11char_traitsIcE4copyEPcPKcj)
    std::ctype_byname<char>::_C_get_mask_table(const char*) 0x08004871   Thumb Code   186  char.o(i._ZNSt12ctype_bynameIcE17_C_get_mask_tableEPKc)
    std::ctype_byname<char>::ctype_byname(const char*, unsigned) 0x0800493d   Thumb Code   280  char.o(i._ZNSt12ctype_bynameIcEC1EPKcj)
    std::ctype_byname<char>::ctype_byname__sub_object(const char*, unsigned) 0x0800493d   Thumb Code     0  char.o(i._ZNSt12ctype_bynameIcEC1EPKcj)
    std::ctype_byname<char>::~ctype_byname__deallocating() 0x08004a5d   Thumb Code    14  char.o(i._ZNSt12ctype_bynameIcED0Ev)
    std::ctype_byname<char>::~ctype_byname() 0x08004a6b   Thumb Code     8  char.o(i._ZNSt12ctype_bynameIcED1Ev)
    std::ctype_byname<char>::~ctype_byname__sub_object() 0x08004a6b   Thumb Code     0  char.o(i._ZNSt12ctype_bynameIcED1Ev)
    std::__rw_exception::_C_vformat(int, std::__va_list) 0x08004a75   Thumb Code   128  rwstdexcept.o(i._ZNSt14__rw_exception10_C_vformatEiSt9__va_list)
    std::__rw_exception::__rw_exception()    0x08004af9   Thumb Code    16  rwstdexcept.o(i._ZNSt14__rw_exceptionC1Ev)
    std::__rw_exception::__rw_exception__sub_object() 0x08004af9   Thumb Code     0  rwstdexcept.o(i._ZNSt14__rw_exceptionC1Ev)
    std::__rw_exception::~__rw_exception()   0x08004b0d   Thumb Code    22  rwstdexcept.o(i._ZNSt14__rw_exceptionD1Ev)
    std::__rw_exception::~__rw_exception__sub_object() 0x08004b0d   Thumb Code     0  rwstdexcept.o(i._ZNSt14__rw_exceptionD1Ev)
    std::__rw_messages_base::~__rw_messages_base() 0x08004b29   Thumb Code     8  rwstdexcept.o(i._ZNSt18__rw_messages_baseD1Ev)
    std::__rw_messages_base::~__rw_messages_base__sub_object() 0x08004b29   Thumb Code     0  rwstdexcept.o(i._ZNSt18__rw_messages_baseD1Ev)
    std::__rw_open_cat_data::__rw_open_cat_data() 0x08004b31   Thumb Code    26  messages.o(i._ZNSt18__rw_open_cat_dataC1Ev)
    std::__rw_open_cat_data::__rw_open_cat_data__sub_object() 0x08004b31   Thumb Code     0  messages.o(i._ZNSt18__rw_open_cat_dataC1Ev)
    std::__rw_open_cat_data::~__rw_open_cat_data() 0x08004b4b   Thumb Code    12  messages.o(i._ZNSt18__rw_open_cat_dataD1Ev)
    std::__rw_open_cat_data::~__rw_open_cat_data__sub_object() 0x08004b4b   Thumb Code     0  messages.o(i._ZNSt18__rw_open_cat_dataD1Ev)
    std::__rw_open_cat_data::operator =(const std::__rw_open_cat_data&) 0x08004b57   Thumb Code    18  messages.o(i._ZNSt18__rw_open_cat_dataaSERKS_)
    std::ctype<char>::_C_initfacet(const std::locale&) 0x08004b69   Thumb Code   250  char.o(i._ZNSt5ctypeIcE12_C_initfacetERKSt6locale)
    std::ctype<char>::ctype(const std::ctype_base::mask*, bool, unsigned) 0x08004c65   Thumb Code   270  char.o(i._ZNSt5ctypeIcEC1EPKNSt10ctype_base4maskEbj)
    std::ctype<char>::ctype__sub_object(const std::ctype_base::mask*, bool, unsigned) 0x08004c65   Thumb Code     0  char.o(i._ZNSt5ctypeIcEC1EPKNSt10ctype_base4maskEbj)
    std::ctype<char>::~ctype__deallocating() 0x08004d7d   Thumb Code    14  char.o(i._ZNSt5ctypeIcED0Ev)
    std::ctype<char>::~ctype()               0x08004d8d   Thumb Code    38  char.o(i._ZNSt5ctypeIcED1Ev)
    std::ctype<char>::~ctype__sub_object()   0x08004d8d   Thumb Code     0  char.o(i._ZNSt5ctypeIcED1Ev)
    std::locale::facet::~facet__deallocating() 0x08004db9   Thumb Code    14  rwstdexcept.o(i._ZNSt6locale5facetD0Ev)
    std::locale::_C_init()                   0x08004dc9   Thumb Code   120  locale.o(i._ZNSt6locale7_C_initEv)
    std::locale::classic()                   0x08004e4d   Thumb Code    56  locale.o(i._ZNSt6locale7classicEv)
    std::locale::locale(__rw::__rw_locale_imp*) 0x08004e91   Thumb Code    28  locale.o(i._ZNSt6localeC1EPN4__rw15__rw_locale_impE)
    std::locale::locale__sub_object(__rw::__rw_locale_imp*) 0x08004e91   Thumb Code     0  locale.o(i._ZNSt6localeC1EPN4__rw15__rw_locale_impE)
    std::locale::locale(const std::locale&)  0x08004eb1   Thumb Code    12  messages.o(i._ZNSt6localeC1ERKS_)
    std::locale::locale__sub_object(const std::locale&) 0x08004eb1   Thumb Code     0  messages.o(i._ZNSt6localeC1ERKS_)
    std::locale::locale()                    0x08004ebd   Thumb Code    28  rwstdexcept.o(i._ZNSt6localeC1Ev)
    std::locale::locale__sub_object()        0x08004ebd   Thumb Code     0  rwstdexcept.o(i._ZNSt6localeC1Ev)
    std::locale::~locale()                   0x08004edd   Thumb Code    32  locale.o(i._ZNSt6localeD1Ev)
    std::locale::~locale__sub_object()       0x08004edd   Thumb Code     0  locale.o(i._ZNSt6localeD1Ev)
    std::locale::operator =(const std::locale&) 0x08004efd   Thumb Code    50  locale.o(i._ZNSt6localeaSERKS_)
    std::messages<char>::~messages__deallocating() 0x08004f2f   Thumb Code    14  rwstdexcept.o(i._ZNSt8messagesIcED0Ev)
    std::messages<char>::~messages()         0x08004f3d   Thumb Code    16  rwstdexcept.o(i._ZNSt8messagesIcED1Ev)
    std::messages<char>::~messages__sub_object() 0x08004f3d   Thumb Code     0  rwstdexcept.o(i._ZNSt8messagesIcED1Ev)
    std::exception::exception()              0x08004f4d   Thumb Code     6  exception_ctor.o(i._ZNSt9exceptionC1Ev)
    std::exception::exception__sub_object()  0x08004f4d   Thumb Code     0  exception_ctor.o(i._ZNSt9exceptionC1Ev)
    std::__rw_get_cats()                     0x08004f59   Thumb Code    44  messages.o(i._ZSt13__rw_get_catsv)
    operator delete[] (void*)                0x08004f95   Thumb Code     8  array_del.o(i._ZdaPv)
    operator delete (void*)                  0x08004f9d   Thumb Code     8  delete.o(i._ZdlPv)
    operator new[] (unsigned)                0x08004fa5   Thumb Code     8  array_new.o(i._Znaj)
    operator new(unsigned)                   0x08004fad   Thumb Code    34  new.o(i._Znwj)
    __0fprintf                               0x08004fd5   Thumb Code    22  printfa.o(i.__0fprintf)
    __1fprintf                               0x08004fd5   Thumb Code     0  printfa.o(i.__0fprintf)
    __2fprintf                               0x08004fd5   Thumb Code     0  printfa.o(i.__0fprintf)
    __c89fprintf                             0x08004fd5   Thumb Code     0  printfa.o(i.__0fprintf)
    fprintf                                  0x08004fd5   Thumb Code     0  printfa.o(i.__0fprintf)
    __0vsnprintf                             0x08004ff1   Thumb Code    40  printfa.o(i.__0vsnprintf)
    __1vsnprintf                             0x08004ff1   Thumb Code     0  printfa.o(i.__0vsnprintf)
    __2vsnprintf                             0x08004ff1   Thumb Code     0  printfa.o(i.__0vsnprintf)
    __c89vsnprintf                           0x08004ff1   Thumb Code     0  printfa.o(i.__0vsnprintf)
    vsnprintf                                0x08004ff1   Thumb Code     0  printfa.o(i.__0vsnprintf)
    __ARM_array_new_general                  0x0800501d   Thumb Code   146  array_new_general.o(i.__ARM_array_new_general)
    __aeabi_vec_dtor_cookie                  0x080050af   Thumb Code    16  aeabi_vec_dtor_cookie.o(i.__aeabi_vec_dtor_cookie)
    __aeabi_vec_new_cookie                   0x080050bf   Thumb Code    20  aeabi_vec_new_cookie.o(i.__aeabi_vec_new_cookie)
    __cxa_guard_acquire                      0x080050d3   Thumb Code    16  cxa_guard_acquire.o(i.__cxa_guard_acquire)
    __cxa_vec_new                            0x080050e5   Thumb Code    18  cxa_vec_new.o(i.__cxa_vec_new)
    __scatterload_copy                       0x080050fd   Thumb Code    14  handlers.o(i.__scatterload_copy)
    __scatterload_null                       0x0800510b   Thumb Code     2  handlers.o(i.__scatterload_null)
    __scatterload_zeroinit                   0x0800510d   Thumb Code    14  handlers.o(i.__scatterload_zeroinit)
    _is_digit                                0x0800534d   Thumb Code    14  scanf_fp.o(i._is_digit)
    fputc                                    0x08005aa1   Thumb Code    18  fputc.o(i.fputc)
    free                                     0x08005ab5   Thumb Code    76  malloc.o(i.free)
    main                                     0x08005b05   Thumb Code   440  main.o(i.main)
    malloc                                   0x08005d05   Thumb Code    92  malloc.o(i.malloc)
    __rw::__string_ref<char, std::char_traits<char>, std::allocator<char>>::_C_inc_ref() 0x08005d71   Thumb Code    14  char.o(t._ZN4__rw12__string_refIcSt11char_traitsIcESaIcEE10_C_inc_refEv)
    __rw::__rw_facet_maker<std::ctype<char>>::_C_maker_func(int, const char*, unsigned) 0x08005d85   Thumb Code    70  rwstdexcept.o(t._ZN4__rw16__rw_facet_makerISt5ctypeIcEE13_C_maker_funcEiPKcj)
    __rw::__rw_locale_vector<__rw::__rw_facet_base*>::resize(unsigned, __rw::__rw_facet_base*const &) 0x08005dcb   Thumb Code    86  locale.o(t._ZN4__rw18__rw_locale_vectorIPNS_15__rw_facet_baseEE6resizeEjRKS2_)
    __rw::__rw_locale_vector<__rw::__rw_facet_base*>::~__rw_locale_vector() 0x08005e21   Thumb Code    14  locale.o(t._ZN4__rw18__rw_locale_vectorIPNS_15__rw_facet_baseEED1Ev)
    __rw::__rw_locale_vector<__rw::__rw_facet_base*>::~__rw_locale_vector__sub_object() 0x08005e21   Thumb Code     0  locale.o(t._ZN4__rw18__rw_locale_vectorIPNS_15__rw_facet_baseEED1Ev)
    __rw::__rw_locale_vector<__rw::__rw_cat*>::~__rw_locale_vector() 0x08005e2f   Thumb Code    14  rwcats.o(t._ZN4__rw18__rw_locale_vectorIPNS_8__rw_catEED1Ev)
    __rw::__rw_locale_vector<__rw::__rw_cat*>::~__rw_locale_vector__sub_object() 0x08005e2f   Thumb Code     0  rwcats.o(t._ZN4__rw18__rw_locale_vectorIPNS_8__rw_catEED1Ev)
    __rw::__rw_locale_vector<std::basic_string<char, std::char_traits<char>, std::allocator<char>>>::~__rw_locale_vector() 0x08005e3d   Thumb Code    16  locale.o(t._ZN4__rw18__rw_locale_vectorISsED1Ev)
    __rw::__rw_locale_vector<std::basic_string<char, std::char_traits<char>, std::allocator<char>>>::~__rw_locale_vector__sub_object() 0x08005e3d   Thumb Code     0  locale.o(t._ZN4__rw18__rw_locale_vectorISsED1Ev)
    __rw::__rw_locale_vector<std::__rw_open_cat_data>::resize(unsigned) 0x08005e51   Thumb Code   122  messages.o(t._ZN4__rw18__rw_locale_vectorISt18__rw_open_cat_dataE6resizeEj)
    __rw::__rw_locale_vector<std::__rw_open_cat_data>::~__rw_locale_vector() 0x08005ed9   Thumb Code    16  messages.o(t._ZN4__rw18__rw_locale_vectorISt18__rw_open_cat_dataED1Ev)
    __rw::__rw_locale_vector<std::__rw_open_cat_data>::~__rw_locale_vector__sub_object() 0x08005ed9   Thumb Code     0  messages.o(t._ZN4__rw18__rw_locale_vectorISt18__rw_open_cat_dataED1Ev)
    std::messages<char>::do_get(int, int, int, const std::basic_string<char, std::char_traits<char>, std::allocator<char>>&) const 0x08005eed   Thumb Code   136  rwstdexcept.o(t._ZNKSt8messagesIcE6do_getEiiiRKSs)
    std::messages<char>::do_open(const std::basic_string<char, std::char_traits<char>, std::allocator<char>>&, const std::locale&) const 0x08005f7d   Thumb Code     6  rwstdexcept.o(t._ZNKSt8messagesIcE7do_openERKSsRKSt6locale)
    std::basic_string<char, std::char_traits<char>, std::allocator<char>>::_C_allocate(unsigned, unsigned, unsigned) 0x08005f83   Thumb Code    50  locale.o(t._ZNSs11_C_allocateEjjj)
    std::basic_string<char, std::char_traits<char>, std::allocator<char>>::replace(unsigned, unsigned, const char*, unsigned) 0x08005fb5   Thumb Code    24  locale.o(t._ZNSs7replaceEjjPKcj)
    std::basic_string<char, std::char_traits<char>, std::allocator<char>>::replace(unsigned, unsigned, const char*, unsigned, unsigned, unsigned) 0x08005fcd   Thumb Code   352  char.o(t._ZNSs7replaceEjjPKcjjj)
    std::basic_string<char, std::char_traits<char>, std::allocator<char>>::_C_getRep(unsigned, unsigned) 0x08006135   Thumb Code   108  char.o(t._ZNSs9_C_getRepEjj)
    std::basic_string<char, std::char_traits<char>, std::allocator<char>>::_C_unlink() 0x080061a9   Thumb Code    66  char.o(t._ZNSs9_C_unlinkEv)
    std::basic_string<char, std::char_traits<char>, std::allocator<char>>::basic_string(const char*, const std::allocator<char>&) 0x080061f1   Thumb Code    52  locale.o(t._ZNSsC1EPKcRKSaIcE)
    std::basic_string<char, std::char_traits<char>, std::allocator<char>>::basic_string__sub_object(const char*, const std::allocator<char>&) 0x080061f1   Thumb Code     0  locale.o(t._ZNSsC1EPKcRKSaIcE)
    std::basic_string<char, std::char_traits<char>, std::allocator<char>>::basic_string(const std::allocator<char>&) 0x08006229   Thumb Code    12  locale.o(t._ZNSsC1ERKSaIcE)
    std::basic_string<char, std::char_traits<char>, std::allocator<char>>::basic_string__sub_object(const std::allocator<char>&) 0x08006229   Thumb Code     0  locale.o(t._ZNSsC1ERKSaIcE)
    std::basic_string<char, std::char_traits<char>, std::allocator<char>>::basic_string(const std::basic_string<char, std::char_traits<char>, std::allocator<char>>&) 0x08006239   Thumb Code    62  char.o(t._ZNSsC1ERKSs)
    std::basic_string<char, std::char_traits<char>, std::allocator<char>>::basic_string__sub_object(const std::basic_string<char, std::char_traits<char>, std::allocator<char>>&) 0x08006239   Thumb Code     0  char.o(t._ZNSsC1ERKSs)
    std::basic_string<char, std::char_traits<char>, std::allocator<char>>::~basic_string() 0x08006277   Thumb Code    12  char.o(t._ZNSsD1Ev)
    std::basic_string<char, std::char_traits<char>, std::allocator<char>>::~basic_string__sub_object() 0x08006277   Thumb Code     0  char.o(t._ZNSsD1Ev)
    std::basic_string<char, std::char_traits<char>, std::allocator<char>>::operator =(const char*) 0x08006285   Thumb Code    70  locale.o(t._ZNSsaSEPKc)
    std::basic_string<char, std::char_traits<char>, std::allocator<char>>::operator =(const std::basic_string<char, std::char_traits<char>, std::allocator<char>>&) 0x080062d1   Thumb Code    62  locale.o(t._ZNSsaSERKSs)
    std::vector<char, std::allocator<char>>::_C_insert_aux(char*, unsigned, const char&) 0x0800630f   Thumb Code   280  bus.o(t._ZNSt6vectorIcSaIcEE13_C_insert_auxEPcjRKc)
    std::vector<char, std::allocator<char>>::at(unsigned) 0x08006429   Thumb Code    36  bus.o(t._ZNSt6vectorIcSaIcEE2atEj)
    std::vector<char, std::allocator<char>>::vector(const std::allocator<char>&) 0x08006451   Thumb Code    10  bus.o(t._ZNSt6vectorIcSaIcEEC1ERKS0_)
    std::vector<char, std::allocator<char>>::vector__sub_object(const std::allocator<char>&) 0x08006451   Thumb Code     0  bus.o(t._ZNSt6vectorIcSaIcEEC1ERKS0_)
    std::vector<char, std::allocator<char>>::~vector() 0x0800645b   Thumb Code    32  variable.o(t._ZNSt6vectorIcSaIcEED1Ev)
    std::vector<char, std::allocator<char>>::~vector__sub_object() 0x0800645b   Thumb Code     0  variable.o(t._ZNSt6vectorIcSaIcEED1Ev)
    T2 std::uninitialized_copy<char*, char*, std::allocator<char>>(T1, T1, T2, T3&) 0x0800647b   Thumb Code    22  bus.o(t._ZSt18uninitialized_copyIPcS0_SaIcEET0_T_S3_S2_RT1_)
    void std::uninitialized_fill_n<char*, unsigned, char, std::allocator<char>>(T1, T2, const T3&, T4&) 0x08006491   Thumb Code    20  bus.o(t._ZSt20uninitialized_fill_nIPcjcSaIcEEvT_T0_RKT1_RT2_)
    const T1& std::max<unsigned>(const T1&, const T1&) 0x080064a5   Thumb Code    12  char.o(t._ZSt3maxIjERKT_S2_S2_)
    AHBPrescTable                            0x080064b8   Data          16  system_stm32f4xx.o(.constdata)
    APBPrescTable                            0x080064c8   Data           8  system_stm32f4xx.o(.constdata)
    std::ctype<char>::_C_classic_table       0x0800652c   Data         512  char.o(.constdata)
    __ctype_table                            0x0800672c   Data         129  ctype_o.o(.constdata)
    vtable for std::locale::facet            0x080067b4   Data          20  rwstdexcept.o(.constdata__ZTVNSt6locale5facetE)
    vtable for std::ctype_byname<char>       0x080067c8   Data          52  char.o(.constdata__ZTVSt12ctype_bynameIcE)
    vtable for std::__rw_exception           0x080067fc   Data          20  rwstdexcept.o(.constdata__ZTVSt14__rw_exception)
    vtable for std::ctype<char>              0x08006810   Data          52  char.o(.constdata__ZTVSt5ctypeIcE)
    vtable for std::messages<char>           0x08006844   Data          32  rwstdexcept.o(.constdata__ZTVSt8messagesIcE)
    vtable for std::exception                0x08006864   Data          20  exception_dtor.o(.constdata__ZTVSt9exception)
    __rw::__rw_locale_imp::_C_category_name(int) const::string 0x08006878   Data           1  locale.o(.constdata__ZZNK4__rw15__rw_locale_imp16_C_category_nameEiEs)
    std::basic_string<char, std::char_traits<char>, std::allocator<char>>::replace(unsigned, unsigned, const char*, unsigned, unsigned, unsigned)::string 0x08006879   Data           1  char.o(.constdata__ZZNSs7replaceEjjPKcjjjEs)
    std::basic_string<char, std::char_traits<char>, std::allocator<char>>::_C_getRep(unsigned, unsigned)::string 0x0800687a   Data           1  char.o(.constdata__ZZNSs9_C_getRepEjjEs)
    std::vector<char, std::allocator<char>>::at(unsigned)::string 0x0800687b   Data           1  bus.o(.constdata__ZZNSt6vectorIcSaIcEE2atEjEs)
    std::messages<char>::messages(unsigned)::string 0x0800687c   Data           2  rwstdexcept.o(.constdata__ZZNSt8messagesIcEC1EjEs)
    Region$$Table$$Base                      0x08006af4   Number         0  anon$$obj.o(Region$$Table)
    Region$$Table$$Limit                     0x08006b14   Number         0  anon$$obj.o(Region$$Table)
    SHT$$INIT_ARRAY$$Base                    0x08006b14   Number         0  motor.o(.init_array)
    SHT$$INIT_ARRAY$$Limit                   0x08006b28   Number         0  rwcats.o(.init_array)
    vectorCheck1                             0x20000000   Data           4  variable.o(.data)
    vectorCheck2                             0x20000004   Data           4  variable.o(.data)
    vectorCheck3                             0x20000008   Data           4  variable.o(.data)
    vectorCheck4                             0x2000000c   Data           4  variable.o(.data)
    vectorCheck5                             0x20000010   Data           4  variable.o(.data)
    vectorCheck6                             0x20000014   Data           4  variable.o(.data)
    vectorCheck7                             0x20000018   Data           4  variable.o(.data)
    vectorCheck8                             0x2000001c   Data           4  variable.o(.data)
    vectorCheck9                             0x20000020   Data           4  variable.o(.data)
    vectorCheck10                            0x20000024   Data           4  variable.o(.data)
    vectorCheck11                            0x20000028   Data           4  variable.o(.data)
    vectorCheck12                            0x2000002c   Data           4  variable.o(.data)
    vectorCheck13                            0x20000030   Data           4  variable.o(.data)
    vectorCheck14                            0x20000034   Data           4  variable.o(.data)
    vectorCheck15                            0x20000038   Data           4  variable.o(.data)
    dastan                                   0x2000003c   Data           4  variable.o(.data)
    fillCounter                              0x20000040   Data           4  variable.o(.data)
    headerMode                               0x20000044   Data           4  variable.o(.data)
    globalDriverAD                           0x20000048   Data           4  variable.o(.data)
    recieveCheckSum                          0x2000004c   Data           4  variable.o(.data)
    recStatus                                0x20000050   Data           4  variable.o(.data)
    packetSize                               0x20000054   Data           4  variable.o(.data)
    headerSize                               0x20000058   Data           4  variable.o(.data)
    checkConnection                          0x2000005c   Data           4  variable.o(.data)
    recHeader                                0x20000060   Data           1  variable.o(.data)
    uwTickFreq                               0x20000064   Data           1  stm32f4xx_hal.o(.data)
    uwTickPrio                               0x20000068   Data           4  stm32f4xx_hal.o(.data)
    uwTick                                   0x2000006c   Data           4  stm32f4xx_hal.o(.data)
    SystemCoreClock                          0x20000070   Data           4  system_stm32f4xx.o(.data)
    std::ctype<char>::id                     0x2000008c   Data           4  char.o(.data)
    std::ctype<wchar_t>::id                  0x20000090   Data           4  char.o(.data)
    std::locale::_C_classic                  0x2000009c   Data           4  locale.o(.data)
    std::locale::_C_native                   0x200000a0   Data           4  locale.o(.data)
    std::locale::_C_global                   0x200000a4   Data           4  locale.o(.data)
    std::codecvt<char, char, std::__mbstate_t>::id 0x200000a8   Data           4  locale.o(.data)
    std::codecvt<wchar_t, char, std::__mbstate_t>::id 0x200000ac   Data           4  locale.o(.data)
    __rw_throw_proc                          0x200000b0   Data           4  rwthrowproc_noex.o(.data)
    __stderr                                 0x200000b4   Data           4  stderr.o(.data)
    __microlib_freelist                      0x200000c4   Data           4  mvars.o(.data)
    __microlib_freelist_initialised          0x200000c8   Data           4  mvars.o(.data)
    std::locale::id::_C_init() const::_C_id_gen 0x200000d8   Data           4  locale.o(.data__ZZNKSt6locale2id7_C_initEvE9_C_id_gen)
    guard variable for std::__rw_get_cats()::__open_cats 0x200000dc   Data           4  messages.o(.data__ZZSt13__rw_get_catsvE11__open_cats)
    std::__rw_get_cats()::__open_cats        0x200000e0   Data           8  messages.o(.data__ZZSt13__rw_get_catsvE11__open_cats)
    hadc1                                    0x200000e8   Data          72  adc.o(.bss)
    hdma_adc1                                0x20000130   Data          96  adc.o(.bss)
    htim1                                    0x20000190   Data          60  tim.o(.bss)
    htim2                                    0x200001cc   Data          60  tim.o(.bss)
    htim3                                    0x20000208   Data          60  tim.o(.bss)
    htim4                                    0x20000244   Data          60  tim.o(.bss)
    htim5                                    0x20000280   Data          60  tim.o(.bss)
    htim7                                    0x200002bc   Data          60  tim.o(.bss)
    htim8                                    0x200002f8   Data          60  tim.o(.bss)
    htim9                                    0x20000334   Data          60  tim.o(.bss)
    htim12                                   0x20000370   Data          60  tim.o(.bss)
    huart4                                   0x200003ac   Data          64  usart.o(.bss)
    huart3                                   0x200003ec   Data          64  usart.o(.bss)
    hdma_uart4_rx                            0x2000042c   Data          96  usart.o(.bss)
    hdma_uart4_tx                            0x2000048c   Data          96  usart.o(.bss)
    hdma_usart3_tx                           0x200004ec   Data          96  usart.o(.bss)
    hdma_usart3_rx                           0x2000054c   Data          96  usart.o(.bss)
    motor1                                   0x200005ac   Data          76  motor.o(.bss)
    motor2                                   0x200005f8   Data          76  motor.o(.bss)
    motor3                                   0x20000644   Data          76  motor.o(.bss)
    vectorCheck                              0x20000690   Data         140  variable.o(.bss)
    bus                                      0x2000071c   Data          24  variable.o(.bss)
    PWM_pkg                                  0x20000734   Data          12  variable.o(.bss)
    recData                                  0x20000740   Data          12  variable.o(.bss)
    std::basic_string<char, std::char_traits<char>, std::allocator<char>>::__nullref 0x20000768   Data          16  vendor.o(.bss__ZNSs9__nullrefE)
    __heap_base                              0x20000778   Data           0  startup_stm32f407xx.o(HEAP)
    __heap_limit                             0x20000978   Data           0  startup_stm32f407xx.o(HEAP)
    __initial_sp                             0x20000d78   Data           0  startup_stm32f407xx.o(STACK)



==============================================================================

Memory Map of the image

  Image Entry point : 0x08000189

  Load Region LR_IROM1 (Base: 0x08000000, Size: 0x00006c10, Max: 0x00100000, ABSOLUTE)

    Execution Region ER_IROM1 (Exec base: 0x08000000, Load base: 0x08000000, Size: 0x00006b28, Max: 0x00100000, ABSOLUTE)

    Exec Addr    Load Addr    Size         Type   Attr      Idx    E Section Name        Object

    0x08000000   0x08000000   0x00000188   Data   RO            3    RESET               startup_stm32f407xx.o
    0x08000188   0x08000188   0x00000000   Code   RO         4445  * .ARM.Collect$$$$00000000  mc_w.l(entry.o)
    0x08000188   0x08000188   0x00000004   Code   RO         5116    .ARM.Collect$$$$00000001  mc_w.l(entry2.o)
    0x0800018c   0x0800018c   0x00000004   Code   RO         5119    .ARM.Collect$$$$00000004  mc_w.l(entry5.o)
    0x08000190   0x08000190   0x00000000   Code   RO         5121    .ARM.Collect$$$$00000008  mc_w.l(entry7b.o)
    0x08000190   0x08000190   0x00000004   Code   RO         5122    .ARM.Collect$$$$00000009  mc_w.l(entry8a.o)
    0x08000194   0x08000194   0x00000000   Code   RO         5123    .ARM.Collect$$$$0000000A  mc_w.l(entry8b.o)
    0x08000194   0x08000194   0x00000008   Code   RO         5124    .ARM.Collect$$$$0000000B  mc_w.l(entry9a.o)
    0x0800019c   0x0800019c   0x00000000   Code   RO         5126    .ARM.Collect$$$$0000000D  mc_w.l(entry10a.o)
    0x0800019c   0x0800019c   0x00000004   Code   RO         5127    .ARM.Collect$$$$0000000E  mc_w.l(entry10b.o)
    0x080001a0   0x080001a0   0x00000000   Code   RO         5128    .ARM.Collect$$$$0000000F  mc_w.l(entry11a.o)
    0x080001a0   0x080001a0   0x00000004   Code   RO         5117    .ARM.Collect$$$$00002712  mc_w.l(entry2.o)
    0x080001a4   0x080001a4   0x00000024   Code   RO            4    .text               startup_stm32f407xx.o
    0x080001c8   0x080001c8   0x00000062   Code   RO         4448    .text               mc_w.l(uldiv.o)
    0x0800022a   0x0800022a   0x00000002   PAD
    0x0800022c   0x0800022c   0x00000020   Code   RO         4453    .text               mc_w.l(cpp_init.o)
    0x0800024c   0x0800024c   0x0000002e   Code   RO         4455    .text               mc_w.l(aeabi_atexit.o)
    0x0800027a   0x0800027a   0x0000014e   Code   RO         4457    .text               mf_w.l(dadd.o)
    0x080003c8   0x080003c8   0x000000e4   Code   RO         4459    .text               mf_w.l(dmul.o)
    0x080004ac   0x080004ac   0x000000de   Code   RO         4461    .text               mf_w.l(ddiv.o)
    0x0800058a   0x0800058a   0x00000022   Code   RO         4463    .text               mf_w.l(dflti.o)
    0x080005ac   0x080005ac   0x0000003e   Code   RO         4465    .text               mf_w.l(dfixi.o)
    0x080005ea   0x080005ea   0x00000032   Code   RO         4467    .text               mf_w.l(dfixui.o)
    0x0800061c   0x0800061c   0x00000038   Code   RO         4471    .text               mf_w.l(d2f.o)
    0x08000654   0x08000654   0x0000000e   Code   RO         5098    .text               cpprt_w.l(aeabi_vec_delete_noexceptions.o)
    0x08000662   0x08000662   0x0000001e   Code   RO         5131    .text               mc_w.l(llshl.o)
    0x08000680   0x08000680   0x00000020   Code   RO         5133    .text               mc_w.l(llushr.o)
    0x080006a0   0x080006a0   0x00000024   Code   RO         5135    .text               mc_w.l(llsshr.o)
    0x080006c4   0x080006c4   0x00000018   Code   RO         5145    .text               mc_w.l(strcat.o)
    0x080006dc   0x080006dc   0x0000000e   Code   RO         5147    .text               mc_w.l(strlen.o)
    0x080006ea   0x080006ea   0x00000012   Code   RO         5149    .text               mc_w.l(strcpy.o)
    0x080006fc   0x080006fc   0x00000020   Code   RO         5151    .text               mc_w.l(strrchr.o)
    0x0800071c   0x0800071c   0x00000038   Code   RO         5213    .text               mc_w.l(sscanf.o)
    0x08000754   0x08000754   0x00000000   Code   RO         5215    .text               mc_w.l(iusefp.o)
    0x08000754   0x08000754   0x00000008   Code   RO         5216    .text               mc_w.l(cpp_dtor.o)
    0x0800075c   0x0800075c   0x00000042   Code   RO         5219    .text               mc_w.l(cxa_finalize.o)
    0x0800079e   0x0800079e   0x0000006e   Code   RO         5221    .text               mf_w.l(fepilogue.o)
    0x0800080c   0x0800080c   0x000000ba   Code   RO         5223    .text               mf_w.l(depilogue.o)
    0x080008c6   0x080008c6   0x00000004   Code   RO         5314    .text               cpprt_w.l(arm_newhandler_noexceptions.o)
    0x080008ca   0x080008ca   0x0000001a   Code   RO         5361    .text               cpprt_w.l(arm_exceptions_terminate.o)
    0x080008e4   0x080008e4   0x00000050   Code   RO         5371    .text               cpprt_w.l(arm_exceptions_globs.o)
    0x08000934   0x08000934   0x00000024   Code   RO         5377    .text               mc_w.l(init.o)
    0x08000958   0x08000958   0x0000002c   Code   RO         5382    .text               mc_w.l(uidiv.o)
    0x08000984   0x08000984   0x00000008   Code   RO         5384    .text               mc_w.l(ctype_o.o)
    0x0800098c   0x0800098c   0x00000012   Code   RO         5406    .text               mc_w.l(isspace_o.o)
    0x0800099e   0x0800099e   0x00000042   Code   RO         5420    .text               mc_w.l(memmove.o)
    0x080009e0   0x080009e0   0x0000001c   Code   RO         5424    .text               mc_w.l(strcmp.o)
    0x080009fc   0x080009fc   0x00000156   Code   RO         5438    .text               mc_w.l(_scanf_longlong.o)
    0x08000b52   0x08000b52   0x0000014c   Code   RO         5440    .text               mc_w.l(_scanf_int.o)
    0x08000c9e   0x08000c9e   0x000000e0   Code   RO         5442    .text               mc_w.l(_scanf_str.o)
    0x08000d7e   0x08000d7e   0x00000002   PAD
    0x08000d80   0x08000d80   0x00000360   Code   RO         5444    .text               mc_w.l(scanf_fp.o)
    0x080010e0   0x080010e0   0x00000028   Code   RO         5448    .text               mc_w.l(scanf_char.o)
    0x08001108   0x08001108   0x00000040   Code   RO         5450    .text               mc_w.l(_sgetc.o)
    0x08001148   0x08001148   0x00000002   Code   RO         5452    .text               mc_w.l(cpp_final.o)
    0x0800114a   0x0800114a   0x00000002   PAD
    0x0800114c   0x0800114c   0x00000014   Code   RO         5454    .text               mc_w.l(cpp_memory.o)
    0x08001160   0x08001160   0x00000030   Code   RO         5457    .text               mf_w.l(dfixul.o)
    0x08001190   0x08001190   0x00000030   Code   RO         5459    .text               mf_w.l(cdrcmple.o)
    0x080011c0   0x080011c0   0x00000002   Code   RO         5461    .text               cpprt_w.l(arm_rethrow_noexceptions.o)
    0x080011c2   0x080011c2   0x00000022   Code   RO         5470    .text               cpprt_w.l(aeabi_vec_dtor_noexceptions.o)
    0x080011e4   0x080011e4   0x0000003c   Code   RO         5476    .text               cpprt_w.l(arm_exceptions_mem.o)
    0x08001220   0x08001220   0x00000000   Code   RO         5486    .text               mc_w.l(semi.o)
    0x08001220   0x08001220   0x0000001c   Code   RO         5492    .text               mc_w.l(_chval.o)
    0x0800123c   0x0800123c   0x0000032c   Code   RO         5494    .text               mc_w.l(_scanf.o)
    0x08001568   0x08001568   0x00000000   Code   RO         5498    .text               mc_w.l(iusesemip.o)
    0x08001568   0x08001568   0x00000018   Code   RO         5499    .text               mf_w.l(dfltul.o)
    0x08001580   0x08001580   0x0000001c   Code   RO         5516    .text               cpprt_w.l(ARM_vec_cleanup_noexceptions.o)
    0x0800159c   0x0800159c   0x00000014   Code   RO         4729    i.<Func5>           cpp_ws.l(locale.o)
    0x080015b0   0x080015b0   0x00000002   Code   RO          373    i.BusFault_Handler  stm32f4xx_it.o
    0x080015b2   0x080015b2   0x00000002   PAD
    0x080015b4   0x080015b4   0x0000000c   Code   RO          374    i.DMA1_Stream1_IRQHandler  stm32f4xx_it.o
    0x080015c0   0x080015c0   0x0000000c   Code   RO          375    i.DMA1_Stream2_IRQHandler  stm32f4xx_it.o
    0x080015cc   0x080015cc   0x0000000c   Code   RO          376    i.DMA1_Stream3_IRQHandler  stm32f4xx_it.o
    0x080015d8   0x080015d8   0x0000000c   Code   RO          377    i.DMA1_Stream4_IRQHandler  stm32f4xx_it.o
    0x080015e4   0x080015e4   0x0000000c   Code   RO          378    i.DMA2_Stream0_IRQHandler  stm32f4xx_it.o
    0x080015f0   0x080015f0   0x00000002   Code   RO          379    i.DebugMon_Handler  stm32f4xx_it.o
    0x080015f2   0x080015f2   0x00000002   PAD
    0x080015f4   0x080015f4   0x0000014c   Code   RO         1233    i.HAL_ADC_ConfigChannel  stm32f4xx_hal_adc.o
    0x08001740   0x08001740   0x00000054   Code   RO         1242    i.HAL_ADC_Init      stm32f4xx_hal_adc.o
    0x08001794   0x08001794   0x000000b0   Code   RO          141    i.HAL_ADC_MspInit   adc.o
    0x08001844   0x08001844   0x00000024   Code   RO         3455    i.HAL_DMA_Abort_IT  stm32f4xx_hal_dma.o
    0x08001868   0x08001868   0x000001a0   Code   RO         3459    i.HAL_DMA_IRQHandler  stm32f4xx_hal_dma.o
    0x08001a08   0x08001a08   0x000000d4   Code   RO         3460    i.HAL_DMA_Init      stm32f4xx_hal_dma.o
    0x08001adc   0x08001adc   0x00000024   Code   RO         3933    i.HAL_Delay         stm32f4xx_hal.o
    0x08001b00   0x08001b00   0x000001b0   Code   RO         3338    i.HAL_GPIO_Init     stm32f4xx_hal_gpio.o
    0x08001cb0   0x08001cb0   0x00000008   Code   RO         3341    i.HAL_GPIO_TogglePin  stm32f4xx_hal_gpio.o
    0x08001cb8   0x08001cb8   0x0000000a   Code   RO         3342    i.HAL_GPIO_WritePin  stm32f4xx_hal_gpio.o
    0x08001cc2   0x08001cc2   0x00000002   PAD
    0x08001cc4   0x08001cc4   0x0000000c   Code   RO         3939    i.HAL_GetTick       stm32f4xx_hal.o
    0x08001cd0   0x08001cd0   0x00000010   Code   RO         3943    i.HAL_IncTick       stm32f4xx_hal.o
    0x08001ce0   0x08001ce0   0x00000034   Code   RO         3944    i.HAL_Init          stm32f4xx_hal.o
    0x08001d14   0x08001d14   0x00000040   Code   RO         3945    i.HAL_InitTick      stm32f4xx_hal.o
    0x08001d54   0x08001d54   0x00000084   Code   RO          521    i.HAL_MspInit       stm32f4xx_hal_msp.o
    0x08001dd8   0x08001dd8   0x00000016   Code   RO         3777    i.HAL_NVIC_EnableIRQ  stm32f4xx_hal_cortex.o
    0x08001dee   0x08001dee   0x00000002   PAD
    0x08001df0   0x08001df0   0x00000040   Code   RO         3783    i.HAL_NVIC_SetPriority  stm32f4xx_hal_cortex.o
    0x08001e30   0x08001e30   0x00000024   Code   RO         3784    i.HAL_NVIC_SetPriorityGrouping  stm32f4xx_hal_cortex.o
    0x08001e54   0x08001e54   0x00000130   Code   RO         2940    i.HAL_RCC_ClockConfig  stm32f4xx_hal_rcc.o
    0x08001f84   0x08001f84   0x0000000c   Code   RO         2945    i.HAL_RCC_GetHCLKFreq  stm32f4xx_hal_rcc.o
    0x08001f90   0x08001f90   0x00000020   Code   RO         2947    i.HAL_RCC_GetPCLK1Freq  stm32f4xx_hal_rcc.o
    0x08001fb0   0x08001fb0   0x00000020   Code   RO         2948    i.HAL_RCC_GetPCLK2Freq  stm32f4xx_hal_rcc.o
    0x08001fd0   0x08001fd0   0x00000064   Code   RO         2949    i.HAL_RCC_GetSysClockFreq  stm32f4xx_hal_rcc.o
    0x08002034   0x08002034   0x0000031c   Code   RO         2952    i.HAL_RCC_OscConfig  stm32f4xx_hal_rcc.o
    0x08002350   0x08002350   0x00000018   Code   RO         3786    i.HAL_SYSTICK_CLKSourceConfig  stm32f4xx_hal_cortex.o
    0x08002368   0x08002368   0x00000002   Code   RO         3787    i.HAL_SYSTICK_Callback  stm32f4xx_hal_cortex.o
    0x0800236a   0x0800236a   0x00000028   Code   RO         3788    i.HAL_SYSTICK_Config  stm32f4xx_hal_cortex.o
    0x08002392   0x08002392   0x00000008   Code   RO         3789    i.HAL_SYSTICK_IRQHandler  stm32f4xx_hal_cortex.o
    0x0800239a   0x0800239a   0x00000002   Code   RO         2283    i.HAL_TIMEx_BreakCallback  stm32f4xx_hal_tim_ex.o
    0x0800239c   0x0800239c   0x00000002   Code   RO         2284    i.HAL_TIMEx_CommutationCallback  stm32f4xx_hal_tim_ex.o
    0x0800239e   0x0800239e   0x00000050   Code   RO         2300    i.HAL_TIMEx_MasterConfigSynchronization  stm32f4xx_hal_tim_ex.o
    0x080023ee   0x080023ee   0x00000036   Code   RO         1550    i.HAL_TIM_Base_Init  stm32f4xx_hal_tim.o
    0x08002424   0x08002424   0x00000164   Code   RO          214    i.HAL_TIM_Base_MspInit  tim.o
    0x08002588   0x08002588   0x0000001a   Code   RO         1553    i.HAL_TIM_Base_Start  stm32f4xx_hal_tim.o
    0x080025a2   0x080025a2   0x000000f2   Code   RO         1559    i.HAL_TIM_ConfigClockSource  stm32f4xx_hal_tim.o
    0x08002694   0x08002694   0x00000002   Code   RO         1579    i.HAL_TIM_IC_CaptureCallback  stm32f4xx_hal_tim.o
    0x08002696   0x08002696   0x00000166   Code   RO         1592    i.HAL_TIM_IRQHandler  stm32f4xx_hal_tim.o
    0x080027fc   0x080027fc   0x00000074   Code   RO          215    i.HAL_TIM_MspPostInit  tim.o
    0x08002870   0x08002870   0x00000002   Code   RO         1595    i.HAL_TIM_OC_DelayElapsedCallback  stm32f4xx_hal_tim.o
    0x08002872   0x08002872   0x000000d0   Code   RO         1616    i.HAL_TIM_PWM_ConfigChannel  stm32f4xx_hal_tim.o
    0x08002942   0x08002942   0x00000036   Code   RO         1619    i.HAL_TIM_PWM_Init  stm32f4xx_hal_tim.o
    0x08002978   0x08002978   0x00000002   Code   RO         1621    i.HAL_TIM_PWM_MspInit  stm32f4xx_hal_tim.o
    0x0800297a   0x0800297a   0x00000002   Code   RO         1622    i.HAL_TIM_PWM_PulseFinishedCallback  stm32f4xx_hal_tim.o
    0x0800297c   0x0800297c   0x00000038   Code   RO         1623    i.HAL_TIM_PWM_Start  stm32f4xx_hal_tim.o
    0x080029b4   0x080029b4   0x00000002   Code   RO         1629    i.HAL_TIM_PeriodElapsedCallback  stm32f4xx_hal_tim.o
    0x080029b6   0x080029b6   0x00000002   Code   RO         1633    i.HAL_TIM_TriggerCallback  stm32f4xx_hal_tim.o
    0x080029b8   0x080029b8   0x00000002   Code   RO         2580    i.HAL_UART_ErrorCallback  stm32f4xx_hal_uart.o
    0x080029ba   0x080029ba   0x00000002   PAD
    0x080029bc   0x080029bc   0x00000110   Code   RO         2583    i.HAL_UART_IRQHandler  stm32f4xx_hal_uart.o
    0x08002acc   0x08002acc   0x00000062   Code   RO         2584    i.HAL_UART_Init     stm32f4xx_hal_uart.o
    0x08002b2e   0x08002b2e   0x00000002   PAD
    0x08002b30   0x08002b30   0x00000194   Code   RO          322    i.HAL_UART_MspInit  usart.o
    0x08002cc4   0x08002cc4   0x00000048   Code   RO         2589    i.HAL_UART_Receive_IT  stm32f4xx_hal_uart.o
    0x08002d0c   0x08002d0c   0x00000068   Code   RO          887    i.HAL_UART_RxCpltCallback  main.o
    0x08002d74   0x08002d74   0x00000002   Code   RO         2595    i.HAL_UART_TxCpltCallback  stm32f4xx_hal_uart.o
    0x08002d76   0x08002d76   0x00000002   Code   RO          380    i.HardFault_Handler  stm32f4xx_it.o
    0x08002d78   0x08002d78   0x000000a0   Code   RO          142    i.MX_ADC1_Init      adc.o
    0x08002e18   0x08002e18   0x0000007c   Code   RO          188    i.MX_DMA_Init       dma.o
    0x08002e94   0x08002e94   0x0000016c   Code   RO           13    i.MX_GPIO_Init      gpio.o
    0x08003000   0x08003000   0x00000060   Code   RO          216    i.MX_TIM12_Init     tim.o
    0x08003060   0x08003060   0x00000078   Code   RO          217    i.MX_TIM1_Init      tim.o
    0x080030d8   0x080030d8   0x00000074   Code   RO          218    i.MX_TIM2_Init      tim.o
    0x0800314c   0x0800314c   0x00000074   Code   RO          219    i.MX_TIM3_Init      tim.o
    0x080031c0   0x080031c0   0x000000a8   Code   RO          220    i.MX_TIM4_Init      tim.o
    0x08003268   0x08003268   0x000000a8   Code   RO          221    i.MX_TIM5_Init      tim.o
    0x08003310   0x08003310   0x00000098   Code   RO          224    i.MX_TIM9_Init      tim.o
    0x080033a8   0x080033a8   0x0000004c   Code   RO          323    i.MX_UART4_Init     usart.o
    0x080033f4   0x080033f4   0x00000002   Code   RO          381    i.MemManage_Handler  stm32f4xx_it.o
    0x080033f6   0x080033f6   0x00000002   Code   RO          382    i.NMI_Handler       stm32f4xx_it.o
    0x080033f8   0x080033f8   0x00000002   Code   RO          383    i.PendSV_Handler    stm32f4xx_it.o
    0x080033fa   0x080033fa   0x00000002   Code   RO          384    i.SVC_Handler       stm32f4xx_it.o
    0x080033fc   0x080033fc   0x0000000e   Code   RO          385    i.SysTick_Handler   stm32f4xx_it.o
    0x0800340a   0x0800340a   0x00000002   PAD
    0x0800340c   0x0800340c   0x00000054   Code   RO         4123    i.SystemInit        system_stm32f4xx.o
    0x08003460   0x08003460   0x0000000c   Code   RO          386    i.TIM7_IRQHandler   stm32f4xx_it.o
    0x0800346c   0x0800346c   0x0000001c   Code   RO          387    i.TIM8_BRK_TIM12_IRQHandler  stm32f4xx_it.o
    0x08003488   0x08003488   0x000000c0   Code   RO         1634    i.TIM_Base_SetConfig  stm32f4xx_hal_tim.o
    0x08003548   0x08003548   0x00000016   Code   RO         1635    i.TIM_CCxChannelCmd  stm32f4xx_hal_tim.o
    0x0800355e   0x0800355e   0x00000002   PAD
    0x08003560   0x08003560   0x00000064   Code   RO         1639    i.TIM_OC2_SetConfig  stm32f4xx_hal_tim.o
    0x080035c4   0x080035c4   0x0000000c   Code   RO          388    i.UART4_IRQHandler  stm32f4xx_it.o
    0x080035d0   0x080035d0   0x0000000c   Code   RO          389    i.USART3_IRQHandler  stm32f4xx_it.o
    0x080035dc   0x080035dc   0x00000002   Code   RO          390    i.UsageFault_Handler  stm32f4xx_it.o
    0x080035de   0x080035de   0x00000002   Code   RO          888    i._Error_Handler    main.o
    0x080035e0   0x080035e0   0x000002ac   Code   RO         2598    i._Z14UART_SetConfigP18UART_HandleTypeDef  stm32f4xx_hal_uart.o
    0x0800388c   0x0800388c   0x0000008c   Code   RO         2599    i._Z15UART_Receive_ITP18UART_HandleTypeDef  stm32f4xx_hal_uart.o
    0x08003918   0x08003918   0x00000020   Code   RO         3790    i._Z16NVIC_SetPriority9IRQn_Typej  stm32f4xx_hal_cortex.o
    0x08003938   0x08003938   0x00000062   Code   RO         2600    i._Z16UART_Transmit_ITP18UART_HandleTypeDef  stm32f4xx_hal_uart.o
    0x0800399a   0x0800399a   0x00000014   Code   RO         1641    i._Z17TIM_ETR_SetConfigP11TIM_TypeDefjjj  stm32f4xx_hal_tim.o
    0x080039ae   0x080039ae   0x00000002   PAD
    0x080039b0   0x080039b0   0x00000058   Code   RO         1642    i._Z17TIM_OC1_SetConfigP11TIM_TypeDefP18TIM_OC_InitTypeDef  stm32f4xx_hal_tim.o
    0x08003a08   0x08003a08   0x00000060   Code   RO         1643    i._Z17TIM_OC3_SetConfigP11TIM_TypeDefP18TIM_OC_InitTypeDef  stm32f4xx_hal_tim.o
    0x08003a68   0x08003a68   0x00000050   Code   RO         1644    i._Z17TIM_OC4_SetConfigP11TIM_TypeDefP18TIM_OC_InitTypeDef  stm32f4xx_hal_tim.o
    0x08003ab8   0x08003ab8   0x00000054   Code   RO         3466    i._Z18DMA_CheckFifoParamP19__DMA_HandleTypeDef  stm32f4xx_hal_dma.o
    0x08003b0c   0x08003b0c   0x0000009c   Code   RO          889    i._Z18SystemClock_Configv  main.o
    0x08003ba8   0x08003ba8   0x00000010   Code   RO         1647    i._Z18TIM_ITRx_SetConfigP11TIM_TypeDeft  stm32f4xx_hal_tim.o
    0x08003bb8   0x08003bb8   0x0000001c   Code   RO         2603    i._Z18UART_EndRxTransferP18UART_HandleTypeDef  stm32f4xx_hal_uart.o
    0x08003bd4   0x08003bd4   0x00000010   Code   RO         2606    i._Z20UART_DMAAbortOnErrorP19__DMA_HandleTypeDef  stm32f4xx_hal_uart.o
    0x08003be4   0x08003be4   0x00000028   Code   RO         3467    i._Z23DMA_CalcBaseAndBitshiftP19__DMA_HandleTypeDef  stm32f4xx_hal_dma.o
    0x08003c0c   0x08003c0c   0x00000022   Code   RO         1650    i._Z24TIM_TI1_ConfigInputStageP11TIM_TypeDefjj  stm32f4xx_hal_tim.o
    0x08003c2e   0x08003c2e   0x00000024   Code   RO         1651    i._Z24TIM_TI2_ConfigInputStageP11TIM_TypeDefjj  stm32f4xx_hal_tim.o
    0x08003c52   0x08003c52   0x00000002   PAD
    0x08003c54   0x08003c54   0x00000020   Code   RO         5225    i._Z7catgetsPN4__rw8__rw_catEiiPKc  cpp_ws.l(rwcats.o)
    0x08003c74   0x08003c74   0x00000022   Code   RO         5226    i._Z7catopenPKci    cpp_ws.l(rwcats.o)
    0x08003c96   0x08003c96   0x00000002   PAD
    0x08003c98   0x08003c98   0x00000124   Code   RO         1257    i._Z8ADC_InitP17ADC_HandleTypeDef  stm32f4xx_hal_adc.o
    0x08003dbc   0x08003dbc   0x00000058   Code   RO         4313    i._ZN37_INTERNAL_15_rwstdexcept_cpp_8697b68a4__rw13__rw_vfmatstrEPcjPKcSt9__va_list  cpp_ws.l(rwstdexcept.o)
    0x08003e14   0x08003e14   0x0000014c   Code   RO         4314    i._ZN37_INTERNAL_15_rwstdexcept_cpp_8697b68a4__rw13__rw_vfmatstrEPcjiSt9__va_list  cpp_ws.l(rwstdexcept.o)
    0x08003f60   0x08003f60   0x00000114   Code   RO          546    i._ZN3BUS10FillbufferEP12HeaderPacket  bus.o
    0x08004074   0x08004074   0x00000084   Code   RO          547    i._ZN3BUS11CheckHeaderEP12HeaderPacket  bus.o
    0x080040f8   0x080040f8   0x00000130   Code   RO          548    i._ZN3BUS11VectorCheckEv  bus.o
    0x08004228   0x08004228   0x00000030   Code   RO          549    i._ZN3BUS6HipHopEv  bus.o
    0x08004258   0x08004258   0x00000030   Code   RO          551    i._ZN3BUS7BusInitEv  bus.o
    0x08004288   0x08004288   0x00000064   Code   RO          552    i._ZN3BUS8CheckEndEP12HeaderPacket  bus.o
    0x080042ec   0x080042ec   0x00000028   Code   RO          553    i._ZN3BUS9GetPacketEv  bus.o
    0x08004314   0x08004314   0x00000014   Code   RO          554    i._ZN3BUSC1Ev       bus.o
    0x08004328   0x08004328   0x00000012   Code   RO         1189    i._ZN3BUSD1Ev       variable.o
    0x0800433a   0x0800433a   0x00000002   PAD
    0x0800433c   0x0800433c   0x0000005c   Code   RO         4316    i._ZN4__rw10__rw_throwEiz  cpp_ws.l(rwstdexcept.o)
    0x08004398   0x08004398   0x00000020   Code   RO         4159    i._ZN4__rw13__rw_allocateEji  cpp_ws.l(rwalloc.o)
    0x080043b8   0x080043b8   0x00000004   Code   RO         4160    i._ZN4__rw15__rw_deallocateEPvji  cpp_ws.l(rwalloc.o)
    0x080043bc   0x080043bc   0x00000002   Code   RO         4676    i._ZN4__rw15__rw_facet_base12_C_initfacetERKSt6locale  cpp_ws.l(char.o)
    0x080043be   0x080043be   0x00000002   PAD
    0x080043c0   0x080043c0   0x000000ec   Code   RO         4832    i._ZN4__rw15__rw_locale_impC1EPKcjj  cpp_ws.l(locale.o)
    0x080044ac   0x080044ac   0x0000001a   Code   RO         4870    i._ZN4__rw15__rw_locale_impD1Ev  cpp_ws.l(locale.o)
    0x080044c6   0x080044c6   0x0000003a   Code   RO         4730    i._ZN4__rw21__rw_use_c_lib_localeC1EPKci  cpp_ws.l(locale.o)
    0x08004500   0x08004500   0x00000018   Code   RO         4646    i._ZN4__rw21__rw_use_c_lib_localeD1Ev  cpp_ws.l(char.o)
    0x08004518   0x08004518   0x00000098   Code   RO         5249    i._ZN4__rw25__rw_throw_exception_noexEiPc  cpp_ws.l(rwthrowproc_impl_noex.o)
    0x080045b0   0x080045b0   0x00000030   Code   RO         5229    i._ZN4__rw9__catfindEPNS_8__rw_catE  cpp_ws.l(rwcats.o)
    0x080045e0   0x080045e0   0x00000004   Code   RO         4436    i._ZNKSt14__rw_exception4whatEv  cpp_ws.l(rwstdexcept.o)
    0x080045e4   0x080045e4   0x00000072   Code   RO         4907    i._ZNKSt18__rw_messages_base11_C_cat_openERKSsRKSt6locale  cpp_ws.l(messages.o)
    0x08004656   0x08004656   0x00000020   Code   RO         4910    i._ZNKSt18__rw_messages_base13_C_get_localeEi  cpp_ws.l(messages.o)
    0x08004676   0x08004676   0x00000034   Code   RO         4911    i._ZNKSt18__rw_messages_base14_C_get_messageEiii  cpp_ws.l(messages.o)
    0x080046aa   0x080046aa   0x0000000e   Code   RO         4616    i._ZNKSt5ctypeIcE2isENSt10ctype_base4maskEc  cpp_ws.l(char.o)
    0x080046b8   0x080046b8   0x00000108   Code   RO         4735    i._ZNKSt6locale13_C_make_facetERKNS_2idEbiPFPN4__rw15__rw_facet_baseEiPKcjE  cpp_ws.l(locale.o)
    0x080047c0   0x080047c0   0x00000074   Code   RO         4737    i._ZNKSt6locale16_C_install_facetEPN4__rw15__rw_facet_baseERKNS_2idE  cpp_ws.l(locale.o)
    0x08004834   0x08004834   0x00000030   Code   RO         4738    i._ZNKSt6locale4nameEv  cpp_ws.l(locale.o)
    0x08004864   0x08004864   0x0000000c   Code   RO         4591    i._ZNSt11char_traitsIcE4copyEPcPKcj  cpp_ws.l(char.o)
    0x08004870   0x08004870   0x000000cc   Code   RO         4477    i._ZNSt12ctype_bynameIcE17_C_get_mask_tableEPKc  cpp_ws.l(char.o)
    0x0800493c   0x0800493c   0x00000120   Code   RO         4479    i._ZNSt12ctype_bynameIcEC1EPKcj  cpp_ws.l(char.o)
    0x08004a5c   0x08004a5c   0x0000000e   Code   RO         4723    i._ZNSt12ctype_bynameIcED0Ev  cpp_ws.l(char.o)
    0x08004a6a   0x08004a6a   0x00000008   Code   RO         4720    i._ZNSt12ctype_bynameIcED1Ev  cpp_ws.l(char.o)
    0x08004a72   0x08004a72   0x00000002   PAD
    0x08004a74   0x08004a74   0x00000084   Code   RO         4319    i._ZNSt14__rw_exception10_C_vformatEiSt9__va_list  cpp_ws.l(rwstdexcept.o)
    0x08004af8   0x08004af8   0x00000014   Code   RO         4386    i._ZNSt14__rw_exceptionC1Ev  cpp_ws.l(rwstdexcept.o)
    0x08004b0c   0x08004b0c   0x0000001c   Code   RO         4430    i._ZNSt14__rw_exceptionD1Ev  cpp_ws.l(rwstdexcept.o)
    0x08004b28   0x08004b28   0x00000008   Code   RO         4383    i._ZNSt18__rw_messages_baseD1Ev  cpp_ws.l(rwstdexcept.o)
    0x08004b30   0x08004b30   0x0000001a   Code   RO         4947    i._ZNSt18__rw_open_cat_dataC1Ev  cpp_ws.l(messages.o)
    0x08004b4a   0x08004b4a   0x0000000c   Code   RO         4944    i._ZNSt18__rw_open_cat_dataD1Ev  cpp_ws.l(messages.o)
    0x08004b56   0x08004b56   0x00000012   Code   RO         4950    i._ZNSt18__rw_open_cat_dataaSERKS_  cpp_ws.l(messages.o)
    0x08004b68   0x08004b68   0x000000fa   Code   RO         4481    i._ZNSt5ctypeIcE12_C_initfacetERKSt6locale  cpp_ws.l(char.o)
    0x08004c62   0x08004c62   0x00000002   PAD
    0x08004c64   0x08004c64   0x00000118   Code   RO         4483    i._ZNSt5ctypeIcEC1EPKNSt10ctype_base4maskEbj  cpp_ws.l(char.o)
    0x08004d7c   0x08004d7c   0x0000000e   Code   RO         4619    i._ZNSt5ctypeIcED0Ev  cpp_ws.l(char.o)
    0x08004d8a   0x08004d8a   0x00000002   PAD
    0x08004d8c   0x08004d8c   0x0000002c   Code   RO         4548    i._ZNSt5ctypeIcED1Ev  cpp_ws.l(char.o)
    0x08004db8   0x08004db8   0x0000000e   Code   RO         4427    i._ZNSt6locale5facetD0Ev  cpp_ws.l(rwstdexcept.o)
    0x08004dc6   0x08004dc6   0x00000002   PAD
    0x08004dc8   0x08004dc8   0x00000084   Code   RO         4741    i._ZNSt6locale7_C_initEv  cpp_ws.l(locale.o)
    0x08004e4c   0x08004e4c   0x00000044   Code   RO         4743    i._ZNSt6locale7classicEv  cpp_ws.l(locale.o)
    0x08004e90   0x08004e90   0x00000020   Code   RO         4873    i._ZNSt6localeC1EPN4__rw15__rw_locale_impE  cpp_ws.l(locale.o)
    0x08004eb0   0x08004eb0   0x0000000c   Code   RO         4953    i._ZNSt6localeC1ERKS_  cpp_ws.l(messages.o)
    0x08004ebc   0x08004ebc   0x00000020   Code   RO         4379    i._ZNSt6localeC1Ev  cpp_ws.l(rwstdexcept.o)
    0x08004edc   0x08004edc   0x00000020   Code   RO         4848    i._ZNSt6localeD1Ev  cpp_ws.l(locale.o)
    0x08004efc   0x08004efc   0x00000032   Code   RO         4751    i._ZNSt6localeaSERKS_  cpp_ws.l(locale.o)
    0x08004f2e   0x08004f2e   0x0000000e   Code   RO         4401    i._ZNSt8messagesIcED0Ev  cpp_ws.l(rwstdexcept.o)
    0x08004f3c   0x08004f3c   0x00000010   Code   RO         4370    i._ZNSt8messagesIcED1Ev  cpp_ws.l(rwstdexcept.o)
    0x08004f4c   0x08004f4c   0x0000000c   Code   RO         4982    i._ZNSt9exceptionC1Ev  cpprt_w.l(exception_ctor.o)
    0x08004f58   0x08004f58   0x0000003c   Code   RO         4928    i._ZSt13__rw_get_catsv  cpp_ws.l(messages.o)
    0x08004f94   0x08004f94   0x00000008   Code   RO         4959    i._ZdaPv            cpprt_w.l(array_del.o)
    0x08004f9c   0x08004f9c   0x00000008   Code   RO         4966    i._ZdlPv            cpprt_w.l(delete.o)
    0x08004fa4   0x08004fa4   0x00000008   Code   RO         4962    i._Znaj             cpprt_w.l(array_new.o)
    0x08004fac   0x08004fac   0x00000028   Code   RO         4969    i._Znwj             cpprt_w.l(new.o)
    0x08004fd4   0x08004fd4   0x0000001c   Code   RO         5157    i.__0fprintf        mc_w.l(printfa.o)
    0x08004ff0   0x08004ff0   0x0000002c   Code   RO         5163    i.__0vsnprintf      mc_w.l(printfa.o)
    0x0800501c   0x0800501c   0x00000092   Code   RO         5503    i.__ARM_array_new_general  cpprt_w.l(array_new_general.o)
    0x080050ae   0x080050ae   0x00000010   Code   RO         5355    i.__aeabi_vec_dtor_cookie  cpprt_w.l(aeabi_vec_dtor_cookie.o)
    0x080050be   0x080050be   0x00000014   Code   RO         5352    i.__aeabi_vec_new_cookie  cpprt_w.l(aeabi_vec_new_cookie.o)
    0x080050d2   0x080050d2   0x00000010   Code   RO         5330    i.__cxa_guard_acquire  cpprt_w.l(cxa_guard_acquire.o)
    0x080050e2   0x080050e2   0x00000002   PAD
    0x080050e4   0x080050e4   0x00000018   Code   RO         5467    i.__cxa_vec_new     cpprt_w.l(cxa_vec_new.o)
    0x080050fc   0x080050fc   0x0000000e   Code   RO         5529    i.__scatterload_copy  mc_w.l(handlers.o)
    0x0800510a   0x0800510a   0x00000002   Code   RO         5530    i.__scatterload_null  mc_w.l(handlers.o)
    0x0800510c   0x0800510c   0x0000000e   Code   RO         5531    i.__scatterload_zeroinit  mc_w.l(handlers.o)
    0x0800511a   0x0800511a   0x00000002   PAD
    0x0800511c   0x0800511c   0x00000010   Code   RO         4752    i.__sti___10_locale_cpp_ff99fc7b  cpp_ws.l(locale.o)
    0x0800512c   0x0800512c   0x00000038   Code   RO         5230    i.__sti___10_rwcats_cpp_64e8068e  cpp_ws.l(rwcats.o)
    0x08005164   0x08005164   0x00000038   Code   RO         1138    i.__sti___10_variable_c_bus  variable.o
    0x0800519c   0x0800519c   0x00000010   Code   RO         4485    i.__sti___8_char_cpp_a3dc957a  cpp_ws.l(char.o)
    0x080051ac   0x080051ac   0x0000001c   Code   RO          981    i.__sti___9_MOTOR_cpp_motor1  motor.o
    0x080051c8   0x080051c8   0x00000184   Code   RO         5165    i._fp_digits        mc_w.l(printfa.o)
    0x0800534c   0x0800534c   0x0000000e   Code   RO         5446    i._is_digit         mc_w.l(scanf_fp.o)
    0x0800535a   0x0800535a   0x00000002   PAD
    0x0800535c   0x0800535c   0x000006dc   Code   RO         5166    i._printf_core      mc_w.l(printfa.o)
    0x08005a38   0x08005a38   0x00000024   Code   RO         5167    i._printf_post_padding  mc_w.l(printfa.o)
    0x08005a5c   0x08005a5c   0x0000002e   Code   RO         5168    i._printf_pre_padding  mc_w.l(printfa.o)
    0x08005a8a   0x08005a8a   0x00000016   Code   RO         5169    i._snputc           mc_w.l(printfa.o)
    0x08005aa0   0x08005aa0   0x00000012   Code   RO         5379    i.fputc             mc_w.l(fputc.o)
    0x08005ab2   0x08005ab2   0x00000002   PAD
    0x08005ab4   0x08005ab4   0x00000050   Code   RO         5185    i.free              mc_w.l(malloc.o)
    0x08005b04   0x08005b04   0x00000200   Code   RO          890    i.main              main.o
    0x08005d04   0x08005d04   0x0000006c   Code   RO         5186    i.malloc            mc_w.l(malloc.o)
    0x08005d70   0x08005d70   0x00000014   Code   RO         4600    t._ZN4__rw12__string_refIcSt11char_traitsIcESaIcEE10_C_inc_refEv  cpp_ws.l(char.o)
    0x08005d84   0x08005d84   0x00000046   Code   RO         4392    t._ZN4__rw16__rw_facet_makerISt5ctypeIcEE13_C_maker_funcEiPKcj  cpp_ws.l(rwstdexcept.o)
    0x08005dca   0x08005dca   0x00000056   Code   RO         4851    t._ZN4__rw18__rw_locale_vectorIPNS_15__rw_facet_baseEE6resizeEjRKS2_  cpp_ws.l(locale.o)
    0x08005e20   0x08005e20   0x0000000e   Code   RO         4863    t._ZN4__rw18__rw_locale_vectorIPNS_15__rw_facet_baseEED1Ev  cpp_ws.l(locale.o)
    0x08005e2e   0x08005e2e   0x0000000e   Code   RO         5246    t._ZN4__rw18__rw_locale_vectorIPNS_8__rw_catEED1Ev  cpp_ws.l(rwcats.o)
    0x08005e3c   0x08005e3c   0x00000014   Code   RO         4866    t._ZN4__rw18__rw_locale_vectorISsED1Ev  cpp_ws.l(locale.o)
    0x08005e50   0x08005e50   0x00000088   Code   RO         4934    t._ZN4__rw18__rw_locale_vectorISt18__rw_open_cat_dataE6resizeEj  cpp_ws.l(messages.o)
    0x08005ed8   0x08005ed8   0x00000014   Code   RO         4940    t._ZN4__rw18__rw_locale_vectorISt18__rw_open_cat_dataED1Ev  cpp_ws.l(messages.o)
    0x08005eec   0x08005eec   0x00000090   Code   RO         4364    t._ZNKSt8messagesIcE6do_getEiiiRKSs  cpp_ws.l(rwstdexcept.o)
    0x08005f7c   0x08005f7c   0x00000006   Code   RO         4389    t._ZNKSt8messagesIcE7do_openERKSsRKSt6locale  cpp_ws.l(rwstdexcept.o)
    0x08005f82   0x08005f82   0x00000032   Code   RO         4820    t._ZNSs11_C_allocateEjjj  cpp_ws.l(locale.o)
    0x08005fb4   0x08005fb4   0x00000018   Code   RO         4860    t._ZNSs7replaceEjjPKcj  cpp_ws.l(locale.o)
    0x08005fcc   0x08005fcc   0x00000168   Code   RO         4538    t._ZNSs7replaceEjjPKcjjj  cpp_ws.l(char.o)
    0x08006134   0x08006134   0x00000074   Code   RO         4526    t._ZNSs9_C_getRepEjj  cpp_ws.l(char.o)
    0x080061a8   0x080061a8   0x00000048   Code   RO         4535    t._ZNSs9_C_unlinkEv  cpp_ws.l(char.o)
    0x080061f0   0x080061f0   0x00000038   Code   RO         4823    t._ZNSsC1EPKcRKSaIcE  cpp_ws.l(locale.o)
    0x08006228   0x08006228   0x00000010   Code   RO         4857    t._ZNSsC1ERKSaIcE   cpp_ws.l(locale.o)
    0x08006238   0x08006238   0x0000003e   Code   RO         4529    t._ZNSsC1ERKSs      cpp_ws.l(char.o)
    0x08006276   0x08006276   0x0000000c   Code   RO         4609    t._ZNSsD1Ev         cpp_ws.l(char.o)
    0x08006282   0x08006282   0x00000002   PAD
    0x08006284   0x08006284   0x0000004c   Code   RO         4829    t._ZNSsaSEPKc       cpp_ws.l(locale.o)
    0x080062d0   0x080062d0   0x0000003e   Code   RO         4826    t._ZNSsaSERKSs      cpp_ws.l(locale.o)
    0x0800630e   0x0800630e   0x00000118   Code   RO          613    t._ZNSt6vectorIcSaIcEE13_C_insert_auxEPcjRKc  bus.o
    0x08006426   0x08006426   0x00000002   PAD
    0x08006428   0x08006428   0x00000028   Code   RO          625    t._ZNSt6vectorIcSaIcEE2atEj  bus.o
    0x08006450   0x08006450   0x0000000a   Code   RO          619    t._ZNSt6vectorIcSaIcEEC1ERKS0_  bus.o
    0x0800645a   0x0800645a   0x00000020   Code   RO         1192    t._ZNSt6vectorIcSaIcEED1Ev  variable.o
    0x0800647a   0x0800647a   0x00000016   Code   RO          631    t._ZSt18uninitialized_copyIPcS0_SaIcEET0_T_S3_S2_RT1_  bus.o
    0x08006490   0x08006490   0x00000014   Code   RO          637    t._ZSt20uninitialized_fill_nIPcjcSaIcEEvT_T0_RKT1_RT2_  bus.o
    0x080064a4   0x080064a4   0x0000000c   Code   RO         4603    t._ZSt3maxIjERKT_S2_S2_  cpp_ws.l(char.o)
    0x080064b0   0x080064b0   0x00000008   Data   RO         3484    .constdata          stm32f4xx_hal_dma.o
    0x080064b8   0x080064b8   0x00000010   Data   RO         4126    .constdata          system_stm32f4xx.o
    0x080064c8   0x080064c8   0x00000008   Data   RO         4127    .constdata          system_stm32f4xx.o
    0x080064d0   0x080064d0   0x0000005c   Data   RO         4339    .constdata          cpp_ws.l(rwstdexcept.o)
    0x0800652c   0x0800652c   0x00000200   Data   RO         4505    .constdata          cpp_ws.l(char.o)
    0x0800672c   0x0800672c   0x00000081   Data   RO         5385    .constdata          mc_w.l(ctype_o.o)
    0x080067ad   0x080067ad   0x00000003   PAD
    0x080067b0   0x080067b0   0x00000004   Data   RO         5386    .constdata          mc_w.l(ctype_o.o)
    0x080067b4   0x080067b4   0x00000014   Data   RO         4415    .constdata__ZTVNSt6locale5facetE  cpp_ws.l(rwstdexcept.o)
    0x080067c8   0x080067c8   0x00000034   Data   RO         4687    .constdata__ZTVSt12ctype_bynameIcE  cpp_ws.l(char.o)
    0x080067fc   0x080067fc   0x00000014   Data   RO         4417    .constdata__ZTVSt14__rw_exception  cpp_ws.l(rwstdexcept.o)
    0x08006810   0x08006810   0x00000034   Data   RO         4516    .constdata__ZTVSt5ctypeIcE  cpp_ws.l(char.o)
    0x08006844   0x08006844   0x00000020   Data   RO         4352    .constdata__ZTVSt8messagesIcE  cpp_ws.l(rwstdexcept.o)
    0x08006864   0x08006864   0x00000014   Data   RO         4992    .constdata__ZTVSt9exception  cpprt_w.l(exception_dtor.o)
    0x08006878   0x08006878   0x00000001   Data   RO         4817    .constdata__ZZNK4__rw15__rw_locale_imp16_C_category_nameEiEs  cpp_ws.l(locale.o)
    0x08006879   0x08006879   0x00000001   Data   RO         4524    .constdata__ZZNSs7replaceEjjPKcjjjEs  cpp_ws.l(char.o)
    0x0800687a   0x0800687a   0x00000001   Data   RO         4525    .constdata__ZZNSs9_C_getRepEjjEs  cpp_ws.l(char.o)
    0x0800687b   0x0800687b   0x00000001   Data   RO          612    .constdata__ZZNSt6vectorIcSaIcEE2atEjEs  bus.o
    0x0800687c   0x0800687c   0x00000002   Data   RO         4353    .constdata__ZZNSt8messagesIcEC1EjEs  cpp_ws.l(rwstdexcept.o)
    0x0800687e   0x0800687e   0x00000002   PAD
    0x08006880   0x08006880   0x00000272   Data   RO         4340    .conststring        cpp_ws.l(rwstdexcept.o)
    0x08006af2   0x08006af2   0x00000002   PAD
    0x08006af4   0x08006af4   0x00000020   Data   RO         5528    Region$$Table       anon$$obj.o
    0x08006b14   0x08006b14   0x00000004   Data   RO         1001    .init_array         motor.o
    0x08006b18   0x08006b14   0x00000004   Data   RO         1173    .init_array         variable.o
    0x08006b1c   0x08006b14   0x00000000   Data   RO         4451    .init_array         mc_w.l(cpp_init.o)
    0x08006b1c   0x08006b14   0x00000004   Data   RO         4507    .init_array         cpp_ws.l(char.o)
    0x08006b20   0x08006b14   0x00000004   Data   RO         4800    .init_array         cpp_ws.l(locale.o)
    0x08006b24   0x08006b14   0x00000004   Data   RO         5240    .init_array         cpp_ws.l(rwcats.o)


    Execution Region RW_IRAM1 (Exec base: 0x20000000, Load base: 0x08006b28, Size: 0x00000d78, Max: 0x00020000, ABSOLUTE)

    Exec Addr    Load Addr    Size         Type   Attr      Idx    E Section Name        Object

    0x20000000   0x08006b28   0x00000004   Data   RW         1145    .data               variable.o
    0x20000004   0x08006b2c   0x00000004   Data   RW         1146    .data               variable.o
    0x20000008   0x08006b30   0x00000004   Data   RW         1147    .data               variable.o
    0x2000000c   0x08006b34   0x00000004   Data   RW         1148    .data               variable.o
    0x20000010   0x08006b38   0x00000004   Data   RW         1149    .data               variable.o
    0x20000014   0x08006b3c   0x00000004   Data   RW         1150    .data               variable.o
    0x20000018   0x08006b40   0x00000004   Data   RW         1151    .data               variable.o
    0x2000001c   0x08006b44   0x00000004   Data   RW         1152    .data               variable.o
    0x20000020   0x08006b48   0x00000004   Data   RW         1153    .data               variable.o
    0x20000024   0x08006b4c   0x00000004   Data   RW         1154    .data               variable.o
    0x20000028   0x08006b50   0x00000004   Data   RW         1155    .data               variable.o
    0x2000002c   0x08006b54   0x00000004   Data   RW         1156    .data               variable.o
    0x20000030   0x08006b58   0x00000004   Data   RW         1157    .data               variable.o
    0x20000034   0x08006b5c   0x00000004   Data   RW         1158    .data               variable.o
    0x20000038   0x08006b60   0x00000004   Data   RW         1159    .data               variable.o
    0x2000003c   0x08006b64   0x00000004   Data   RW         1160    .data               variable.o
    0x20000040   0x08006b68   0x00000004   Data   RW         1162    .data               variable.o
    0x20000044   0x08006b6c   0x00000004   Data   RW         1163    .data               variable.o
    0x20000048   0x08006b70   0x00000004   Data   RW         1164    .data               variable.o
    0x2000004c   0x08006b74   0x00000004   Data   RW         1165    .data               variable.o
    0x20000050   0x08006b78   0x00000004   Data   RW         1166    .data               variable.o
    0x20000054   0x08006b7c   0x00000004   Data   RW         1167    .data               variable.o
    0x20000058   0x08006b80   0x00000004   Data   RW         1168    .data               variable.o
    0x2000005c   0x08006b84   0x00000004   Data   RW         1170    .data               variable.o
    0x20000060   0x08006b88   0x00000001   Data   RW         1172    .data               variable.o
    0x20000061   0x08006b89   0x00000003   PAD
    0x20000064   0x08006b8c   0x0000000c   Data   RW         3976    .data               stm32f4xx_hal.o
    0x20000070   0x08006b98   0x00000004   Data   RW         4128    .data               system_stm32f4xx.o
    0x20000074   0x08006b9c   0x00000017   Data   RW         4341    .data               cpp_ws.l(rwstdexcept.o)
    0x2000008b   0x08006bb3   0x00000001   PAD
    0x2000008c   0x08006bb4   0x00000008   Data   RW         4506    .data               cpp_ws.l(char.o)
    0x20000094   0x08006bbc   0x0000001c   Data   RW         4799    .data               cpp_ws.l(locale.o)
    0x200000b0   0x08006bd8   0x00000004   Data   RW         4958    .data               cpp_ws.l(rwthrowproc_noex.o)
    0x200000b4   0x08006bdc   0x00000004   Data   RW         5130    .data               mc_w.l(stderr.o)
    0x200000b8   0x08006be0   0x00000004   Data   RW         5217    .data               mc_w.l(cpp_dtor.o)
    0x200000bc   0x08006be4   0x00000008   Data   RW         5239    .data               cpp_ws.l(rwcats.o)
    0x200000c4   0x08006bec   0x00000004   Data   RW         5436    .data               mc_w.l(mvars.o)
    0x200000c8   0x08006bf0   0x00000004   Data   RW         5437    .data               mc_w.l(mvars.o)
    0x200000cc   0x08006bf4   0x0000000c   Data   RW         5455    .data               mc_w.l(cpp_memory.o)
    0x200000d8   0x08006c00   0x00000004   Data   RW         4900    .data__ZZNKSt6locale2id7_C_initEvE9_C_id_gen  cpp_ws.l(locale.o)
    0x200000dc   0x08006c04   0x0000000c   Data   RW         4956    .data__ZZSt13__rw_get_catsvE11__open_cats  cpp_ws.l(messages.o)
    0x200000e8        -       0x000000a8   Zero   RW          146    .bss                adc.o
    0x20000190        -       0x0000021c   Zero   RW          237    .bss                tim.o
    0x200003ac        -       0x00000200   Zero   RW          329    .bss                usart.o
    0x200005ac        -       0x000000e4   Zero   RW         1000    .bss                motor.o
    0x20000690        -       0x0000008c   Zero   RW         1140    .bss                variable.o
    0x2000071c        -       0x00000024   Zero   RW         1142    .bss                variable.o
    0x20000740        -       0x0000000c   Zero   RW         1143    .bss                variable.o
    0x2000074c   0x08006c10   0x00000004   PAD
    0x20000750        -       0x00000018   Zero   RW         4338    .bss                cpp_ws.l(rwstdexcept.o)
    0x20000768        -       0x00000010   Zero   RW         5313    .bss__ZNSs9__nullrefE  cpp_ws.l(vendor.o)
    0x20000778        -       0x00000200   Zero   RW            2    HEAP                startup_stm32f407xx.o
    0x20000978        -       0x00000400   Zero   RW            1    STACK               startup_stm32f407xx.o


==============================================================================

Image component sizes


      Code (inc. data)   RO Data    RW Data    ZI Data      Debug   Object Name

       336         74          0          0        168       1899   adc.o
      1340        188          1          0          0      25441   bus.o
       124          4          0          0          0        902   dma.o
       364         28          0          0          0     694923   gpio.o
       774        120          0          0          0       4003   main.o
        28          6          4          0        228       5067   motor.o
        36          8        392          0       1536        864   startup_stm32f407xx.o
       180         28          0         12          0       4805   stm32f4xx_hal.o
       708         28          0          0          0       3011   stm32f4xx_hal_adc.o
       228         14          0          0          0      32405   stm32f4xx_hal_cortex.o
       788         16          8          0          0       4931   stm32f4xx_hal_dma.o
       450         44          0          0          0       3181   stm32f4xx_hal_gpio.o
       132          6          0          0          0        990   stm32f4xx_hal_msp.o
      1276         86          0          0          0       5848   stm32f4xx_hal_rcc.o
      1694         88          0          0          0      17573   stm32f4xx_hal_tim.o
        84          0          0          0          0       2550   stm32f4xx_hal_tim_ex.o
      1412         14          0          0          0       8035   stm32f4xx_hal_uart.o
       154         58          0          0          0       8869   stm32f4xx_it.o
        84         18         24          4          0       1271   system_stm32f4xx.o
      1408        248          0          0        540       7068   tim.o
       480         72          0          0        512       2297   usart.o
       106         14          4         97        188       6126   variable.o

    ----------------------------------------------------------------------
     12210       1162        465        116       3176     842059   Object Totals
         0          0         32          0          0          0   (incl. Generated)
        24          0          0          3          4          0   (incl. Padding)

    ----------------------------------------------------------------------

      Code (inc. data)   RO Data    RW Data    ZI Data      Debug   Library Member Name

      1824         74        622          8          0       1552   char.o
      1502         80          5         32          0       1760   locale.o
       482         34          0         12          0        784   messages.o
        36          0          0          0          0        144   rwalloc.o
       184         24          4          8          0        400   rwcats.o
      1000         68        792         23         24       1220   rwstdexcept.o
       152         94          0          0          0         72   rwthrowproc_impl_noex.o
         0          0          0          4          0          0   rwthrowproc_noex.o
         0          0          0          0         16          0   vendor.o
        28          0          0          0          0         84   ARM_vec_cleanup_noexceptions.o
        14          0          0          0          0         80   aeabi_vec_delete_noexceptions.o
        16          0          0          0          0         68   aeabi_vec_dtor_cookie.o
        34          0          0          0          0         84   aeabi_vec_dtor_noexceptions.o
        20          0          0          0          0         80   aeabi_vec_new_cookie.o
        80         12          0          0          0        104   arm_exceptions_globs.o
        60          0          0          0          0        108   arm_exceptions_mem.o
        26          0          0          0          0         76   arm_exceptions_terminate.o
         4          0          0          0          0         68   arm_newhandler_noexceptions.o
         2          0          0          0          0         68   arm_rethrow_noexceptions.o
         8          0          0          0          0         76   array_del.o
         8          0          0          0          0         76   array_new.o
       146          0          0          0          0         96   array_new_general.o
        16          0          0          0          0         68   cxa_guard_acquire.o
        24          6          0          0          0         84   cxa_vec_new.o
         8          0          0          0          0         76   delete.o
        12          6          0          0          0         68   exception_ctor.o
         0          0         20          0          0          0   exception_dtor.o
        40          6          0          0          0         76   new.o
        28          0          0          0          0         68   _chval.o
       812          4          0          0          0        112   _scanf.o
       332          0          0          0          0         96   _scanf_int.o
       342          0          0          0          0        100   _scanf_longlong.o
       224          0          0          0          0         96   _scanf_str.o
        64          0          0          0          0         84   _sgetc.o
        46          0          0          0          0         84   aeabi_atexit.o
         8          4          0          4          0         68   cpp_dtor.o
         2          0          0          0          0         68   cpp_final.o
        32         10          0          0          0         80   cpp_init.o
        20          4          0         12          0        136   cpp_memory.o
         8          4        133          0          0         68   ctype_o.o
        66          0          0          0          0         84   cxa_finalize.o
         0          0          0          0          0          0   entry.o
         0          0          0          0          0          0   entry10a.o
         4          0          0          0          0          0   entry10b.o
         0          0          0          0          0          0   entry11a.o
         8          4          0          0          0          0   entry2.o
         4          0          0          0          0          0   entry5.o
         0          0          0          0          0          0   entry7b.o
         4          0          0          0          0          0   entry8a.o
         0          0          0          0          0          0   entry8b.o
         8          4          0          0          0          0   entry9a.o
        18          0          0          0          0         80   fputc.o
        30          0          0          0          0          0   handlers.o
        36          8          0          0          0         68   init.o
        18          0          0          0          0         76   isspace_o.o
         0          0          0          0          0          0   iusefp.o
         0          0          0          0          0          0   iusesemip.o
        30          0          0          0          0         68   llshl.o
        36          0          0          0          0         68   llsshr.o
        32          0          0          0          0         68   llushr.o
       188         20          0          0          0        160   malloc.o
        66          0          0          0          0         76   memmove.o
         0          0          0          8          0          0   mvars.o
      2320         90          0          0          0        600   printfa.o
        40          8          0          0          0         84   scanf_char.o
       878         12          0          0          0        216   scanf_fp.o
         0          0          0          0          0          0   semi.o
        56          8          0          0          0         84   sscanf.o
         0          0          0          4          0          0   stderr.o
        24          0          0          0          0         68   strcat.o
        28          0          0          0          0         76   strcmp.o
        18          0          0          0          0         68   strcpy.o
        14          0          0          0          0         68   strlen.o
        32          0          0          0          0         68   strrchr.o
        44          0          0          0          0         80   uidiv.o
        98          0          0          0          0         92   uldiv.o
        48          0          0          0          0         68   cdrcmple.o
        56          0          0          0          0         88   d2f.o
       334          0          0          0          0        148   dadd.o
       222          0          0          0          0        100   ddiv.o
       186          0          0          0          0        176   depilogue.o
        62          0          0          0          0         80   dfixi.o
        50          0          0          0          0         76   dfixui.o
        48          0          0          0          0         68   dfixul.o
        34          0          0          0          0         76   dflti.o
        24          0          0          0          0         76   dfltul.o
       228          0          0          0          0         96   dmul.o
       110          0          0          0          0        168   fepilogue.o

    ----------------------------------------------------------------------
     13174        584       1583        116         40      11904   Library Totals
        28          0          7          1          0          0   (incl. Padding)

    ----------------------------------------------------------------------

      Code (inc. data)   RO Data    RW Data    ZI Data      Debug   Library Name

      5180        374       1423         87         40       5932   cpp_ws.l
       546         30         20          0          0       1440   cpprt_w.l
      6018        180        133         28          0       3312   mc_w.l
      1402          0          0          0          0       1220   mf_w.l

    ----------------------------------------------------------------------
     13174        584       1583        116         40      11904   Library Totals

    ----------------------------------------------------------------------

==============================================================================


      Code (inc. data)   RO Data    RW Data    ZI Data      Debug   

     25384       1746       2048        232       3216     835335   Grand Totals
     25384       1746       2048        232       3216     835335   ELF Image Totals
     25384       1746       2048        232          0          0   ROM Totals

==============================================================================

    Total RO  Size (Code + RO Data)                27432 (  26.79kB)
    Total RW  Size (RW Data + ZI Data)              3448 (   3.37kB)
    Total ROM Size (Code + RO Data + RW Data)      27664 (  27.02kB)

==============================================================================

