Component: ARM Compiler 5.06 update 6 (build 750) Tool: armlink [4d35ed]

==============================================================================

Section Cross References

    system_stm32f4xx.o(i.SystemCoreClockUpdate) refers to system_stm32f4xx.o(.data) for .data
    system_stm32f4xx.o(i.SystemCoreClockUpdate) refers to system_stm32f4xx.o(.constdata) for .constdata
    stm32f4xx_hal_flash.o(i.FLASH_SetErrorCode) refers to stm32f4xx_hal_flash.o(.bss) for .bss
    stm32f4xx_hal_flash.o(i.FLASH_WaitForLastOperation) refers to stm32f4xx_hal.o(i.HAL_GetTick) for HAL_GetTick
    stm32f4xx_hal_flash.o(i.FLASH_WaitForLastOperation) refers to stm32f4xx_hal_flash.o(i.FLASH_SetErrorCode) for FLASH_SetErrorCode
    stm32f4xx_hal_flash.o(i.FLASH_WaitForLastOperation) refers to stm32f4xx_hal_flash.o(.bss) for .bss
    stm32f4xx_hal_flash.o(i.HAL_FLASH_GetError) refers to stm32f4xx_hal_flash.o(.bss) for .bss
    stm32f4xx_hal_flash.o(i.HAL_FLASH_IRQHandler) refers to stm32f4xx_hal_flash.o(i.FLASH_SetErrorCode) for FLASH_SetErrorCode
    stm32f4xx_hal_flash.o(i.HAL_FLASH_IRQHandler) refers to stm32f4xx_hal_flash.o(i.HAL_FLASH_OperationErrorCallback) for HAL_FLASH_OperationErrorCallback
    stm32f4xx_hal_flash.o(i.HAL_FLASH_IRQHandler) refers to stm32f4xx_hal_flash.o(i.HAL_FLASH_EndOfOperationCallback) for HAL_FLASH_EndOfOperationCallback
    stm32f4xx_hal_flash.o(i.HAL_FLASH_IRQHandler) refers to stm32f4xx_hal_flash_ex.o(i.FLASH_Erase_Sector) for FLASH_Erase_Sector
    stm32f4xx_hal_flash.o(i.HAL_FLASH_IRQHandler) refers to stm32f4xx_hal_flash_ex.o(i.FLASH_FlushCaches) for FLASH_FlushCaches
    stm32f4xx_hal_flash.o(i.HAL_FLASH_IRQHandler) refers to stm32f4xx_hal_flash.o(.bss) for .bss
    stm32f4xx_hal_flash.o(i.HAL_FLASH_OB_Launch) refers to stm32f4xx_hal_flash.o(i.FLASH_WaitForLastOperation) for FLASH_WaitForLastOperation
    stm32f4xx_hal_flash.o(i.HAL_FLASH_Program) refers to stm32f4xx_hal_flash.o(i.FLASH_WaitForLastOperation) for FLASH_WaitForLastOperation
    stm32f4xx_hal_flash.o(i.HAL_FLASH_Program) refers to stm32f4xx_hal_flash.o(i.FLASH_Program_DoubleWord) for FLASH_Program_DoubleWord
    stm32f4xx_hal_flash.o(i.HAL_FLASH_Program) refers to stm32f4xx_hal_flash.o(i.FLASH_Program_Byte) for FLASH_Program_Byte
    stm32f4xx_hal_flash.o(i.HAL_FLASH_Program) refers to stm32f4xx_hal_flash.o(i.FLASH_Program_HalfWord) for FLASH_Program_HalfWord
    stm32f4xx_hal_flash.o(i.HAL_FLASH_Program) refers to stm32f4xx_hal_flash.o(i.FLASH_Program_Word) for FLASH_Program_Word
    stm32f4xx_hal_flash.o(i.HAL_FLASH_Program) refers to stm32f4xx_hal_flash.o(.bss) for .bss
    stm32f4xx_hal_flash.o(i.HAL_FLASH_Program_IT) refers to stm32f4xx_hal_flash.o(i.FLASH_Program_DoubleWord) for FLASH_Program_DoubleWord
    stm32f4xx_hal_flash.o(i.HAL_FLASH_Program_IT) refers to stm32f4xx_hal_flash.o(i.FLASH_Program_Byte) for FLASH_Program_Byte
    stm32f4xx_hal_flash.o(i.HAL_FLASH_Program_IT) refers to stm32f4xx_hal_flash.o(i.FLASH_Program_HalfWord) for FLASH_Program_HalfWord
    stm32f4xx_hal_flash.o(i.HAL_FLASH_Program_IT) refers to stm32f4xx_hal_flash.o(i.FLASH_Program_Word) for FLASH_Program_Word
    stm32f4xx_hal_flash.o(i.HAL_FLASH_Program_IT) refers to stm32f4xx_hal_flash.o(.bss) for .bss
    stm32f4xx_hal.o(i.HAL_DeInit) refers to stm32f4xx_hal.o(i.HAL_MspDeInit) for HAL_MspDeInit
    stm32f4xx_hal.o(i.HAL_Delay) refers to stm32f4xx_hal.o(i.HAL_GetTick) for HAL_GetTick
    stm32f4xx_hal.o(i.HAL_GetTick) refers to stm32f4xx_hal.o(.data) for .data
    stm32f4xx_hal.o(i.HAL_IncTick) refers to stm32f4xx_hal.o(.data) for .data
    stm32f4xx_hal.o(i.HAL_Init) refers to stm32f4xx_hal_cortex.o(i.HAL_NVIC_SetPriorityGrouping) for HAL_NVIC_SetPriorityGrouping
    stm32f4xx_hal.o(i.HAL_Init) refers to stm32f4xx_hal.o(i.HAL_InitTick) for HAL_InitTick
    stm32f4xx_hal.o(i.HAL_Init) refers to stm32f4xx_hal_msp.o(i.HAL_MspInit) for HAL_MspInit
    stm32f4xx_hal.o(i.HAL_InitTick) refers to stm32f4xx_hal_cortex.o(i.HAL_SYSTICK_Config) for HAL_SYSTICK_Config
    stm32f4xx_hal.o(i.HAL_InitTick) refers to stm32f4xx_hal_cortex.o(i.HAL_NVIC_SetPriority) for HAL_NVIC_SetPriority
    stm32f4xx_hal.o(i.HAL_InitTick) refers to system_stm32f4xx.o(.data) for SystemCoreClock
    stm32f4xx_hal_pwr_ex.o(i.HAL_PWREx_ControlVoltageScaling) refers to stm32f4xx_hal.o(i.HAL_GetTick) for HAL_GetTick
    stm32f4xx_hal_pwr_ex.o(i.HAL_PWREx_DisableBkUpReg) refers to stm32f4xx_hal.o(i.HAL_GetTick) for HAL_GetTick
    stm32f4xx_hal_pwr_ex.o(i.HAL_PWREx_EnableBkUpReg) refers to stm32f4xx_hal.o(i.HAL_GetTick) for HAL_GetTick
    stm32f4xx_hal_cortex.o(i.HAL_NVIC_SetPriority) refers to stm32f4xx_hal_cortex.o(i.NVIC_SetPriority) for NVIC_SetPriority
    stm32f4xx_hal_cortex.o(i.HAL_SYSTICK_Config) refers to stm32f4xx_hal_cortex.o(i.NVIC_SetPriority) for NVIC_SetPriority
    stm32f4xx_hal_cortex.o(i.HAL_SYSTICK_IRQHandler) refers to stm32f4xx_hal_cortex.o(i.HAL_SYSTICK_Callback) for HAL_SYSTICK_Callback
[...]
    Removing stm32f4xx_hal_flash_ex.o(i.HAL_FLASHEx_Erase_IT), (104 bytes).
    Removing stm32f4xx_hal_flash_ex.o(i.HAL_FLASHEx_OBGetConfig), (64 bytes).
    Removing stm32f4xx_hal_flash_ex.o(i.HAL_FLASHEx_OBProgram), (204 bytes).
    Removing stm32f4xx_hal_dma_ex.o(.rev16_text), (4 bytes).
    Removing stm32f4xx_hal_dma_ex.o(.revsh_text), (4 bytes).
    Removing stm32f4xx_hal_dma_ex.o(.rrx_text), (6 bytes).
    Removing stm32f4xx_hal_dma_ex.o(i.DMA_MultiBufferSetConfig), (30 bytes).
    Removing stm32f4xx_hal_dma_ex.o(i.HAL_DMAEx_ChangeMemory), (14 bytes).
    Removing stm32f4xx_hal_dma_ex.o(i.HAL_DMAEx_MultiBufferStart), (100 bytes).
    Removing stm32f4xx_hal_dma_ex.o(i.HAL_DMAEx_MultiBufferStart_IT), (2452 bytes).
    Removing stm32f4xx_hal_uart.o(.rev16_text), (4 bytes).
    Removing stm32f4xx_hal_uart.o(.revsh_text), (4 bytes).
    Removing stm32f4xx_hal_uart.o(.rrx_text), (6 bytes).
    Removing stm32f4xx_hal_uart.o(i.HAL_HalfDuplex_EnableReceiver), (50 bytes).
    Removing stm32f4xx_hal_uart.o(i.HAL_HalfDuplex_EnableTransmitter), (50 bytes).
    Removing stm32f4xx_hal_uart.o(i.HAL_HalfDuplex_Init), (108 bytes).
    Removing stm32f4xx_hal_uart.o(i.HAL_LIN_Init), (128 bytes).
    Removing stm32f4xx_hal_uart.o(i.HAL_LIN_SendBreak), (46 bytes).
    Removing stm32f4xx_hal_uart.o(i.HAL_MultiProcessor_EnterMuteMode), (46 bytes).
    Removing stm32f4xx_hal_uart.o(i.HAL_MultiProcessor_ExitMuteMode), (46 bytes).
    Removing stm32f4xx_hal_uart.o(i.HAL_MultiProcessor_Init), (142 bytes).
    Removing stm32f4xx_hal_uart.o(i.HAL_UART_Abort), (104 bytes).
    Removing stm32f4xx_hal_uart.o(i.HAL_UART_AbortCpltCallback), (2 bytes).
    Removing stm32f4xx_hal_uart.o(i.HAL_UART_AbortReceive), (68 bytes).
    Removing stm32f4xx_hal_uart.o(i.HAL_UART_AbortReceiveCpltCallback), (2 bytes).
    Removing stm32f4xx_hal_uart.o(i.HAL_UART_AbortReceive_IT), (92 bytes).
    Removing stm32f4xx_hal_uart.o(i.HAL_UART_AbortTransmit), (58 bytes).
    Removing stm32f4xx_hal_uart.o(i.HAL_UART_AbortTransmitCpltCallback), (2 bytes).
    Removing stm32f4xx_hal_uart.o(i.HAL_UART_AbortTransmit_IT), (84 bytes).
    Removing stm32f4xx_hal_uart.o(i.HAL_UART_Abort_IT), (172 bytes).
    Removing stm32f4xx_hal_uart.o(i.HAL_UART_DMAPause), (102 bytes).
    Removing stm32f4xx_hal_uart.o(i.HAL_UART_DMAResume), (94 bytes).
    Removing stm32f4xx_hal_uart.o(i.HAL_UART_DMAStop), (88 bytes).
    Removing stm32f4xx_hal_uart.o(i.HAL_UART_DeInit), (40 bytes).
    Removing stm32f4xx_hal_uart.o(i.HAL_UART_GetError), (4 bytes).
    Removing stm32f4xx_hal_uart.o(i.HAL_UART_GetState), (10 bytes).
    Removing stm32f4xx_hal_uart.o(i.HAL_UART_MspDeInit), (2 bytes).
    Removing stm32f4xx_hal_uart.o(i.HAL_UART_MspInit), (2 bytes).
    Removing stm32f4xx_hal_uart.o(i.HAL_UART_Receive), (184 bytes).
    Removing stm32f4xx_hal_uart.o(i.HAL_UART_Receive_DMA), (152 bytes).
    Removing stm32f4xx_hal_uart.o(i.HAL_UART_Receive_IT), (72 bytes).
    Removing stm32f4xx_hal_uart.o(i.HAL_UART_RxHalfCpltCallback), (2 bytes).
    Removing stm32f4xx_hal_uart.o(i.HAL_UART_Transmit_DMA), (128 bytes).
    Removing stm32f4xx_hal_uart.o(i.HAL_UART_Transmit_IT), (62 bytes).
    Removing stm32f4xx_hal_uart.o(i.HAL_UART_TxHalfCpltCallback), (2 bytes).
    Removing stm32f4xx_hal_uart.o(i.UART_DMAError), (74 bytes).
    Removing stm32f4xx_hal_uart.o(i.UART_DMAReceiveCplt), (60 bytes).
    Removing stm32f4xx_hal_uart.o(i.UART_DMARxAbortCallback), (42 bytes).
    Removing stm32f4xx_hal_uart.o(i.UART_DMARxHalfCplt), (10 bytes).
    Removing stm32f4xx_hal_uart.o(i.UART_DMARxOnlyAbortCallback), (20 bytes).
    Removing stm32f4xx_hal_uart.o(i.UART_DMATransmitCplt), (46 bytes).
    Removing stm32f4xx_hal_uart.o(i.UART_DMATxAbortCallback), (42 bytes).
    Removing stm32f4xx_hal_uart.o(i.UART_DMATxHalfCplt), (10 bytes).
    Removing stm32f4xx_hal_uart.o(i.UART_DMATxOnlyAbortCallback), (20 bytes).
    Removing stm32f4xx_hal_uart.o(i.UART_EndTxTransfer), (18 bytes).
    Removing startup_stm32f407xx.o(HEAP), (512 bytes).
    Removing stm32f4xx_hal_msp.o(.rev16_text), (4 bytes).
    Removing stm32f4xx_hal_msp.o(.revsh_text), (4 bytes).
    Removing stm32f4xx_hal_msp.o(.rrx_text), (6 bytes).
    Removing stm32f4xx_it.o(.rev16_text), (4 bytes).
    Removing stm32f4xx_it.o(.revsh_text), (4 bytes).
    Removing stm32f4xx_it.o(.rrx_text), (6 bytes).
    Removing gpio.o(.rev16_text), (4 bytes).
    Removing gpio.o(.revsh_text), (4 bytes).
    Removing gpio.o(.rrx_text), (6 bytes).
    Removing tim.o(.rev16_text), (4 bytes).
    Removing tim.o(.revsh_text), (4 bytes).
    Removing tim.o(.rrx_text), (6 bytes).
    Removing tim.o(i.HAL_TIM_Base_MspDeInit), (28 bytes).
    Removing main.o(.rev16_text), (4 bytes).
    Removing main.o(.revsh_text), (4 bytes).
    Removing main.o(.rrx_text), (6 bytes).
    Removing usart.o(.rev16_text), (4 bytes).
    Removing usart.o(.revsh_text), (4 bytes).
    Removing usart.o(.rrx_text), (6 bytes).
    Removing usart.o(i.HAL_UART_MspDeInit), (80 bytes).
    Removing i2c.o(.rev16_text), (4 bytes).
    Removing i2c.o(.revsh_text), (4 bytes).
    Removing i2c.o(.rrx_text), (6 bytes).
    Removing i2c.o(i.HAL_I2C_MspDeInit), (44 bytes).
    Removing function.o(.rev16_text), (4 bytes).
    Removing function.o(.revsh_text), (4 bytes).
    Removing function.o(.rrx_text), (6 bytes).
    Removing function.o(i.build_packet), (26 bytes).
    Removing function.o(i.change_float_2_bytes), (24 bytes).
    Removing function.o(i.read_moving_speed), (66 bytes).
    Removing function.o(i.write_data_2_upboard), (160 bytes).
    Removing global_variable.o(.rev16_text), (4 bytes).
    Removing global_variable.o(.revsh_text), (4 bytes).
    Removing global_variable.o(.rrx_text), (6 bytes).
    Removing global_variable.o(.bss), (28 bytes).
    Removing global_variable.o(.bss), (24 bytes).
    Removing global_variable.o(.data), (4 bytes).
    Removing global_variable.o(.data), (4 bytes).
    Removing global_variable.o(.data), (4 bytes).
    Removing global_variable.o(.data), (4 bytes).
    Removing global_variable.o(.data), (1 bytes).
    Removing global_variable.o(.data), (1 bytes).
    Removing global_variable.o(.data), (1 bytes).
    Removing global_variable.o(.data), (1 bytes).
    Removing global_variable.o(.data), (4 bytes).
    Removing global_variable.o(.data), (4 bytes).
    Removing global_variable.o(.data), (4 bytes).
    Removing global_variable.o(.data), (4 bytes).
    Removing global_variable.o(.data), (4 bytes).
    Removing global_variable.o(.data), (1 bytes).
    Removing global_variable.o(.data), (1 bytes).
    Removing global_variable.o(.data), (1 bytes).
    Removing global_variable.o(.data), (5 bytes).
    Removing global_variable.o(.data), (4 bytes).
    Removing global_variable.o(.data), (4 bytes).
    Removing global_variable.o(.data), (4 bytes).
    Removing imu.o(.rev16_text), (4 bytes).
    Removing imu.o(.revsh_text), (4 bytes).
    Removing imu.o(.rrx_text), (6 bytes).
    Removing imu.o(i.MahonyAHRSupdateIMU123), (380 bytes).
    Removing imu.o(.data), (4 bytes).
    Removing mpu6050.o(.rev16_text), (4 bytes).
    Removing mpu6050.o(.revsh_text), (4 bytes).
    Removing mpu6050.o(.rrx_text), (6 bytes).
    Removing dneg.o(.text), (6 bytes).
    Removing cdcmple.o(.text), (48 bytes).

464 unused section(s) (total 32324 bytes) removed from the image.

==============================================================================

Image Symbol Table

    Local Symbols

    Symbol Name                              Value     Ov Type        Size  Object(Section)

    ../Drivers/STM32F4xx_HAL_Driver/Src/stm32f4xx_hal.c 0x00000000   Number         0  stm32f4xx_hal.o ABSOLUTE
    ../Drivers/STM32F4xx_HAL_Driver/Src/stm32f4xx_hal_cortex.c 0x00000000   Number         0  stm32f4xx_hal_cortex.o ABSOLUTE
    ../Drivers/STM32F4xx_HAL_Driver/Src/stm32f4xx_hal_dma.c 0x00000000   Number         0  stm32f4xx_hal_dma.o ABSOLUTE
    ../Drivers/STM32F4xx_HAL_Driver/Src/stm32f4xx_hal_dma_ex.c 0x00000000   Number         0  stm32f4xx_hal_dma_ex.o ABSOLUTE
    ../Drivers/STM32F4xx_HAL_Driver/Src/stm32f4xx_hal_flash.c 0x00000000   Number         0  stm32f4xx_hal_flash.o ABSOLUTE
    ../Drivers/STM32F4xx_HAL_Driver/Src/stm32f4xx_hal_flash_ex.c 0x00000000   Number         0  stm32f4xx_hal_flash_ex.o ABSOLUTE
    ../Drivers/STM32F4xx_HAL_Driver/Src/stm32f4xx_hal_flash_ramfunc.c 0x00000000   Number         0  stm32f4xx_hal_flash_ramfunc.o ABSOLUTE
    ../Drivers/STM32F4xx_HAL_Driver/Src/stm32f4xx_hal_gpio.c 0x00000000   Number         0  stm32f4xx_hal_gpio.o ABSOLUTE
    ../Drivers/STM32F4xx_HAL_Driver/Src/stm32f4xx_hal_i2c.c 0x00000000   Number         0  stm32f4xx_hal_i2c.o ABSOLUTE
    ../Drivers/STM32F4xx_HAL_Driver/Src/stm32f4xx_hal_i2c_ex.c 0x00000000   Number         0  stm32f4xx_hal_i2c_ex.o ABSOLUTE
    ../Drivers/STM32F4xx_HAL_Driver/Src/stm32f4xx_hal_pwr.c 0x00000000   Number         0  stm32f4xx_hal_pwr.o ABSOLUTE
    ../Drivers/STM32F4xx_HAL_Driver/Src/stm32f4xx_hal_pwr_ex.c 0x00000000   Number         0  stm32f4xx_hal_pwr_ex.o ABSOLUTE
    ../Drivers/STM32F4xx_HAL_Driver/Src/stm32f4xx_hal_rcc.c 0x00000000   Number         0  stm32f4xx_hal_rcc.o ABSOLUTE
    ../Drivers/STM32F4xx_HAL_Driver/Src/stm32f4xx_hal_rcc_ex.c 0x00000000   Number         0  stm32f4xx_hal_rcc_ex.o ABSOLUTE
    ../Drivers/STM32F4xx_HAL_Driver/Src/stm32f4xx_hal_tim.c 0x00000000   Number         0  stm32f4xx_hal_tim.o ABSOLUTE
    ../Drivers/STM32F4xx_HAL_Driver/Src/stm32f4xx_hal_tim_ex.c 0x00000000   Number         0  stm32f4xx_hal_tim_ex.o ABSOLUTE
    ../Drivers/STM32F4xx_HAL_Driver/Src/stm32f4xx_hal_uart.c 0x00000000   Number         0  stm32f4xx_hal_uart.o ABSOLUTE
    ../Src/gpio.c                            0x00000000   Number         0  gpio.o ABSOLUTE
    ../Src/i2c.c                             0x00000000   Number         0  i2c.o ABSOLUTE
    ../Src/main.c                            0x00000000   Number         0  main.o ABSOLUTE
    ../Src/stm32f4xx_hal_msp.c               0x00000000   Number         0  stm32f4xx_hal_msp.o ABSOLUTE
    ../Src/stm32f4xx_it.c                    0x00000000   Number         0  stm32f4xx_it.o ABSOLUTE
    ../Src/system_stm32f4xx.c                0x00000000   Number         0  system_stm32f4xx.o ABSOLUTE
    ../Src/tim.c                             0x00000000   Number         0  tim.o ABSOLUTE
    ../Src/usart.c                           0x00000000   Number         0  usart.o ABSOLUTE
    ../clib/microlib/errno.c                 0x00000000   Number         0  errno.o ABSOLUTE
    ../clib/microlib/init/entry.s            0x00000000   Number         0  entry7b.o ABSOLUTE
    ../clib/microlib/init/entry.s            0x00000000   Number         0  entry7a.o ABSOLUTE
    ../clib/microlib/init/entry.s            0x00000000   Number         0  entry5.o ABSOLUTE
    ../clib/microlib/init/entry.s            0x00000000   Number         0  entry.o ABSOLUTE
    ../clib/microlib/init/entry.s            0x00000000   Number         0  entry9a.o ABSOLUTE
    ../clib/microlib/init/entry.s            0x00000000   Number         0  entry8b.o ABSOLUTE
    ../clib/microlib/init/entry.s            0x00000000   Number         0  entry2.o ABSOLUTE
    ../clib/microlib/init/entry.s            0x00000000   Number         0  entry11b.o ABSOLUTE
    ../clib/microlib/init/entry.s            0x00000000   Number         0  entry11a.o ABSOLUTE
    ../clib/microlib/init/entry.s            0x00000000   Number         0  entry10a.o ABSOLUTE
    ../clib/microlib/init/entry.s            0x00000000   Number         0  entry9b.o ABSOLUTE
    ../clib/microlib/init/entry.s            0x00000000   Number         0  entry8a.o ABSOLUTE
    ../clib/microlib/init/entry.s            0x00000000   Number         0  entry10b.o ABSOLUTE
    ../clib/microlib/longlong.c              0x00000000   Number         0  llushr.o ABSOLUTE
    ../clib/microlib/longlong.c              0x00000000   Number         0  llsshr.o ABSOLUTE
    ../clib/microlib/longlong.c              0x00000000   Number         0  llshl.o ABSOLUTE
    ../clib/microlib/string/memcpy.c         0x00000000   Number         0  memcpyb.o ABSOLUTE
    ../clib/microlib/string/memcpy.c         0x00000000   Number         0  memcpya.o ABSOLUTE
    ../clib/microlib/stubs.s                 0x00000000   Number         0  iusefp.o ABSOLUTE
    ../fplib/microlib/d2f.c                  0x00000000   Number         0  d2f.o ABSOLUTE
    ../fplib/microlib/f2d.c                  0x00000000   Number         0  f2d.o ABSOLUTE
    ../fplib/microlib/fpadd.c                0x00000000   Number         0  dadd.o ABSOLUTE
    ../fplib/microlib/fpdiv.c                0x00000000   Number         0  ddiv.o ABSOLUTE
    ../fplib/microlib/fpepilogue.c           0x00000000   Number         0  depilogue.o ABSOLUTE
    ../fplib/microlib/fpepilogue.c           0x00000000   Number         0  fepilogue.o ABSOLUTE
    ../fplib/microlib/fpfix.c                0x00000000   Number         0  dfixi.o ABSOLUTE
    ../fplib/microlib/fpflt.c                0x00000000   Number         0  dfltui.o ABSOLUTE
    ../fplib/microlib/fpflt.c                0x00000000   Number         0  dflti.o ABSOLUTE
    ../fplib/microlib/fpmul.c                0x00000000   Number         0  dmul.o ABSOLUTE
    ../fplib/microlib/fpneg.c                0x00000000   Number         0  dneg.o ABSOLUTE
    ../fplib/microlib/fpsqrt.c               0x00000000   Number         0  dsqrt.o ABSOLUTE
    ../mathlib/asin.c                        0x00000000   Number         0  asin.o ABSOLUTE
    ../mathlib/asin.c                        0x00000000   Number         0  asin_x.o ABSOLUTE
    ../mathlib/atan.c                        0x00000000   Number         0  atan.o ABSOLUTE
    ../mathlib/atan.c                        0x00000000   Number         0  atan_x.o ABSOLUTE
    ../mathlib/atan2.c                       0x00000000   Number         0  atan2.o ABSOLUTE
    ../mathlib/atan2.c                       0x00000000   Number         0  atan2_x.o ABSOLUTE
    ../mathlib/cos_i.c                       0x00000000   Number         0  cos_i.o ABSOLUTE
    ../mathlib/dunder.c                      0x00000000   Number         0  dunder.o ABSOLUTE
    ../mathlib/fabs.c                        0x00000000   Number         0  fabs.o ABSOLUTE
    ../mathlib/fpclassify.c                  0x00000000   Number         0  fpclassify.o ABSOLUTE
    ../mathlib/poly.c                        0x00000000   Number         0  poly.o ABSOLUTE
    ../mathlib/qnan.c                        0x00000000   Number         0  qnan.o ABSOLUTE
    ../mathlib/rred.c                        0x00000000   Number         0  rred.o ABSOLUTE
    ../mathlib/sin.c                         0x00000000   Number         0  sin_x.o ABSOLUTE
    ../mathlib/sin.c                         0x00000000   Number         0  sin.o ABSOLUTE
    ../mathlib/sin_i.c                       0x00000000   Number         0  sin_i_x.o ABSOLUTE
    ../mathlib/sin_i.c                       0x00000000   Number         0  sin_i.o ABSOLUTE
    ../mathlib/sqrt.c                        0x00000000   Number         0  sqrt_x.o ABSOLUTE
    ../mathlib/sqrt.c                        0x00000000   Number         0  sqrt.o ABSOLUTE
    ../mathlib/tan.c                         0x00000000   Number         0  tan_x.o ABSOLUTE
    ../mathlib/tan.c                         0x00000000   Number         0  tan.o ABSOLUTE
    ../mathlib/tan_i.c                       0x00000000   Number         0  tan_i_x.o ABSOLUTE
    ../mathlib/tan_i.c                       0x00000000   Number         0  tan_i.o ABSOLUTE
    ..\Drivers\STM32F4xx_HAL_Driver\Src\stm32f4xx_hal.c 0x00000000   Number         0  stm32f4xx_hal.o ABSOLUTE
    ..\Drivers\STM32F4xx_HAL_Driver\Src\stm32f4xx_hal_cortex.c 0x00000000   Number         0  stm32f4xx_hal_cortex.o ABSOLUTE
    ..\Drivers\STM32F4xx_HAL_Driver\Src\stm32f4xx_hal_dma.c 0x00000000   Number         0  stm32f4xx_hal_dma.o ABSOLUTE
    ..\Drivers\STM32F4xx_HAL_Driver\Src\stm32f4xx_hal_dma_ex.c 0x00000000   Number         0  stm32f4xx_hal_dma_ex.o ABSOLUTE
    ..\Drivers\STM32F4xx_HAL_Driver\Src\stm32f4xx_hal_flash.c 0x00000000   Number         0  stm32f4xx_hal_flash.o ABSOLUTE
    ..\Drivers\STM32F4xx_HAL_Driver\Src\stm32f4xx_hal_flash_ex.c 0x00000000   Number         0  stm32f4xx_hal_flash_ex.o ABSOLUTE
    ..\Drivers\STM32F4xx_HAL_Driver\Src\stm32f4xx_hal_flash_ramfunc.c 0x00000000   Number         0  stm32f4xx_hal_flash_ramfunc.o ABSOLUTE
    ..\Drivers\STM32F4xx_HAL_Driver\Src\stm32f4xx_hal_gpio.c 0x00000000   Number         0  stm32f4xx_hal_gpio.o ABSOLUTE
    ..\Drivers\STM32F4xx_HAL_Driver\Src\stm32f4xx_hal_i2c.c 0x00000000   Number         0  stm32f4xx_hal_i2c.o ABSOLUTE
    ..\Drivers\STM32F4xx_HAL_Driver\Src\stm32f4xx_hal_i2c_ex.c 0x00000000   Number         0  stm32f4xx_hal_i2c_ex.o ABSOLUTE
    ..\Drivers\STM32F4xx_HAL_Driver\Src\stm32f4xx_hal_pwr.c 0x00000000   Number         0  stm32f4xx_hal_pwr.o ABSOLUTE
    ..\Drivers\STM32F4xx_HAL_Driver\Src\stm32f4xx_hal_pwr_ex.c 0x00000000   Number         0  stm32f4xx_hal_pwr_ex.o ABSOLUTE
    ..\Drivers\STM32F4xx_HAL_Driver\Src\stm32f4xx_hal_rcc.c 0x00000000   Number         0  stm32f4xx_hal_rcc.o ABSOLUTE
    ..\Drivers\STM32F4xx_HAL_Driver\Src\stm32f4xx_hal_rcc_ex.c 0x00000000   Number         0  stm32f4xx_hal_rcc_ex.o ABSOLUTE
    ..\Drivers\STM32F4xx_HAL_Driver\Src\stm32f4xx_hal_tim.c 0x00000000   Number         0  stm32f4xx_hal_tim.o ABSOLUTE
    ..\Drivers\STM32F4xx_HAL_Driver\Src\stm32f4xx_hal_tim_ex.c 0x00000000   Number         0  stm32f4xx_hal_tim_ex.o ABSOLUTE
    ..\Drivers\STM32F4xx_HAL_Driver\Src\stm32f4xx_hal_uart.c 0x00000000   Number         0  stm32f4xx_hal_uart.o ABSOLUTE
    ..\Src\Global_variable.c                 0x00000000   Number         0  global_variable.o ABSOLUTE
    ..\Src\IMU.c                             0x00000000   Number         0  imu.o ABSOLUTE
    ..\Src\function.c                        0x00000000   Number         0  function.o ABSOLUTE
    ..\Src\gpio.c                            0x00000000   Number         0  gpio.o ABSOLUTE
    ..\Src\i2c.c                             0x00000000   Number         0  i2c.o ABSOLUTE
    ..\Src\main.c                            0x00000000   Number         0  main.o ABSOLUTE
    ..\Src\mpu6050.c                         0x00000000   Number         0  mpu6050.o ABSOLUTE
    ..\Src\stm32f4xx_hal_msp.c               0x00000000   Number         0  stm32f4xx_hal_msp.o ABSOLUTE
    ..\Src\stm32f4xx_it.c                    0x00000000   Number         0  stm32f4xx_it.o ABSOLUTE
    ..\Src\system_stm32f4xx.c                0x00000000   Number         0  system_stm32f4xx.o ABSOLUTE
    ..\Src\tim.c                             0x00000000   Number         0  tim.o ABSOLUTE
    ..\Src\usart.c                           0x00000000   Number         0  usart.o ABSOLUTE
    ..\\Src\\Global_variable.c               0x00000000   Number         0  global_variable.o ABSOLUTE
    ..\\Src\\IMU.c                           0x00000000   Number         0  imu.o ABSOLUTE
    ..\\Src\\function.c                      0x00000000   Number         0  function.o ABSOLUTE
    ..\\Src\\mpu6050.c                       0x00000000   Number         0  mpu6050.o ABSOLUTE
    cdcmple.s                                0x00000000   Number         0  cdcmple.o ABSOLUTE
    dc.s                                     0x00000000   Number         0  dc.o ABSOLUTE
    handlers.s                               0x00000000   Number         0  handlers.o ABSOLUTE
    init.s                                   0x00000000   Number         0  init.o ABSOLUTE
    startup_stm32f407xx.s                    0x00000000   Number         0  startup_stm32f407xx.o ABSOLUTE
    RESET                                    0x08000000   Section      392  startup_stm32f407xx.o(RESET)
    .ARM.Collect$$$$00000000                 0x08000188   Section        0  entry.o(.ARM.Collect$$$$00000000)
    .ARM.Collect$$$$00000001                 0x08000188   Section        4  entry2.o(.ARM.Collect$$$$00000001)
    .ARM.Collect$$$$00000004                 0x0800018c   Section        4  entry5.o(.ARM.Collect$$$$00000004)
    .ARM.Collect$$$$00000008                 0x08000190   Section        0  entry7b.o(.ARM.Collect$$$$00000008)
    .ARM.Collect$$$$0000000A                 0x08000190   Section        0  entry8b.o(.ARM.Collect$$$$0000000A)
    .ARM.Collect$$$$0000000B                 0x08000190   Section        8  entry9a.o(.ARM.Collect$$$$0000000B)
    .ARM.Collect$$$$0000000D                 0x08000198   Section        0  entry10a.o(.ARM.Collect$$$$0000000D)
    .ARM.Collect$$$$0000000F                 0x08000198   Section        0  entry11a.o(.ARM.Collect$$$$0000000F)
    .ARM.Collect$$$$00002712                 0x08000198   Section        4  entry2.o(.ARM.Collect$$$$00002712)
    __lit__00000000                          0x08000198   Data           4  entry2.o(.ARM.Collect$$$$00002712)
    .text                                    0x0800019c   Section       36  startup_stm32f407xx.o(.text)
    $v0                                      0x0800019c   Number         0  startup_stm32f407xx.o(.text)
    .text                                    0x080001c0   Section        0  memcpya.o(.text)
    .text                                    0x080001e4   Section        0  dadd.o(.text)
    .text                                    0x08000332   Section        0  dmul.o(.text)
    .text                                    0x08000416   Section        0  ddiv.o(.text)
    .text                                    0x080004f4   Section        0  f2d.o(.text)
    .text                                    0x0800051a   Section        0  d2f.o(.text)
    .text                                    0x08000552   Section        0  llshl.o(.text)
    .text                                    0x08000570   Section        0  llsshr.o(.text)
    .text                                    0x08000594   Section        0  fepilogue.o(.text)
    .text                                    0x08000594   Section        0  iusefp.o(.text)
    .text                                    0x08000602   Section        0  depilogue.o(.text)
    .text                                    0x080006bc   Section        0  dsqrt.o(.text)
    .text                                    0x08000760   Section       36  init.o(.text)
    .text                                    0x08000784   Section        0  llushr.o(.text)
    .text                                    0x080007a4   Section        0  dflti.o(.text)
    .text                                    0x080007c6   Section        0  dfltui.o(.text)
    .text                                    0x080007e0   Section        0  dfixi.o(.text)
    i.BusFault_Handler                       0x0800081e   Section        0  stm32f4xx_it.o(i.BusFault_Handler)
    i.Calculate_Static_Acc                   0x08000820   Section        0  imu.o(i.Calculate_Static_Acc)
    i.DebugMon_Handler                       0x08000920   Section        0  stm32f4xx_it.o(i.DebugMon_Handler)
    i.HAL_DMA_Abort_IT                       0x08000922   Section        0  stm32f4xx_hal_dma.o(i.HAL_DMA_Abort_IT)
    i.HAL_Delay                              0x08000946   Section        0  stm32f4xx_hal.o(i.HAL_Delay)
    i.HAL_GPIO_Init                          0x08000964   Section        0  stm32f4xx_hal_gpio.o(i.HAL_GPIO_Init)
    i.HAL_GPIO_TogglePin                     0x08000b14   Section        0  stm32f4xx_hal_gpio.o(i.HAL_GPIO_TogglePin)
    i.HAL_GPIO_WritePin                      0x08000b1c   Section        0  stm32f4xx_hal_gpio.o(i.HAL_GPIO_WritePin)
    i.HAL_GetTick                            0x08000b28   Section        0  stm32f4xx_hal.o(i.HAL_GetTick)
    i.HAL_I2C_Init                           0x08000b34   Section        0  stm32f4xx_hal_i2c.o(i.HAL_I2C_Init)
    i.HAL_I2C_Mem_Read                       0x08000c3c   Section        0  stm32f4xx_hal_i2c.o(i.HAL_I2C_Mem_Read)
    i.HAL_I2C_Mem_Write                      0x08000e38   Section        0  stm32f4xx_hal_i2c.o(i.HAL_I2C_Mem_Write)
    i.HAL_I2C_MspInit                        0x08000f74   Section        0  i2c.o(i.HAL_I2C_MspInit)
    i.HAL_IncTick                            0x08000fc0   Section        0  stm32f4xx_hal.o(i.HAL_IncTick)
    i.HAL_Init                               0x08000fd0   Section        0  stm32f4xx_hal.o(i.HAL_Init)
    i.HAL_InitTick                           0x08001004   Section        0  stm32f4xx_hal.o(i.HAL_InitTick)
    i.HAL_MspInit                            0x0800102c   Section        0  stm32f4xx_hal_msp.o(i.HAL_MspInit)
    i.HAL_NVIC_EnableIRQ                     0x08001084   Section        0  stm32f4xx_hal_cortex.o(i.HAL_NVIC_EnableIRQ)
    i.HAL_NVIC_SetPriority                   0x0800109c   Section        0  stm32f4xx_hal_cortex.o(i.HAL_NVIC_SetPriority)
    i.HAL_NVIC_SetPriorityGrouping           0x080010dc   Section        0  stm32f4xx_hal_cortex.o(i.HAL_NVIC_SetPriorityGrouping)
    i.HAL_RCC_ClockConfig                    0x08001100   Section        0  stm32f4xx_hal_rcc.o(i.HAL_RCC_ClockConfig)
    i.HAL_RCC_GetHCLKFreq                    0x0800127c   Section        0  stm32f4xx_hal_rcc.o(i.HAL_RCC_GetHCLKFreq)
    i.HAL_RCC_GetPCLK1Freq                   0x08001288   Section        0  stm32f4xx_hal_rcc.o(i.HAL_RCC_GetPCLK1Freq)
    i.HAL_RCC_GetPCLK2Freq                   0x080012b8   Section        0  stm32f4xx_hal_rcc.o(i.HAL_RCC_GetPCLK2Freq)
    i.HAL_RCC_GetSysClockFreq                0x080012e8   Section        0  stm32f4xx_hal_rcc.o(i.HAL_RCC_GetSysClockFreq)
    i.HAL_RCC_OscConfig                      0x0800135c   Section        0  stm32f4xx_hal_rcc.o(i.HAL_RCC_OscConfig)
    i.HAL_SYSTICK_CLKSourceConfig            0x08001670   Section        0  stm32f4xx_hal_cortex.o(i.HAL_SYSTICK_CLKSourceConfig)
    i.HAL_SYSTICK_Callback                   0x08001688   Section        0  stm32f4xx_hal_cortex.o(i.HAL_SYSTICK_Callback)
    i.HAL_SYSTICK_Config                     0x0800168a   Section        0  stm32f4xx_hal_cortex.o(i.HAL_SYSTICK_Config)
    i.HAL_SYSTICK_IRQHandler                 0x080016b2   Section        0  stm32f4xx_hal_cortex.o(i.HAL_SYSTICK_IRQHandler)
    i.HAL_TIMEx_MasterConfigSynchronization  0x080016ba   Section        0  stm32f4xx_hal_tim_ex.o(i.HAL_TIMEx_MasterConfigSynchronization)
    i.HAL_TIM_Base_Init                      0x0800170a   Section        0  stm32f4xx_hal_tim.o(i.HAL_TIM_Base_Init)
    i.HAL_TIM_Base_MspInit                   0x08001740   Section        0  tim.o(i.HAL_TIM_Base_MspInit)
    i.HAL_TIM_Base_Start                     0x08001768   Section        0  stm32f4xx_hal_tim.o(i.HAL_TIM_Base_Start)
    i.HAL_TIM_ConfigClockSource              0x08001782   Section        0  stm32f4xx_hal_tim.o(i.HAL_TIM_ConfigClockSource)
    i.HAL_UART_ErrorCallback                 0x08001874   Section        0  stm32f4xx_hal_uart.o(i.HAL_UART_ErrorCallback)
    i.HAL_UART_IRQHandler                    0x08001878   Section        0  stm32f4xx_hal_uart.o(i.HAL_UART_IRQHandler)
    i.HAL_UART_Init                          0x08001988   Section        0  stm32f4xx_hal_uart.o(i.HAL_UART_Init)
    i.HAL_UART_MspInit                       0x080019ec   Section        0  usart.o(i.HAL_UART_MspInit)
    i.HAL_UART_RxCpltCallback                0x08001a78   Section        0  stm32f4xx_hal_uart.o(i.HAL_UART_RxCpltCallback)
    i.HAL_UART_Transmit                      0x08001a7a   Section        0  stm32f4xx_hal_uart.o(i.HAL_UART_Transmit)
    i.HAL_UART_TxCpltCallback                0x08001b34   Section        0  stm32f4xx_hal_uart.o(i.HAL_UART_TxCpltCallback)
    i.HardFault_Handler                      0x08001b36   Section        0  stm32f4xx_it.o(i.HardFault_Handler)
    i.I2C_IsAcknowledgeFailed                0x08001b38   Section        0  stm32f4xx_hal_i2c.o(i.I2C_IsAcknowledgeFailed)
    I2C_IsAcknowledgeFailed                  0x08001b39   Thumb Code    40  stm32f4xx_hal_i2c.o(i.I2C_IsAcknowledgeFailed)
    i.I2C_RequestMemoryRead                  0x08001b60   Section        0  stm32f4xx_hal_i2c.o(i.I2C_RequestMemoryRead)
    I2C_RequestMemoryRead                    0x08001b61   Thumb Code   240  stm32f4xx_hal_i2c.o(i.I2C_RequestMemoryRead)
    i.I2C_RequestMemoryWrite                 0x08001c50   Section        0  stm32f4xx_hal_i2c.o(i.I2C_RequestMemoryWrite)
    I2C_RequestMemoryWrite                   0x08001c51   Thumb Code   156  stm32f4xx_hal_i2c.o(i.I2C_RequestMemoryWrite)
    i.I2C_WaitOnBTFFlagUntilTimeout          0x08001cf0   Section        0  stm32f4xx_hal_i2c.o(i.I2C_WaitOnBTFFlagUntilTimeout)
    I2C_WaitOnBTFFlagUntilTimeout            0x08001cf1   Thumb Code    78  stm32f4xx_hal_i2c.o(i.I2C_WaitOnBTFFlagUntilTimeout)
    i.I2C_WaitOnFlagUntilTimeout             0x08001d3e   Section        0  stm32f4xx_hal_i2c.o(i.I2C_WaitOnFlagUntilTimeout)
    I2C_WaitOnFlagUntilTimeout               0x08001d3f   Thumb Code    96  stm32f4xx_hal_i2c.o(i.I2C_WaitOnFlagUntilTimeout)
    i.I2C_WaitOnMasterAddressFlagUntilTimeout 0x08001da0   Section        0  stm32f4xx_hal_i2c.o(i.I2C_WaitOnMasterAddressFlagUntilTimeout)
    I2C_WaitOnMasterAddressFlagUntilTimeout  0x08001da1   Thumb Code   136  stm32f4xx_hal_i2c.o(i.I2C_WaitOnMasterAddressFlagUntilTimeout)
    i.I2C_WaitOnRXNEFlagUntilTimeout         0x08001e28   Section        0  stm32f4xx_hal_i2c.o(i.I2C_WaitOnRXNEFlagUntilTimeout)
    I2C_WaitOnRXNEFlagUntilTimeout           0x08001e29   Thumb Code    98  stm32f4xx_hal_i2c.o(i.I2C_WaitOnRXNEFlagUntilTimeout)
    i.I2C_WaitOnTXEFlagUntilTimeout          0x08001e8a   Section        0  stm32f4xx_hal_i2c.o(i.I2C_WaitOnTXEFlagUntilTimeout)
    I2C_WaitOnTXEFlagUntilTimeout            0x08001e8b   Thumb Code    78  stm32f4xx_hal_i2c.o(i.I2C_WaitOnTXEFlagUntilTimeout)
    i.MX_GPIO_Init                           0x08001ed8   Section        0  gpio.o(i.MX_GPIO_Init)
    i.MX_I2C2_Init                           0x08001f70   Section        0  i2c.o(i.MX_I2C2_Init)
    i.MX_TIM1_Init                           0x08001fc4   Section        0  tim.o(i.MX_TIM1_Init)
    i.MX_UART4_Init                          0x0800203c   Section        0  usart.o(i.MX_UART4_Init)
    i.MX_USART2_UART_Init                    0x08002088   Section        0  usart.o(i.MX_USART2_UART_Init)
    i.MahonyAHRSupdateIMU                    0x080020d4   Section        0  imu.o(i.MahonyAHRSupdateIMU)
    i.MemManage_Handler                      0x08002254   Section        0  stm32f4xx_it.o(i.MemManage_Handler)
    i.Mpu_Read                               0x08002258   Section        0  mpu6050.o(i.Mpu_Read)
    i.Mpu_Read_acc                           0x08002280   Section        0  mpu6050.o(i.Mpu_Read_acc)
    i.Mpu_Read_gyro                          0x08002340   Section        0  mpu6050.o(i.Mpu_Read_gyro)
    i.Mpu_Write                              0x08002448   Section        0  mpu6050.o(i.Mpu_Write)
    i.Mpu_update                             0x08002466   Section        0  mpu6050.o(i.Mpu_update)
    i.NMI_Handler                            0x0800247e   Section        0  stm32f4xx_it.o(i.NMI_Handler)
    i.NVIC_SetPriority                       0x08002480   Section        0  stm32f4xx_hal_cortex.o(i.NVIC_SetPriority)
    NVIC_SetPriority                         0x08002481   Thumb Code    32  stm32f4xx_hal_cortex.o(i.NVIC_SetPriority)
    i.PendSV_Handler                         0x080024a0   Section        0  stm32f4xx_it.o(i.PendSV_Handler)
    i.SVC_Handler                            0x080024a2   Section        0  stm32f4xx_it.o(i.SVC_Handler)
    i.SysTick_Handler                        0x080024a4   Section        0  stm32f4xx_it.o(i.SysTick_Handler)
    i.SystemClock_Config                     0x080024b4   Section        0  main.o(i.SystemClock_Config)
    i.SystemInit                             0x08002554   Section        0  system_stm32f4xx.o(i.SystemInit)
    i.TIM_Base_SetConfig                     0x080025a8   Section        0  stm32f4xx_hal_tim.o(i.TIM_Base_SetConfig)
    i.TIM_ETR_SetConfig                      0x08002668   Section        0  stm32f4xx_hal_tim.o(i.TIM_ETR_SetConfig)
    TIM_ETR_SetConfig                        0x08002669   Thumb Code    20  stm32f4xx_hal_tim.o(i.TIM_ETR_SetConfig)
    i.TIM_ITRx_SetConfig                     0x0800267c   Section        0  stm32f4xx_hal_tim.o(i.TIM_ITRx_SetConfig)
    TIM_ITRx_SetConfig                       0x0800267d   Thumb Code    16  stm32f4xx_hal_tim.o(i.TIM_ITRx_SetConfig)
    i.TIM_TI1_ConfigInputStage               0x0800268c   Section        0  stm32f4xx_hal_tim.o(i.TIM_TI1_ConfigInputStage)
    TIM_TI1_ConfigInputStage                 0x0800268d   Thumb Code    34  stm32f4xx_hal_tim.o(i.TIM_TI1_ConfigInputStage)
    i.TIM_TI2_ConfigInputStage               0x080026ae   Section        0  stm32f4xx_hal_tim.o(i.TIM_TI2_ConfigInputStage)
    TIM_TI2_ConfigInputStage                 0x080026af   Thumb Code    36  stm32f4xx_hal_tim.o(i.TIM_TI2_ConfigInputStage)
    i.UART4_IRQHandler                       0x080026d4   Section        0  stm32f4xx_it.o(i.UART4_IRQHandler)
    i.UART_DMAAbortOnError                   0x080026e0   Section        0  stm32f4xx_hal_uart.o(i.UART_DMAAbortOnError)
    UART_DMAAbortOnError                     0x080026e1   Thumb Code    16  stm32f4xx_hal_uart.o(i.UART_DMAAbortOnError)
    i.UART_EndRxTransfer                     0x080026f0   Section        0  stm32f4xx_hal_uart.o(i.UART_EndRxTransfer)
    UART_EndRxTransfer                       0x080026f1   Thumb Code    28  stm32f4xx_hal_uart.o(i.UART_EndRxTransfer)
    i.UART_Receive_IT                        0x0800270c   Section        0  stm32f4xx_hal_uart.o(i.UART_Receive_IT)
    UART_Receive_IT                          0x0800270d   Thumb Code   140  stm32f4xx_hal_uart.o(i.UART_Receive_IT)
    i.UART_SetConfig                         0x08002798   Section        0  stm32f4xx_hal_uart.o(i.UART_SetConfig)
    UART_SetConfig                           0x08002799   Thumb Code   676  stm32f4xx_hal_uart.o(i.UART_SetConfig)
    i.UART_Transmit_IT                       0x08002a44   Section        0  stm32f4xx_hal_uart.o(i.UART_Transmit_IT)
    UART_Transmit_IT                         0x08002a45   Thumb Code    98  stm32f4xx_hal_uart.o(i.UART_Transmit_IT)
    i.UART_WaitOnFlagUntilTimeout            0x08002aa6   Section        0  stm32f4xx_hal_uart.o(i.UART_WaitOnFlagUntilTimeout)
    UART_WaitOnFlagUntilTimeout              0x08002aa7   Thumb Code   100  stm32f4xx_hal_uart.o(i.UART_WaitOnFlagUntilTimeout)
    i.UART_send_Dyna_buffer                  0x08002b0c   Section        0  function.o(i.UART_send_Dyna_buffer)
    i.Update_Euler_angles                    0x08002b20   Section        0  imu.o(i.Update_Euler_angles)
    i.Update_Gravity                         0x08002e18   Section        0  mpu6050.o(i.Update_Gravity)
    i.Update_IMU_Data_Mahony                 0x08002ec4   Section        0  imu.o(i.Update_IMU_Data_Mahony)
    i.UsageFault_Handler                     0x08002eec   Section        0  stm32f4xx_it.o(i.UsageFault_Handler)
    i._Error_Handler                         0x08002eee   Section        0  main.o(i._Error_Handler)
    i.__ARM_fpclassify                       0x08002ef0   Section        0  fpclassify.o(i.__ARM_fpclassify)
    i.__hardfp_asin                          0x08002f20   Section        0  asin.o(i.__hardfp_asin)
    i.__hardfp_atan                          0x08003280   Section        0  atan.o(i.__hardfp_atan)
    i.__hardfp_atan2                         0x08003558   Section        0  atan2.o(i.__hardfp_atan2)
    i.__hardfp_sin                           0x08003748   Section        0  sin.o(i.__hardfp_sin)
    i.__hardfp_sqrt                          0x08003810   Section        0  sqrt.o(i.__hardfp_sqrt)
    i.__hardfp_tan                           0x08003890   Section        0  tan.o(i.__hardfp_tan)
    i.__ieee754_rem_pio2                     0x08003910   Section        0  rred.o(i.__ieee754_rem_pio2)
    i.__kernel_cos                           0x08003d48   Section        0  cos_i.o(i.__kernel_cos)
    i.__kernel_poly                          0x08003eb8   Section        0  poly.o(i.__kernel_poly)
    i.__kernel_sin                           0x08003fb0   Section        0  sin_i.o(i.__kernel_sin)
    i.__kernel_tan                           0x080040e0   Section        0  tan_i.o(i.__kernel_tan)
    i.__mathlib_dbl_infnan                   0x08004430   Section        0  dunder.o(i.__mathlib_dbl_infnan)
    i.__mathlib_dbl_infnan2                  0x08004444   Section        0  dunder.o(i.__mathlib_dbl_infnan2)
    i.__mathlib_dbl_invalid                  0x08004458   Section        0  dunder.o(i.__mathlib_dbl_invalid)
    i.__mathlib_dbl_underflow                0x08004478   Section        0  dunder.o(i.__mathlib_dbl_underflow)
    i.__scatterload_copy                     0x08004498   Section       14  handlers.o(i.__scatterload_copy)
    i.__scatterload_null                     0x080044a6   Section        2  handlers.o(i.__scatterload_null)
    i.__scatterload_zeroinit                 0x080044a8   Section       14  handlers.o(i.__scatterload_zeroinit)
    i.__set_errno                            0x080044b8   Section        0  errno.o(i.__set_errno)
    i.atan                                   0x080044c4   Section        0  atan.o(i.atan)
    i.fabs                                   0x080044d4   Section        0  fabs.o(i.fabs)
    i.go_to_postion                          0x080044ec   Section        0  function.o(i.go_to_postion)
    i.gyro_calib                             0x0800453c   Section        0  mpu6050.o(i.gyro_calib)
    i.hiphop                                 0x080045d8   Section        0  function.o(i.hiphop)
    i.init_mpu                               0x08004614   Section        0  mpu6050.o(i.init_mpu)
    i.invSqrt                                0x08004704   Section        0  imu.o(i.invSqrt)
    i.main                                   0x08004730   Section        0  main.o(i.main)
    i.ping_mpu                               0x08004850   Section        0  mpu6050.o(i.ping_mpu)
    i.putchardyna                            0x08004878   Section        0  function.o(i.putchardyna)
    i.set_goal_postion                       0x08004888   Section        0  function.o(i.set_goal_postion)
    i.sqrt                                   0x080048de   Section        0  sqrt.o(i.sqrt)
    i.update_Accel_weight                    0x0800494c   Section        0  imu.o(i.update_Accel_weight)
    .constdata                               0x08004a90   Section       16  system_stm32f4xx.o(.constdata)
    .constdata                               0x08004aa0   Section        8  system_stm32f4xx.o(.constdata)
    .constdata                               0x08004aa8   Section       80  asin.o(.constdata)
    pS                                       0x08004aa8   Data          48  asin.o(.constdata)
    qS                                       0x08004ad8   Data          32  asin.o(.constdata)
    .constdata                               0x08004af8   Section      152  atan.o(.constdata)
    atanhi                                   0x08004af8   Data          32  atan.o(.constdata)
    atanlo                                   0x08004b18   Data          32  atan.o(.constdata)
    aTodd                                    0x08004b38   Data          40  atan.o(.constdata)
    aTeven                                   0x08004b60   Data          48  atan.o(.constdata)
    .constdata                               0x08004b90   Section       48  cos_i.o(.constdata)
    C                                        0x08004b90   Data          48  cos_i.o(.constdata)
    .constdata                               0x08004bc0   Section        8  qnan.o(.constdata)
    .constdata                               0x08004bc8   Section      200  rred.o(.constdata)
    pio2s                                    0x08004bc8   Data          48  rred.o(.constdata)
    twooverpi                                0x08004bf8   Data         152  rred.o(.constdata)
    .constdata                               0x08004c90   Section       40  sin_i.o(.constdata)
    S                                        0x08004c90   Data          40  sin_i.o(.constdata)
    .constdata                               0x08004cb8   Section       96  tan_i.o(.constdata)
    Todd                                     0x08004cb8   Data          48  tan_i.o(.constdata)
    Teven                                    0x08004ce8   Data          48  tan_i.o(.constdata)
    .data                                    0x20000000   Section        4  system_stm32f4xx.o(.data)
    .data                                    0x20000004   Section        4  stm32f4xx_hal.o(.data)
    .data                                    0x20000008   Section        4  mpu6050.o(.data)
    .data                                    0x2000000c   Section        4  errno.o(.data)
    _errno                                   0x2000000c   Data           4  errno.o(.data)
    .bss                                     0x20000010   Section       60  tim.o(.bss)
    .bss                                     0x2000004c   Section      128  usart.o(.bss)
    .bss                                     0x200000cc   Section       84  i2c.o(.bss)
    .bss                                     0x20000120   Section      100  global_variable.o(.bss)
    .bss                                     0x20000184   Section       96  imu.o(.bss)
    .bss                                     0x200001e4   Section       96  imu.o(.bss)
    .bss                                     0x20000244   Section      176  mpu6050.o(.bss)
    .bss                                     0x200002f4   Section      176  mpu6050.o(.bss)
    STACK                                    0x200003a8   Section     1024  startup_stm32f407xx.o(STACK)

    Global Symbols

    Symbol Name                              Value     Ov Type        Size  Object(Section)

    BuildAttributes$$THM_ISAv4$E$P$D$K$B$S$7EM$VFPi3$EXTD16$VFPS$VFMA$PE$A:L22UL41UL21$X:L11$S22US41US21$IEEE1$IW$USESV6$~STKCKD$USESV7$~SHL$OTIME$ROPI$IEEEX$EBA8$MICROLIB$REQ8$PRES8$EABIv2 0x00000000   Number         0  anon$$obj.o ABSOLUTE
    __ARM_use_no_argv                        0x00000000   Number         0  main.o ABSOLUTE
    __cpp_initialize__aeabi_                  - Undefined Weak Reference
    __cxa_finalize                            - Undefined Weak Reference
    __decompress                              - Undefined Weak Reference
    _clock_init                               - Undefined Weak Reference
    _microlib_exit                            - Undefined Weak Reference
    __Vectors_Size                           0x00000188   Number         0  startup_stm32f407xx.o ABSOLUTE
    __Vectors                                0x08000000   Data           4  startup_stm32f407xx.o(RESET)
    __Vectors_End                            0x08000188   Data           0  startup_stm32f407xx.o(RESET)
    __main                                   0x08000189   Thumb Code     0  entry.o(.ARM.Collect$$$$00000000)
    _main_stk                                0x08000189   Thumb Code     0  entry2.o(.ARM.Collect$$$$00000001)
    _main_scatterload                        0x0800018d   Thumb Code     0  entry5.o(.ARM.Collect$$$$00000004)
    __main_after_scatterload                 0x08000191   Thumb Code     0  entry5.o(.ARM.Collect$$$$00000004)
    _main_clock                              0x08000191   Thumb Code     0  entry7b.o(.ARM.Collect$$$$00000008)
    _main_cpp_init                           0x08000191   Thumb Code     0  entry8b.o(.ARM.Collect$$$$0000000A)
    _main_init                               0x08000191   Thumb Code     0  entry9a.o(.ARM.Collect$$$$0000000B)
    __rt_final_cpp                           0x08000199   Thumb Code     0  entry10a.o(.ARM.Collect$$$$0000000D)
    __rt_final_exit                          0x08000199   Thumb Code     0  entry11a.o(.ARM.Collect$$$$0000000F)
    Reset_Handler                            0x0800019d   Thumb Code     8  startup_stm32f407xx.o(.text)
    ADC_IRQHandler                           0x080001b7   Thumb Code     0  startup_stm32f407xx.o(.text)
    CAN1_RX0_IRQHandler                      0x080001b7   Thumb Code     0  startup_stm32f407xx.o(.text)
    CAN1_RX1_IRQHandler                      0x080001b7   Thumb Code     0  startup_stm32f407xx.o(.text)
    CAN1_SCE_IRQHandler                      0x080001b7   Thumb Code     0  startup_stm32f407xx.o(.text)
    CAN1_TX_IRQHandler                       0x080001b7   Thumb Code     0  startup_stm32f407xx.o(.text)
    CAN2_RX0_IRQHandler                      0x080001b7   Thumb Code     0  startup_stm32f407xx.o(.text)
    CAN2_RX1_IRQHandler                      0x080001b7   Thumb Code     0  startup_stm32f407xx.o(.text)
    CAN2_SCE_IRQHandler                      0x080001b7   Thumb Code     0  startup_stm32f407xx.o(.text)
    CAN2_TX_IRQHandler                       0x080001b7   Thumb Code     0  startup_stm32f407xx.o(.text)
    DCMI_IRQHandler                          0x080001b7   Thumb Code     0  startup_stm32f407xx.o(.text)
    DMA1_Stream0_IRQHandler                  0x080001b7   Thumb Code     0  startup_stm32f407xx.o(.text)
    DMA1_Stream1_IRQHandler                  0x080001b7   Thumb Code     0  startup_stm32f407xx.o(.text)
    DMA1_Stream2_IRQHandler                  0x080001b7   Thumb Code     0  startup_stm32f407xx.o(.text)
    DMA1_Stream3_IRQHandler                  0x080001b7   Thumb Code     0  startup_stm32f407xx.o(.text)
    DMA1_Stream4_IRQHandler                  0x080001b7   Thumb Code     0  startup_stm32f407xx.o(.text)
    DMA1_Stream5_IRQHandler                  0x080001b7   Thumb Code     0  startup_stm32f407xx.o(.text)
    DMA1_Stream6_IRQHandler                  0x080001b7   Thumb Code     0  startup_stm32f407xx.o(.text)
    DMA1_Stream7_IRQHandler                  0x080001b7   Thumb Code     0  startup_stm32f407xx.o(.text)
    DMA2_Stream0_IRQHandler                  0x080001b7   Thumb Code     0  startup_stm32f407xx.o(.text)
    DMA2_Stream1_IRQHandler                  0x080001b7   Thumb Code     0  startup_stm32f407xx.o(.text)
    DMA2_Stream2_IRQHandler                  0x080001b7   Thumb Code     0  startup_stm32f407xx.o(.text)
    DMA2_Stream3_IRQHandler                  0x080001b7   Thumb Code     0  startup_stm32f407xx.o(.text)
    DMA2_Stream4_IRQHandler                  0x080001b7   Thumb Code     0  startup_stm32f407xx.o(.text)
    DMA2_Stream5_IRQHandler                  0x080001b7   Thumb Code     0  startup_stm32f407xx.o(.text)
    DMA2_Stream6_IRQHandler                  0x080001b7   Thumb Code     0  startup_stm32f407xx.o(.text)
    DMA2_Stream7_IRQHandler                  0x080001b7   Thumb Code     0  startup_stm32f407xx.o(.text)
    ETH_IRQHandler                           0x080001b7   Thumb Code     0  startup_stm32f407xx.o(.text)
    ETH_WKUP_IRQHandler                      0x080001b7   Thumb Code     0  startup_stm32f407xx.o(.text)
    EXTI0_IRQHandler                         0x080001b7   Thumb Code     0  startup_stm32f407xx.o(.text)
    EXTI15_10_IRQHandler                     0x080001b7   Thumb Code     0  startup_stm32f407xx.o(.text)
    EXTI1_IRQHandler                         0x080001b7   Thumb Code     0  startup_stm32f407xx.o(.text)
    EXTI2_IRQHandler                         0x080001b7   Thumb Code     0  startup_stm32f407xx.o(.text)
    EXTI3_IRQHandler                         0x080001b7   Thumb Code     0  startup_stm32f407xx.o(.text)
    EXTI4_IRQHandler                         0x080001b7   Thumb Code     0  startup_stm32f407xx.o(.text)
    EXTI9_5_IRQHandler                       0x080001b7   Thumb Code     0  startup_stm32f407xx.o(.text)
    FLASH_IRQHandler                         0x080001b7   Thumb Code     0  startup_stm32f407xx.o(.text)
    FMC_IRQHandler                           0x080001b7   Thumb Code     0  startup_stm32f407xx.o(.text)
    FPU_IRQHandler                           0x080001b7   Thumb Code     0  startup_stm32f407xx.o(.text)
    HASH_RNG_IRQHandler                      0x080001b7   Thumb Code     0  startup_stm32f407xx.o(.text)
    I2C1_ER_IRQHandler                       0x080001b7   Thumb Code     0  startup_stm32f407xx.o(.text)
    I2C1_EV_IRQHandler                       0x080001b7   Thumb Code     0  startup_stm32f407xx.o(.text)
    I2C2_ER_IRQHandler                       0x080001b7   Thumb Code     0  startup_stm32f407xx.o(.text)
    I2C2_EV_IRQHandler                       0x080001b7   Thumb Code     0  startup_stm32f407xx.o(.text)
    I2C3_ER_IRQHandler                       0x080001b7   Thumb Code     0  startup_stm32f407xx.o(.text)
    I2C3_EV_IRQHandler                       0x080001b7   Thumb Code     0  startup_stm32f407xx.o(.text)
    OTG_FS_IRQHandler                        0x080001b7   Thumb Code     0  startup_stm32f407xx.o(.text)
    OTG_FS_WKUP_IRQHandler                   0x080001b7   Thumb Code     0  startup_stm32f407xx.o(.text)
    OTG_HS_EP1_IN_IRQHandler                 0x080001b7   Thumb Code     0  startup_stm32f407xx.o(.text)
    OTG_HS_EP1_OUT_IRQHandler                0x080001b7   Thumb Code     0  startup_stm32f407xx.o(.text)
    OTG_HS_IRQHandler                        0x080001b7   Thumb Code     0  startup_stm32f407xx.o(.text)
    OTG_HS_WKUP_IRQHandler                   0x080001b7   Thumb Code     0  startup_stm32f407xx.o(.text)
    PVD_IRQHandler                           0x080001b7   Thumb Code     0  startup_stm32f407xx.o(.text)
    RCC_IRQHandler                           0x080001b7   Thumb Code     0  startup_stm32f407xx.o(.text)
    RTC_Alarm_IRQHandler                     0x080001b7   Thumb Code     0  startup_stm32f407xx.o(.text)
    RTC_WKUP_IRQHandler                      0x080001b7   Thumb Code     0  startup_stm32f407xx.o(.text)
    SDIO_IRQHandler                          0x080001b7   Thumb Code     0  startup_stm32f407xx.o(.text)
    SPI1_IRQHandler                          0x080001b7   Thumb Code     0  startup_stm32f407xx.o(.text)
    SPI2_IRQHandler                          0x080001b7   Thumb Code     0  startup_stm32f407xx.o(.text)
    SPI3_IRQHandler                          0x080001b7   Thumb Code     0  startup_stm32f407xx.o(.text)
    TAMP_STAMP_IRQHandler                    0x080001b7   Thumb Code     0  startup_stm32f407xx.o(.text)
    TIM1_BRK_TIM9_IRQHandler                 0x080001b7   Thumb Code     0  startup_stm32f407xx.o(.text)
    TIM1_CC_IRQHandler                       0x080001b7   Thumb Code     0  startup_stm32f407xx.o(.text)
    TIM1_TRG_COM_TIM11_IRQHandler            0x080001b7   Thumb Code     0  startup_stm32f407xx.o(.text)
    TIM1_UP_TIM10_IRQHandler                 0x080001b7   Thumb Code     0  startup_stm32f407xx.o(.text)
    TIM2_IRQHandler                          0x080001b7   Thumb Code     0  startup_stm32f407xx.o(.text)
    TIM3_IRQHandler                          0x080001b7   Thumb Code     0  startup_stm32f407xx.o(.text)
    TIM4_IRQHandler                          0x080001b7   Thumb Code     0  startup_stm32f407xx.o(.text)
    TIM5_IRQHandler                          0x080001b7   Thumb Code     0  startup_stm32f407xx.o(.text)
    TIM6_DAC_IRQHandler                      0x080001b7   Thumb Code     0  startup_stm32f407xx.o(.text)
    TIM7_IRQHandler                          0x080001b7   Thumb Code     0  startup_stm32f407xx.o(.text)
    TIM8_BRK_TIM12_IRQHandler                0x080001b7   Thumb Code     0  startup_stm32f407xx.o(.text)
    TIM8_CC_IRQHandler                       0x080001b7   Thumb Code     0  startup_stm32f407xx.o(.text)
    TIM8_TRG_COM_TIM14_IRQHandler            0x080001b7   Thumb Code     0  startup_stm32f407xx.o(.text)
    TIM8_UP_TIM13_IRQHandler                 0x080001b7   Thumb Code     0  startup_stm32f407xx.o(.text)
    UART5_IRQHandler                         0x080001b7   Thumb Code     0  startup_stm32f407xx.o(.text)
    USART1_IRQHandler                        0x080001b7   Thumb Code     0  startup_stm32f407xx.o(.text)
    USART2_IRQHandler                        0x080001b7   Thumb Code     0  startup_stm32f407xx.o(.text)
    USART3_IRQHandler                        0x080001b7   Thumb Code     0  startup_stm32f407xx.o(.text)
    USART6_IRQHandler                        0x080001b7   Thumb Code     0  startup_stm32f407xx.o(.text)
    WWDG_IRQHandler                          0x080001b7   Thumb Code     0  startup_stm32f407xx.o(.text)
    __aeabi_memcpy                           0x080001c1   Thumb Code    36  memcpya.o(.text)
    __aeabi_memcpy4                          0x080001c1   Thumb Code     0  memcpya.o(.text)
    __aeabi_memcpy8                          0x080001c1   Thumb Code     0  memcpya.o(.text)
    __aeabi_dadd                             0x080001e5   Thumb Code   322  dadd.o(.text)
    __aeabi_dsub                             0x08000327   Thumb Code     6  dadd.o(.text)
    __aeabi_drsub                            0x0800032d   Thumb Code     6  dadd.o(.text)
    __aeabi_dmul                             0x08000333   Thumb Code   228  dmul.o(.text)
    __aeabi_ddiv                             0x08000417   Thumb Code   222  ddiv.o(.text)
    __aeabi_f2d                              0x080004f5   Thumb Code    38  f2d.o(.text)
    __aeabi_d2f                              0x0800051b   Thumb Code    56  d2f.o(.text)
    __aeabi_llsl                             0x08000553   Thumb Code    30  llshl.o(.text)
    _ll_shift_l                              0x08000553   Thumb Code     0  llshl.o(.text)
    __aeabi_lasr                             0x08000571   Thumb Code    36  llsshr.o(.text)
    _ll_sshift_r                             0x08000571   Thumb Code     0  llsshr.o(.text)
    __I$use$fp                               0x08000595   Thumb Code     0  iusefp.o(.text)
    _float_round                             0x08000595   Thumb Code    18  fepilogue.o(.text)
    _float_epilogue                          0x080005a7   Thumb Code    92  fepilogue.o(.text)
    _double_round                            0x08000603   Thumb Code    30  depilogue.o(.text)
    _double_epilogue                         0x08000621   Thumb Code   156  depilogue.o(.text)
    _dsqrt                                   0x080006bd   Thumb Code   162  dsqrt.o(.text)
    __scatterload                            0x08000761   Thumb Code    28  init.o(.text)
    __scatterload_rt2                        0x08000761   Thumb Code     0  init.o(.text)
    __aeabi_llsr                             0x08000785   Thumb Code    32  llushr.o(.text)
    _ll_ushift_r                             0x08000785   Thumb Code     0  llushr.o(.text)
    __aeabi_i2d                              0x080007a5   Thumb Code    34  dflti.o(.text)
    __aeabi_ui2d                             0x080007c7   Thumb Code    26  dfltui.o(.text)
    __aeabi_d2iz                             0x080007e1   Thumb Code    62  dfixi.o(.text)
    BusFault_Handler                         0x0800081f   Thumb Code     2  stm32f4xx_it.o(i.BusFault_Handler)
    Calculate_Static_Acc                     0x08000821   Thumb Code   250  imu.o(i.Calculate_Static_Acc)
    DebugMon_Handler                         0x08000921   Thumb Code     2  stm32f4xx_it.o(i.DebugMon_Handler)
    HAL_DMA_Abort_IT                         0x08000923   Thumb Code    36  stm32f4xx_hal_dma.o(i.HAL_DMA_Abort_IT)
    HAL_Delay                                0x08000947   Thumb Code    28  stm32f4xx_hal.o(i.HAL_Delay)
    HAL_GPIO_Init                            0x08000965   Thumb Code   388  stm32f4xx_hal_gpio.o(i.HAL_GPIO_Init)
    HAL_GPIO_TogglePin                       0x08000b15   Thumb Code     8  stm32f4xx_hal_gpio.o(i.HAL_GPIO_TogglePin)
    HAL_GPIO_WritePin                        0x08000b1d   Thumb Code    10  stm32f4xx_hal_gpio.o(i.HAL_GPIO_WritePin)
    HAL_GetTick                              0x08000b29   Thumb Code     6  stm32f4xx_hal.o(i.HAL_GetTick)
    HAL_I2C_Init                             0x08000b35   Thumb Code   254  stm32f4xx_hal_i2c.o(i.HAL_I2C_Init)
    HAL_I2C_Mem_Read                         0x08000c3d   Thumb Code   496  stm32f4xx_hal_i2c.o(i.HAL_I2C_Mem_Read)
    HAL_I2C_Mem_Write                        0x08000e39   Thumb Code   306  stm32f4xx_hal_i2c.o(i.HAL_I2C_Mem_Write)
    HAL_I2C_MspInit                          0x08000f75   Thumb Code    64  i2c.o(i.HAL_I2C_MspInit)
    HAL_IncTick                              0x08000fc1   Thumb Code    10  stm32f4xx_hal.o(i.HAL_IncTick)
    HAL_Init                                 0x08000fd1   Thumb Code    48  stm32f4xx_hal.o(i.HAL_Init)
    HAL_InitTick                             0x08001005   Thumb Code    34  stm32f4xx_hal.o(i.HAL_InitTick)
    HAL_MspInit                              0x0800102d   Thumb Code    88  stm32f4xx_hal_msp.o(i.HAL_MspInit)
    HAL_NVIC_EnableIRQ                       0x08001085   Thumb Code    22  stm32f4xx_hal_cortex.o(i.HAL_NVIC_EnableIRQ)
    HAL_NVIC_SetPriority                     0x0800109d   Thumb Code    60  stm32f4xx_hal_cortex.o(i.HAL_NVIC_SetPriority)
    HAL_NVIC_SetPriorityGrouping             0x080010dd   Thumb Code    26  stm32f4xx_hal_cortex.o(i.HAL_NVIC_SetPriorityGrouping)
    HAL_RCC_ClockConfig                      0x08001101   Thumb Code   364  stm32f4xx_hal_rcc.o(i.HAL_RCC_ClockConfig)
    HAL_RCC_GetHCLKFreq                      0x0800127d   Thumb Code     6  stm32f4xx_hal_rcc.o(i.HAL_RCC_GetHCLKFreq)
    HAL_RCC_GetPCLK1Freq                     0x08001289   Thumb Code    34  stm32f4xx_hal_rcc.o(i.HAL_RCC_GetPCLK1Freq)
    HAL_RCC_GetPCLK2Freq                     0x080012b9   Thumb Code    34  stm32f4xx_hal_rcc.o(i.HAL_RCC_GetPCLK2Freq)
    HAL_RCC_GetSysClockFreq                  0x080012e9   Thumb Code   104  stm32f4xx_hal_rcc.o(i.HAL_RCC_GetSysClockFreq)
    HAL_RCC_OscConfig                        0x0800135d   Thumb Code   770  stm32f4xx_hal_rcc.o(i.HAL_RCC_OscConfig)
    HAL_SYSTICK_CLKSourceConfig              0x08001671   Thumb Code    24  stm32f4xx_hal_cortex.o(i.HAL_SYSTICK_CLKSourceConfig)
    HAL_SYSTICK_Callback                     0x08001689   Thumb Code     2  stm32f4xx_hal_cortex.o(i.HAL_SYSTICK_Callback)
    HAL_SYSTICK_Config                       0x0800168b   Thumb Code    40  stm32f4xx_hal_cortex.o(i.HAL_SYSTICK_Config)
    HAL_SYSTICK_IRQHandler                   0x080016b3   Thumb Code     8  stm32f4xx_hal_cortex.o(i.HAL_SYSTICK_IRQHandler)
    HAL_TIMEx_MasterConfigSynchronization    0x080016bb   Thumb Code    80  stm32f4xx_hal_tim_ex.o(i.HAL_TIMEx_MasterConfigSynchronization)
    HAL_TIM_Base_Init                        0x0800170b   Thumb Code    54  stm32f4xx_hal_tim.o(i.HAL_TIM_Base_Init)
    HAL_TIM_Base_MspInit                     0x08001741   Thumb Code    30  tim.o(i.HAL_TIM_Base_MspInit)
    HAL_TIM_Base_Start                       0x08001769   Thumb Code    26  stm32f4xx_hal_tim.o(i.HAL_TIM_Base_Start)
    HAL_TIM_ConfigClockSource                0x08001783   Thumb Code   242  stm32f4xx_hal_tim.o(i.HAL_TIM_ConfigClockSource)
    HAL_UART_ErrorCallback                   0x08001875   Thumb Code     2  stm32f4xx_hal_uart.o(i.HAL_UART_ErrorCallback)
    HAL_UART_IRQHandler                      0x08001879   Thumb Code   266  stm32f4xx_hal_uart.o(i.HAL_UART_IRQHandler)
    HAL_UART_Init                            0x08001989   Thumb Code    98  stm32f4xx_hal_uart.o(i.HAL_UART_Init)
    HAL_UART_MspInit                         0x080019ed   Thumb Code   122  usart.o(i.HAL_UART_MspInit)
    HAL_UART_RxCpltCallback                  0x08001a79   Thumb Code     2  stm32f4xx_hal_uart.o(i.HAL_UART_RxCpltCallback)
    HAL_UART_Transmit                        0x08001a7b   Thumb Code   186  stm32f4xx_hal_uart.o(i.HAL_UART_Transmit)
    HAL_UART_TxCpltCallback                  0x08001b35   Thumb Code     2  stm32f4xx_hal_uart.o(i.HAL_UART_TxCpltCallback)
    HardFault_Handler                        0x08001b37   Thumb Code     2  stm32f4xx_it.o(i.HardFault_Handler)
    MX_GPIO_Init                             0x08001ed9   Thumb Code   138  gpio.o(i.MX_GPIO_Init)
    MX_I2C2_Init                             0x08001f71   Thumb Code    54  i2c.o(i.MX_I2C2_Init)
    MX_TIM1_Init                             0x08001fc5   Thumb Code    96  tim.o(i.MX_TIM1_Init)
    MX_UART4_Init                            0x0800203d   Thumb Code    52  usart.o(i.MX_UART4_Init)
    MX_USART2_UART_Init                      0x08002089   Thumb Code    52  usart.o(i.MX_USART2_UART_Init)
    MahonyAHRSupdateIMU                      0x080020d5   Thumb Code   370  imu.o(i.MahonyAHRSupdateIMU)
    MemManage_Handler                        0x08002255   Thumb Code     2  stm32f4xx_it.o(i.MemManage_Handler)
    Mpu_Read                                 0x08002259   Thumb Code    36  mpu6050.o(i.Mpu_Read)
    Mpu_Read_acc                             0x08002281   Thumb Code   182  mpu6050.o(i.Mpu_Read_acc)
    Mpu_Read_gyro                            0x08002341   Thumb Code   248  mpu6050.o(i.Mpu_Read_gyro)
    Mpu_Write                                0x08002449   Thumb Code    30  mpu6050.o(i.Mpu_Write)
    Mpu_update                               0x08002467   Thumb Code    24  mpu6050.o(i.Mpu_update)
    NMI_Handler                              0x0800247f   Thumb Code     2  stm32f4xx_it.o(i.NMI_Handler)
    PendSV_Handler                           0x080024a1   Thumb Code     2  stm32f4xx_it.o(i.PendSV_Handler)
    SVC_Handler                              0x080024a3   Thumb Code     2  stm32f4xx_it.o(i.SVC_Handler)
    SysTick_Handler                          0x080024a5   Thumb Code    14  stm32f4xx_it.o(i.SysTick_Handler)
    SystemClock_Config                       0x080024b5   Thumb Code   150  main.o(i.SystemClock_Config)
    SystemInit                               0x08002555   Thumb Code    66  system_stm32f4xx.o(i.SystemInit)
    TIM_Base_SetConfig                       0x080025a9   Thumb Code   148  stm32f4xx_hal_tim.o(i.TIM_Base_SetConfig)
    UART4_IRQHandler                         0x080026d5   Thumb Code     6  stm32f4xx_it.o(i.UART4_IRQHandler)
    UART_send_Dyna_buffer                    0x08002b0d   Thumb Code    12  function.o(i.UART_send_Dyna_buffer)
    Update_Euler_angles                      0x08002b21   Thumb Code   714  imu.o(i.Update_Euler_angles)
    Update_Gravity                           0x08002e19   Thumb Code   164  mpu6050.o(i.Update_Gravity)
    Update_IMU_Data_Mahony                   0x08002ec5   Thumb Code    40  imu.o(i.Update_IMU_Data_Mahony)
    UsageFault_Handler                       0x08002eed   Thumb Code     2  stm32f4xx_it.o(i.UsageFault_Handler)
    _Error_Handler                           0x08002eef   Thumb Code     2  main.o(i._Error_Handler)
    __ARM_fpclassify                         0x08002ef1   Thumb Code    48  fpclassify.o(i.__ARM_fpclassify)
    __hardfp_asin                            0x08002f21   Thumb Code   770  asin.o(i.__hardfp_asin)
    __hardfp_atan                            0x08003281   Thumb Code   622  atan.o(i.__hardfp_atan)
    __hardfp_atan2                           0x08003559   Thumb Code   432  atan2.o(i.__hardfp_atan2)
    __hardfp_sin                             0x08003749   Thumb Code   180  sin.o(i.__hardfp_sin)
    __hardfp_sqrt                            0x08003811   Thumb Code   122  sqrt.o(i.__hardfp_sqrt)
    __hardfp_tan                             0x08003891   Thumb Code   108  tan.o(i.__hardfp_tan)
    __ieee754_rem_pio2                       0x08003911   Thumb Code   938  rred.o(i.__ieee754_rem_pio2)
    __kernel_cos                             0x08003d49   Thumb Code   322  cos_i.o(i.__kernel_cos)
    __kernel_poly                            0x08003eb9   Thumb Code   248  poly.o(i.__kernel_poly)
    __kernel_sin                             0x08003fb1   Thumb Code   280  sin_i.o(i.__kernel_sin)
    __kernel_tan                             0x080040e1   Thumb Code   764  tan_i.o(i.__kernel_tan)
    __mathlib_dbl_infnan                     0x08004431   Thumb Code    20  dunder.o(i.__mathlib_dbl_infnan)
    __mathlib_dbl_infnan2                    0x08004445   Thumb Code    20  dunder.o(i.__mathlib_dbl_infnan2)
    __mathlib_dbl_invalid                    0x08004459   Thumb Code    24  dunder.o(i.__mathlib_dbl_invalid)
    __mathlib_dbl_underflow                  0x08004479   Thumb Code    24  dunder.o(i.__mathlib_dbl_underflow)
    __scatterload_copy                       0x08004499   Thumb Code    14  handlers.o(i.__scatterload_copy)
    __scatterload_null                       0x080044a7   Thumb Code     2  handlers.o(i.__scatterload_null)
    __scatterload_zeroinit                   0x080044a9   Thumb Code    14  handlers.o(i.__scatterload_zeroinit)
    __set_errno                              0x080044b9   Thumb Code     6  errno.o(i.__set_errno)
    atan                                     0x080044c5   Thumb Code    16  atan.o(i.atan)
    fabs                                     0x080044d5   Thumb Code    24  fabs.o(i.fabs)
    go_to_postion                            0x080044ed   Thumb Code    66  function.o(i.go_to_postion)
    gyro_calib                               0x0800453d   Thumb Code   148  mpu6050.o(i.gyro_calib)
    hiphop                                   0x080045d9   Thumb Code    56  function.o(i.hiphop)
    init_mpu                                 0x08004615   Thumb Code   240  mpu6050.o(i.init_mpu)
    invSqrt                                  0x08004705   Thumb Code    40  imu.o(i.invSqrt)
    main                                     0x08004731   Thumb Code   232  main.o(i.main)
    ping_mpu                                 0x08004851   Thumb Code    40  mpu6050.o(i.ping_mpu)
    putchardyna                              0x08004879   Thumb Code    10  function.o(i.putchardyna)
    set_goal_postion                         0x08004889   Thumb Code    86  function.o(i.set_goal_postion)
    sqrt                                     0x080048df   Thumb Code   110  sqrt.o(i.sqrt)
    update_Accel_weight                      0x0800494d   Thumb Code   256  imu.o(i.update_Accel_weight)
    AHBPrescTable                            0x08004a90   Data          16  system_stm32f4xx.o(.constdata)
    APBPrescTable                            0x08004aa0   Data           8  system_stm32f4xx.o(.constdata)
    __mathlib_zero                           0x08004bc0   Data           8  qnan.o(.constdata)
    Region$$Table$$Base                      0x08004d18   Number         0  anon$$obj.o(Region$$Table)
    Region$$Table$$Limit                     0x08004d38   Number         0  anon$$obj.o(Region$$Table)
    SystemCoreClock                          0x20000000   Data           4  system_stm32f4xx.o(.data)
    uwTick                                   0x20000004   Data           4  stm32f4xx_hal.o(.data)
    teemp                                    0x20000008   Data           1  mpu6050.o(.data)
    _con                                     0x2000000a   Data           2  mpu6050.o(.data)
    htim1                                    0x20000010   Data          60  tim.o(.bss)
    huart4                                   0x2000004c   Data          64  usart.o(.bss)
    huart2                                   0x2000008c   Data          64  usart.o(.bss)
    hi2c2                                    0x200000cc   Data          84  i2c.o(.bss)
    UART_bufferfbus                          0x20000120   Data         100  global_variable.o(.bss)
    Mahony                                   0x20000184   Data          96  imu.o(.bss)
    Mahony_ODO                               0x200001e4   Data          96  imu.o(.bss)
    Mpu                                      0x20000244   Data         176  mpu6050.o(.bss)
    Mpu_ODO                                  0x200002f4   Data         176  mpu6050.o(.bss)
    __initial_sp                             0x200007a8   Data           0  startup_stm32f407xx.o(STACK)



==============================================================================

Memory Map of the image

  Image Entry point : 0x08000189

  Load Region LR_IROM1 (Base: 0x08000000, Size: 0x00004d48, Max: 0x00100000, ABSOLUTE)

    Execution Region ER_IROM1 (Exec base: 0x08000000, Load base: 0x08000000, Size: 0x00004d38, Max: 0x00100000, ABSOLUTE)

    Exec Addr    Load Addr    Size         Type   Attr      Idx    E Section Name        Object

    0x08000000   0x08000000   0x00000188   Data   RO         2770    RESET               startup_stm32f407xx.o
    0x08000188   0x08000188   0x00000000   Code   RO         3441  * .ARM.Collect$$$$00000000  mc_w.l(entry.o)
    0x08000188   0x08000188   0x00000004   Code   RO         3517    .ARM.Collect$$$$00000001  mc_w.l(entry2.o)
    0x0800018c   0x0800018c   0x00000004   Code   RO         3520    .ARM.Collect$$$$00000004  mc_w.l(entry5.o)
    0x08000190   0x08000190   0x00000000   Code   RO         3522    .ARM.Collect$$$$00000008  mc_w.l(entry7b.o)
    0x08000190   0x08000190   0x00000000   Code   RO         3524    .ARM.Collect$$$$0000000A  mc_w.l(entry8b.o)
    0x08000190   0x08000190   0x00000008   Code   RO         3525    .ARM.Collect$$$$0000000B  mc_w.l(entry9a.o)
    0x08000198   0x08000198   0x00000000   Code   RO         3527    .ARM.Collect$$$$0000000D  mc_w.l(entry10a.o)
    0x08000198   0x08000198   0x00000000   Code   RO         3529    .ARM.Collect$$$$0000000F  mc_w.l(entry11a.o)
    0x08000198   0x08000198   0x00000004   Code   RO         3518    .ARM.Collect$$$$00002712  mc_w.l(entry2.o)
    0x0800019c   0x0800019c   0x00000024   Code   RO         2771    .text               startup_stm32f407xx.o
    0x080001c0   0x080001c0   0x00000024   Code   RO         3444    .text               mc_w.l(memcpya.o)
    0x080001e4   0x080001e4   0x0000014e   Code   RO         3448    .text               mf_w.l(dadd.o)
    0x08000332   0x08000332   0x000000e4   Code   RO         3450    .text               mf_w.l(dmul.o)
    0x08000416   0x08000416   0x000000de   Code   RO         3452    .text               mf_w.l(ddiv.o)
    0x080004f4   0x080004f4   0x00000026   Code   RO         3454    .text               mf_w.l(f2d.o)
    0x0800051a   0x0800051a   0x00000038   Code   RO         3456    .text               mf_w.l(d2f.o)
    0x08000552   0x08000552   0x0000001e   Code   RO         3531    .text               mc_w.l(llshl.o)
    0x08000570   0x08000570   0x00000024   Code   RO         3533    .text               mc_w.l(llsshr.o)
    0x08000594   0x08000594   0x00000000   Code   RO         3542    .text               mc_w.l(iusefp.o)
    0x08000594   0x08000594   0x0000006e   Code   RO         3543    .text               mf_w.l(fepilogue.o)
    0x08000602   0x08000602   0x000000ba   Code   RO         3545    .text               mf_w.l(depilogue.o)
    0x080006bc   0x080006bc   0x000000a2   Code   RO         3549    .text               mf_w.l(dsqrt.o)
    0x0800075e   0x0800075e   0x00000002   PAD
    0x08000760   0x08000760   0x00000024   Code   RO         3553    .text               mc_w.l(init.o)
    0x08000784   0x08000784   0x00000020   Code   RO         3555    .text               mc_w.l(llushr.o)
    0x080007a4   0x080007a4   0x00000022   Code   RO         3557    .text               mf_w.l(dflti.o)
    0x080007c6   0x080007c6   0x0000001a   Code   RO         3559    .text               mf_w.l(dfltui.o)
    0x080007e0   0x080007e0   0x0000003e   Code   RO         3561    .text               mf_w.l(dfixi.o)
    0x0800081e   0x0800081e   0x00000002   Code   RO         2802    i.BusFault_Handler  stm32f4xx_it.o
    0x08000820   0x08000820   0x00000100   Code   RO         3235    i.Calculate_Static_Acc  imu.o
    0x08000920   0x08000920   0x00000002   Code   RO         2803    i.DebugMon_Handler  stm32f4xx_it.o
    0x08000922   0x08000922   0x00000024   Code   RO          650    i.HAL_DMA_Abort_IT  stm32f4xx_hal_dma.o
    0x08000946   0x08000946   0x0000001c   Code   RO          269    i.HAL_Delay         stm32f4xx_hal.o
    0x08000962   0x08000962   0x00000002   PAD
    0x08000964   0x08000964   0x000001b0   Code   RO         1404    i.HAL_GPIO_Init     stm32f4xx_hal_gpio.o
    0x08000b14   0x08000b14   0x00000008   Code   RO         1407    i.HAL_GPIO_TogglePin  stm32f4xx_hal_gpio.o
    0x08000b1c   0x08000b1c   0x0000000a   Code   RO         1408    i.HAL_GPIO_WritePin  stm32f4xx_hal_gpio.o
    0x08000b26   0x08000b26   0x00000002   PAD
    0x08000b28   0x08000b28   0x0000000c   Code   RO          275    i.HAL_GetTick       stm32f4xx_hal.o
    0x08000b34   0x08000b34   0x00000108   Code   RO         1718    i.HAL_I2C_Init      stm32f4xx_hal_i2c.o
    0x08000c3c   0x08000c3c   0x000001fc   Code   RO         1734    i.HAL_I2C_Mem_Read  stm32f4xx_hal_i2c.o
    0x08000e38   0x08000e38   0x0000013c   Code   RO         1737    i.HAL_I2C_Mem_Write  stm32f4xx_hal_i2c.o
    0x08000f74   0x08000f74   0x0000004c   Code   RO         3078    i.HAL_I2C_MspInit   i2c.o
    0x08000fc0   0x08000fc0   0x00000010   Code   RO          277    i.HAL_IncTick       stm32f4xx_hal.o
    0x08000fd0   0x08000fd0   0x00000034   Code   RO          278    i.HAL_Init          stm32f4xx_hal.o
    0x08001004   0x08001004   0x00000028   Code   RO          279    i.HAL_InitTick      stm32f4xx_hal.o
    0x0800102c   0x0800102c   0x00000058   Code   RO         2778    i.HAL_MspInit       stm32f4xx_hal_msp.o
    0x08001084   0x08001084   0x00000016   Code   RO          474    i.HAL_NVIC_EnableIRQ  stm32f4xx_hal_cortex.o
    0x0800109a   0x0800109a   0x00000002   PAD
    0x0800109c   0x0800109c   0x00000040   Code   RO          480    i.HAL_NVIC_SetPriority  stm32f4xx_hal_cortex.o
    0x080010dc   0x080010dc   0x00000024   Code   RO          481    i.HAL_NVIC_SetPriorityGrouping  stm32f4xx_hal_cortex.o
    0x08001100   0x08001100   0x0000017c   Code   RO         1486    i.HAL_RCC_ClockConfig  stm32f4xx_hal_rcc.o
    0x0800127c   0x0800127c   0x0000000c   Code   RO         1491    i.HAL_RCC_GetHCLKFreq  stm32f4xx_hal_rcc.o
    0x08001288   0x08001288   0x00000030   Code   RO         1493    i.HAL_RCC_GetPCLK1Freq  stm32f4xx_hal_rcc.o
    0x080012b8   0x080012b8   0x00000030   Code   RO         1494    i.HAL_RCC_GetPCLK2Freq  stm32f4xx_hal_rcc.o
    0x080012e8   0x080012e8   0x00000074   Code   RO         1495    i.HAL_RCC_GetSysClockFreq  stm32f4xx_hal_rcc.o
    0x0800135c   0x0800135c   0x00000314   Code   RO         1498    i.HAL_RCC_OscConfig  stm32f4xx_hal_rcc.o
    0x08001670   0x08001670   0x00000018   Code   RO          483    i.HAL_SYSTICK_CLKSourceConfig  stm32f4xx_hal_cortex.o
    0x08001688   0x08001688   0x00000002   Code   RO          484    i.HAL_SYSTICK_Callback  stm32f4xx_hal_cortex.o
    0x0800168a   0x0800168a   0x00000028   Code   RO          485    i.HAL_SYSTICK_Config  stm32f4xx_hal_cortex.o
    0x080016b2   0x080016b2   0x00000008   Code   RO          486    i.HAL_SYSTICK_IRQHandler  stm32f4xx_hal_cortex.o
    0x080016ba   0x080016ba   0x00000050   Code   RO         2122    i.HAL_TIMEx_MasterConfigSynchronization  stm32f4xx_hal_tim_ex.o
    0x0800170a   0x0800170a   0x00000036   Code   RO          754    i.HAL_TIM_Base_Init  stm32f4xx_hal_tim.o
    0x08001740   0x08001740   0x00000028   Code   RO         2912    i.HAL_TIM_Base_MspInit  tim.o
    0x08001768   0x08001768   0x0000001a   Code   RO          757    i.HAL_TIM_Base_Start  stm32f4xx_hal_tim.o
    0x08001782   0x08001782   0x000000f2   Code   RO          763    i.HAL_TIM_ConfigClockSource  stm32f4xx_hal_tim.o
    0x08001874   0x08001874   0x00000002   Code   RO         2466    i.HAL_UART_ErrorCallback  stm32f4xx_hal_uart.o
    0x08001876   0x08001876   0x00000002   PAD
    0x08001878   0x08001878   0x00000110   Code   RO         2469    i.HAL_UART_IRQHandler  stm32f4xx_hal_uart.o
    0x08001988   0x08001988   0x00000062   Code   RO         2470    i.HAL_UART_Init     stm32f4xx_hal_uart.o
    0x080019ea   0x080019ea   0x00000002   PAD
    0x080019ec   0x080019ec   0x0000008c   Code   RO         3030    i.HAL_UART_MspInit  usart.o
    0x08001a78   0x08001a78   0x00000002   Code   RO         2476    i.HAL_UART_RxCpltCallback  stm32f4xx_hal_uart.o
    0x08001a7a   0x08001a7a   0x000000ba   Code   RO         2478    i.HAL_UART_Transmit  stm32f4xx_hal_uart.o
    0x08001b34   0x08001b34   0x00000002   Code   RO         2481    i.HAL_UART_TxCpltCallback  stm32f4xx_hal_uart.o
    0x08001b36   0x08001b36   0x00000002   Code   RO         2804    i.HardFault_Handler  stm32f4xx_it.o
    0x08001b38   0x08001b38   0x00000028   Code   RO         1756    i.I2C_IsAcknowledgeFailed  stm32f4xx_hal_i2c.o
    0x08001b60   0x08001b60   0x000000f0   Code   RO         1765    i.I2C_RequestMemoryRead  stm32f4xx_hal_i2c.o
    0x08001c50   0x08001c50   0x000000a0   Code   RO         1766    i.I2C_RequestMemoryWrite  stm32f4xx_hal_i2c.o
    0x08001cf0   0x08001cf0   0x0000004e   Code   RO         1769    i.I2C_WaitOnBTFFlagUntilTimeout  stm32f4xx_hal_i2c.o
    0x08001d3e   0x08001d3e   0x00000060   Code   RO         1770    i.I2C_WaitOnFlagUntilTimeout  stm32f4xx_hal_i2c.o
    0x08001d9e   0x08001d9e   0x00000002   PAD
    0x08001da0   0x08001da0   0x00000088   Code   RO         1771    i.I2C_WaitOnMasterAddressFlagUntilTimeout  stm32f4xx_hal_i2c.o
    0x08001e28   0x08001e28   0x00000062   Code   RO         1772    i.I2C_WaitOnRXNEFlagUntilTimeout  stm32f4xx_hal_i2c.o
    0x08001e8a   0x08001e8a   0x0000004e   Code   RO         1773    i.I2C_WaitOnTXEFlagUntilTimeout  stm32f4xx_hal_i2c.o
    0x08001ed8   0x08001ed8   0x00000098   Code   RO         2884    i.MX_GPIO_Init      gpio.o
    0x08001f70   0x08001f70   0x00000054   Code   RO         3079    i.MX_I2C2_Init      i2c.o
    0x08001fc4   0x08001fc4   0x00000078   Code   RO         2913    i.MX_TIM1_Init      tim.o
    0x0800203c   0x0800203c   0x0000004c   Code   RO         3031    i.MX_UART4_Init     usart.o
    0x08002088   0x08002088   0x0000004c   Code   RO         3032    i.MX_USART2_UART_Init  usart.o
    0x080020d4   0x080020d4   0x00000180   Code   RO         3236    i.MahonyAHRSupdateIMU  imu.o
    0x08002254   0x08002254   0x00000002   Code   RO         2805    i.MemManage_Handler  stm32f4xx_it.o
    0x08002256   0x08002256   0x00000002   PAD
    0x08002258   0x08002258   0x00000028   Code   RO         3303    i.Mpu_Read          mpu6050.o
    0x08002280   0x08002280   0x000000c0   Code   RO         3304    i.Mpu_Read_acc      mpu6050.o
    0x08002340   0x08002340   0x00000108   Code   RO         3305    i.Mpu_Read_gyro     mpu6050.o
    0x08002448   0x08002448   0x0000001e   Code   RO         3306    i.Mpu_Write         mpu6050.o
    0x08002466   0x08002466   0x00000018   Code   RO         3307    i.Mpu_update        mpu6050.o
    0x0800247e   0x0800247e   0x00000002   Code   RO         2806    i.NMI_Handler       stm32f4xx_it.o
    0x08002480   0x08002480   0x00000020   Code   RO          487    i.NVIC_SetPriority  stm32f4xx_hal_cortex.o
    0x080024a0   0x080024a0   0x00000002   Code   RO         2807    i.PendSV_Handler    stm32f4xx_it.o
    0x080024a2   0x080024a2   0x00000002   Code   RO         2808    i.SVC_Handler       stm32f4xx_it.o
    0x080024a4   0x080024a4   0x0000000e   Code   RO         2809    i.SysTick_Handler   stm32f4xx_it.o
    0x080024b2   0x080024b2   0x00000002   PAD
    0x080024b4   0x080024b4   0x000000a0   Code   RO         2953    i.SystemClock_Config  main.o
    0x08002554   0x08002554   0x00000054   Code   RO            5    i.SystemInit        system_stm32f4xx.o
    0x080025a8   0x080025a8   0x000000c0   Code   RO          838    i.TIM_Base_SetConfig  stm32f4xx_hal_tim.o
    0x08002668   0x08002668   0x00000014   Code   RO          845    i.TIM_ETR_SetConfig  stm32f4xx_hal_tim.o
    0x0800267c   0x0800267c   0x00000010   Code   RO          846    i.TIM_ITRx_SetConfig  stm32f4xx_hal_tim.o
    0x0800268c   0x0800268c   0x00000022   Code   RO          852    i.TIM_TI1_ConfigInputStage  stm32f4xx_hal_tim.o
    0x080026ae   0x080026ae   0x00000024   Code   RO          854    i.TIM_TI2_ConfigInputStage  stm32f4xx_hal_tim.o
    0x080026d2   0x080026d2   0x00000002   PAD
    0x080026d4   0x080026d4   0x0000000c   Code   RO         2810    i.UART4_IRQHandler  stm32f4xx_it.o
    0x080026e0   0x080026e0   0x00000010   Code   RO         2483    i.UART_DMAAbortOnError  stm32f4xx_hal_uart.o
    0x080026f0   0x080026f0   0x0000001c   Code   RO         2493    i.UART_EndRxTransfer  stm32f4xx_hal_uart.o
    0x0800270c   0x0800270c   0x0000008c   Code   RO         2495    i.UART_Receive_IT   stm32f4xx_hal_uart.o
    0x08002798   0x08002798   0x000002ac   Code   RO         2496    i.UART_SetConfig    stm32f4xx_hal_uart.o
    0x08002a44   0x08002a44   0x00000062   Code   RO         2497    i.UART_Transmit_IT  stm32f4xx_hal_uart.o
    0x08002aa6   0x08002aa6   0x00000064   Code   RO         2498    i.UART_WaitOnFlagUntilTimeout  stm32f4xx_hal_uart.o
    0x08002b0a   0x08002b0a   0x00000002   PAD
    0x08002b0c   0x08002b0c   0x00000014   Code   RO         3119    i.UART_send_Dyna_buffer  function.o
    0x08002b20   0x08002b20   0x000002f8   Code   RO         3238    i.Update_Euler_angles  imu.o
    0x08002e18   0x08002e18   0x000000ac   Code   RO         3308    i.Update_Gravity    mpu6050.o
    0x08002ec4   0x08002ec4   0x00000028   Code   RO         3239    i.Update_IMU_Data_Mahony  imu.o
    0x08002eec   0x08002eec   0x00000002   Code   RO         2811    i.UsageFault_Handler  stm32f4xx_it.o
    0x08002eee   0x08002eee   0x00000002   Code   RO         2954    i._Error_Handler    main.o
    0x08002ef0   0x08002ef0   0x00000030   Code   RO         3495    i.__ARM_fpclassify  m_wm.l(fpclassify.o)
    0x08002f20   0x08002f20   0x00000360   Code   RO         3379    i.__hardfp_asin     m_wm.l(asin.o)
    0x08003280   0x08003280   0x000002d8   Code   RO         3458    i.__hardfp_atan     m_wm.l(atan.o)
    0x08003558   0x08003558   0x000001f0   Code   RO         3393    i.__hardfp_atan2    m_wm.l(atan2.o)
    0x08003748   0x08003748   0x000000c8   Code   RO         3405    i.__hardfp_sin      m_wm.l(sin.o)
    0x08003810   0x08003810   0x0000007a   Code   RO         3417    i.__hardfp_sqrt     m_wm.l(sqrt.o)
    0x0800388a   0x0800388a   0x00000006   PAD
    0x08003890   0x08003890   0x00000080   Code   RO         3429    i.__hardfp_tan      m_wm.l(tan.o)
    0x08003910   0x08003910   0x00000438   Code   RO         3500    i.__ieee754_rem_pio2  m_wm.l(rred.o)
    0x08003d48   0x08003d48   0x00000170   Code   RO         3472    i.__kernel_cos      m_wm.l(cos_i.o)
    0x08003eb8   0x08003eb8   0x000000f8   Code   RO         3497    i.__kernel_poly     m_wm.l(poly.o)
    0x08003fb0   0x08003fb0   0x00000130   Code   RO         3505    i.__kernel_sin      m_wm.l(sin_i.o)
    0x080040e0   0x080040e0   0x00000350   Code   RO         3511    i.__kernel_tan      m_wm.l(tan_i.o)
    0x08004430   0x08004430   0x00000014   Code   RO         3476    i.__mathlib_dbl_infnan  m_wm.l(dunder.o)
    0x08004444   0x08004444   0x00000014   Code   RO         3477    i.__mathlib_dbl_infnan2  m_wm.l(dunder.o)
    0x08004458   0x08004458   0x00000020   Code   RO         3478    i.__mathlib_dbl_invalid  m_wm.l(dunder.o)
    0x08004478   0x08004478   0x00000020   Code   RO         3481    i.__mathlib_dbl_underflow  m_wm.l(dunder.o)
    0x08004498   0x08004498   0x0000000e   Code   RO         3565    i.__scatterload_copy  mc_w.l(handlers.o)
    0x080044a6   0x080044a6   0x00000002   Code   RO         3566    i.__scatterload_null  mc_w.l(handlers.o)
    0x080044a8   0x080044a8   0x0000000e   Code   RO         3567    i.__scatterload_zeroinit  mc_w.l(handlers.o)
    0x080044b6   0x080044b6   0x00000002   PAD
    0x080044b8   0x080044b8   0x0000000c   Code   RO         3537    i.__set_errno       mc_w.l(errno.o)
    0x080044c4   0x080044c4   0x00000010   Code   RO         3460    i.atan              m_wm.l(atan.o)
    0x080044d4   0x080044d4   0x00000018   Code   RO         3491    i.fabs              m_wm.l(fabs.o)
    0x080044ec   0x080044ec   0x00000050   Code   RO         3122    i.go_to_postion     function.o
    0x0800453c   0x0800453c   0x0000009c   Code   RO         3309    i.gyro_calib        mpu6050.o
    0x080045d8   0x080045d8   0x0000003c   Code   RO         3123    i.hiphop            function.o
    0x08004614   0x08004614   0x000000f0   Code   RO         3310    i.init_mpu          mpu6050.o
    0x08004704   0x08004704   0x0000002c   Code   RO         3240    i.invSqrt           imu.o
    0x08004730   0x08004730   0x00000120   Code   RO         2955    i.main              main.o
    0x08004850   0x08004850   0x00000028   Code   RO         3311    i.ping_mpu          mpu6050.o
    0x08004878   0x08004878   0x00000010   Code   RO         3124    i.putchardyna       function.o
    0x08004888   0x08004888   0x00000056   Code   RO         3126    i.set_goal_postion  function.o
    0x080048de   0x080048de   0x0000006e   Code   RO         3419    i.sqrt              m_wm.l(sqrt.o)
    0x0800494c   0x0800494c   0x00000144   Code   RO         3241    i.update_Accel_weight  imu.o
    0x08004a90   0x08004a90   0x00000010   Data   RO            6    .constdata          system_stm32f4xx.o
    0x08004aa0   0x08004aa0   0x00000008   Data   RO            7    .constdata          system_stm32f4xx.o
    0x08004aa8   0x08004aa8   0x00000050   Data   RO         3382    .constdata          m_wm.l(asin.o)
    0x08004af8   0x08004af8   0x00000098   Data   RO         3461    .constdata          m_wm.l(atan.o)
    0x08004b90   0x08004b90   0x00000030   Data   RO         3473    .constdata          m_wm.l(cos_i.o)
    0x08004bc0   0x08004bc0   0x00000008   Data   RO         3499    .constdata          m_wm.l(qnan.o)
    0x08004bc8   0x08004bc8   0x000000c8   Data   RO         3502    .constdata          m_wm.l(rred.o)
    0x08004c90   0x08004c90   0x00000028   Data   RO         3506    .constdata          m_wm.l(sin_i.o)
    0x08004cb8   0x08004cb8   0x00000060   Data   RO         3512    .constdata          m_wm.l(tan_i.o)
    0x08004d18   0x08004d18   0x00000020   Data   RO         3563    Region$$Table       anon$$obj.o


    Execution Region RW_IRAM1 (Exec base: 0x20000000, Load base: 0x08004d38, Size: 0x000007a8, Max: 0x00020000, ABSOLUTE)

    Exec Addr    Load Addr    Size         Type   Attr      Idx    E Section Name        Object

    0x20000000   0x08004d38   0x00000004   Data   RW            8    .data               system_stm32f4xx.o
    0x20000004   0x08004d3c   0x00000004   Data   RW          284    .data               stm32f4xx_hal.o
    0x20000008   0x08004d40   0x00000004   Data   RW         3314    .data               mpu6050.o
    0x2000000c   0x08004d44   0x00000004   Data   RW         3538    .data               mc_w.l(errno.o)
    0x20000010        -       0x0000003c   Zero   RW         2914    .bss                tim.o
    0x2000004c        -       0x00000080   Zero   RW         3033    .bss                usart.o
    0x200000cc        -       0x00000054   Zero   RW         3080    .bss                i2c.o
    0x20000120        -       0x00000064   Zero   RW         3188    .bss                global_variable.o
    0x20000184        -       0x00000060   Zero   RW         3242    .bss                imu.o
    0x200001e4        -       0x00000060   Zero   RW         3243    .bss                imu.o
    0x20000244        -       0x000000b0   Zero   RW         3312    .bss                mpu6050.o
    0x200002f4        -       0x000000b0   Zero   RW         3313    .bss                mpu6050.o
    0x200003a4   0x08004d48   0x00000004   PAD
    0x200003a8        -       0x00000400   Zero   RW         2768    STACK               startup_stm32f407xx.o


==============================================================================

Image component sizes


      Code (inc. data)   RO Data    RW Data    ZI Data      Debug   Object Name

       262         32          0          0          0       3510   function.o
         0          0          0          0        100       1983   global_variable.o
       152         14          0          0          0        983   gpio.o
       160         42          0          0         84       1673   i2c.o
      1808        138          0          0        192       5977   imu.o
       450         66          0          0          0       6489   main.o
      1158         46          0          4        352       9198   mpu6050.o
        36          8        392          0       1024        820   startup_stm32f407xx.o
       148         22          0          4          0       4543   stm32f4xx_hal.o
       228         14          0          0          0      32293   stm32f4xx_hal_cortex.o
        36          0          0          0          0       1251   stm32f4xx_hal_dma.o
       450         44          0          0          0       3101   stm32f4xx_hal_gpio.o
      2014         36          0          0          0      13138   stm32f4xx_hal_i2c.o
        88          0          0          0          0        538   stm32f4xx_hal_msp.o
      1392         80          0          0          0       5776   stm32f4xx_hal_rcc.o
       620         44          0          0          0       6846   stm32f4xx_hal_tim.o
        80          0          0          0          0       1324   stm32f4xx_hal_tim_ex.o
      1628         14          0          0          0       9747   stm32f4xx_hal_uart.o
        42          6          0          0          0       4753   stm32f4xx_it.o
        84         18         24          4          0     682823   system_stm32f4xx.o
       160         34          0          0         60       1674   tim.o
       292         66          0          0        128       2373   usart.o

    ----------------------------------------------------------------------
     11308        724        448         12       1944     800813   Object Totals
         0          0         32          0          0          0   (incl. Generated)
        20          0          0          0          4          0   (incl. Padding)

    ----------------------------------------------------------------------

      Code (inc. data)   RO Data    RW Data    ZI Data      Debug   Library Member Name

       864         94         80          0          0        280   asin.o
       744        106        152          0          0        352   atan.o
       496         64          0          0          0        192   atan2.o
       368         46         48          0          0        200   cos_i.o
       104         16          0          0          0        496   dunder.o
        24          0          0          0          0        124   fabs.o
        48          0          0          0          0        124   fpclassify.o
       248          0          0          0          0        152   poly.o
         0          0          8          0          0          0   qnan.o
      1080        142        200          0          0        188   rred.o
       200         20          0          0          0        164   sin.o
       304         24         40          0          0        208   sin_i.o
       232          0          0          0          0        296   sqrt.o
       128         20          0          0          0        144   tan.o
       848         84         96          0          0        196   tan_i.o
         0          0          0          0          0          0   entry.o
         0          0          0          0          0          0   entry10a.o
         0          0          0          0          0          0   entry11a.o
         8          4          0          0          0          0   entry2.o
         4          0          0          0          0          0   entry5.o
         0          0          0          0          0          0   entry7b.o
         0          0          0          0          0          0   entry8b.o
         8          4          0          0          0          0   entry9a.o
        12          6          0          4          0         68   errno.o
        30          0          0          0          0          0   handlers.o
        36          8          0          0          0         68   init.o
         0          0          0          0          0          0   iusefp.o
        30          0          0          0          0         68   llshl.o
        36          0          0          0          0         68   llsshr.o
        32          0          0          0          0         68   llushr.o
        36          0          0          0          0         68   memcpya.o
        56          0          0          0          0         88   d2f.o
       334          0          0          0          0        148   dadd.o
       222          0          0          0          0        100   ddiv.o
       186          0          0          0          0        176   depilogue.o
        62          0          0          0          0         80   dfixi.o
        34          0          0          0          0         76   dflti.o
        26          0          0          0          0         76   dfltui.o
       228          0          0          0          0         96   dmul.o
       162          0          0          0          0        100   dsqrt.o
        38          0          0          0          0         68   f2d.o
       110          0          0          0          0        168   fepilogue.o

    ----------------------------------------------------------------------
      7388        638        624          4          0       4700   Library Totals
        10          0          0          0          0          0   (incl. Padding)

    ----------------------------------------------------------------------

      Code (inc. data)   RO Data    RW Data    ZI Data      Debug   Library Name

      5688        616        624          0          0       3116   m_wm.l
       232         22          0          4          0        408   mc_w.l
      1458          0          0          0          0       1176   mf_w.l

    ----------------------------------------------------------------------
      7388        638        624          4          0       4700   Library Totals

    ----------------------------------------------------------------------

==============================================================================


      Code (inc. data)   RO Data    RW Data    ZI Data      Debug   

     18696       1362       1072         16       1944     794289   Grand Totals
     18696       1362       1072         16       1944     794289   ELF Image Totals
     18696       1362       1072         16          0          0   ROM Totals

==============================================================================

    Total RO  Size (Code + RO Data)                19768 (  19.30kB)
    Total RW  Size (RW Data + ZI Data)              1960 (   1.91kB)
    Total ROM Size (Code + RO Data + RW Data)      19784 (  19.32kB)

==============================================================================

