Component: ARM Compiler 5.06 update 6 (build 750) Tool: armlink [4d35ed]

==============================================================================

Section Cross References

    startup_stm32f030x8.o(RESET) refers to startup_stm32f030x8.o(STACK) for __initial_sp
    startup_stm32f030x8.o(RESET) refers to startup_stm32f030x8.o(.text) for Reset_Handler
    startup_stm32f030x8.o(RESET) refers to stm32f0xx_it.o(i.NMI_Handler) for NMI_Handler
    startup_stm32f030x8.o(RESET) refers to stm32f0xx_it.o(i.HardFault_Handler) for HardFault_Handler
    startup_stm32f030x8.o(RESET) refers to stm32f0xx_it.o(i.SVC_Handler) for SVC_Handler
    startup_stm32f030x8.o(RESET) refers to stm32f0xx_it.o(i.PendSV_Handler) for PendSV_Handler
    startup_stm32f030x8.o(RESET) refers to stm32f0xx_it.o(i.SysTick_Handler) for SysTick_Handler
    startup_stm32f030x8.o(RESET) refers to stm32f0xx_it.o(i.DMA1_Channel4_5_IRQHandler) for DMA1_Channel4_5_IRQHandler
    startup_stm32f030x8.o(RESET) refers to stm32f0xx_it.o(i.TIM3_IRQHandler) for TIM3_IRQHandler
    startup_stm32f030x8.o(RESET) refers to stm32f0xx_it.o(i.USART1_IRQHandler) for USART1_IRQHandler
    startup_stm32f030x8.o(RESET) refers to stm32f0xx_it.o(i.USART2_IRQHandler) for USART2_IRQHandler
    startup_stm32f030x8.o(.text) refers to system_stm32f0xx.o(i.SystemInit) for SystemInit
    startup_stm32f030x8.o(.text) refers to entry.o(.ARM.Collect$$$$00000000) for __main
    main.o(i.HAL_TIM_PeriodElapsedCallback) refers to stm32f0xx_hal_tim.o(i.HAL_TIM_Base_Stop) for HAL_TIM_Base_Stop
    main.o(i.HAL_TIM_PeriodElapsedCallback) refers to variable.o(.data) for firstIRQ
    main.o(i.HAL_TIM_PeriodElapsedCallback) refers to variable.o(.data) for SendStatus
    main.o(i.HAL_TIM_PeriodElapsedCallback) refers to tim.o(.bss) for htim3
    main.o(i.HAL_UART_RxCpltCallback) refers to bus.o(i._ZN3BUS9GetPacketEv) for BUS::GetPacket()
    main.o(i.HAL_UART_RxCpltCallback) refers to stm32f0xx_hal_uart.o(i.HAL_UART_Receive_IT) for HAL_UART_Receive_IT
    main.o(i.HAL_UART_RxCpltCallback) refers to variable.o(.bss) for bus
    main.o(i.HAL_UART_RxCpltCallback) refers to variable.o(.data) for recStatus
    main.o(i.HAL_UART_RxCpltCallback) refers to variable.o(.data) for recHeader
    main.o(i.HAL_UART_RxCpltCallback) refers to variable.o(.data) for packetSize
    main.o(i.HAL_UART_RxCpltCallback) refers to variable.o(.data) for headerSize
    main.o(i.HAL_UART_RxCpltCallback) refers to variable.o(.bss) for recData
    main.o(i.HAL_UART_RxCpltCallback) refers to usart.o(.bss) for huart2
    main.o(i.HAL_UART_TxCpltCallback) refers to stm32f0xx_hal_gpio.o(i.HAL_GPIO_WritePin) for HAL_GPIO_WritePin
    main.o(i.HAL_UART_TxCpltCallback) refers to stm32f0xx_hal_gpio.o(i.HAL_GPIO_TogglePin) for HAL_GPIO_TogglePin
    main.o(i.HAL_UART_TxCpltCallback) refers to stm32f0xx_hal_uart.o(i.HAL_UART_Receive_IT) for HAL_UART_Receive_IT
    main.o(i.HAL_UART_TxCpltCallback) refers to variable.o(.data) for recStatus
    main.o(i.HAL_UART_TxCpltCallback) refers to variable.o(.data) for recHeader
    main.o(i.HAL_UART_TxCpltCallback) refers to variable.o(.data) for packetSize
    main.o(i.HAL_UART_TxCpltCallback) refers to variable.o(.data) for headerSize
    main.o(i.HAL_UART_TxCpltCallback) refers to variable.o(.bss) for recData
    main.o(i.HAL_UART_TxCpltCallback) refers to usart.o(.bss) for huart2
    main.o(i._Z18SystemClock_Configv) refers to stm32f0xx_hal_rcc.o(i.HAL_RCC_OscConfig) for HAL_RCC_OscConfig
    main.o(i._Z18SystemClock_Configv) refers to stm32f0xx_hal_rcc.o(i.HAL_RCC_ClockConfig) for HAL_RCC_ClockConfig
    main.o(i._Z18SystemClock_Configv) refers to stm32f0xx_hal_rcc_ex.o(i.HAL_RCCEx_PeriphCLKConfig) for HAL_RCCEx_PeriphCLKConfig
    main.o(i._Z18SystemClock_Configv) refers to stm32f0xx_hal_rcc.o(i.HAL_RCC_GetHCLKFreq) for HAL_RCC_GetHCLKFreq
    main.o(i._Z18SystemClock_Configv) refers to uidiv.o(.text) for __aeabi_uidivmod
    main.o(i._Z18SystemClock_Configv) refers to stm32f0xx_hal_cortex.o(i.HAL_SYSTICK_Config) for HAL_SYSTICK_Config
    main.o(i._Z18SystemClock_Configv) refers to stm32f0xx_hal_cortex.o(i.HAL_SYSTICK_CLKSourceConfig) for HAL_SYSTICK_CLKSourceConfig
    main.o(i._Z18SystemClock_Configv) refers to stm32f0xx_hal_cortex.o(i.HAL_NVIC_SetPriority) for HAL_NVIC_SetPriority
    main.o(i.main) refers to stm32f0xx_hal.o(i.HAL_Init) for HAL_Init
    main.o(i.main) refers to main.o(i._Z18SystemClock_Configv) for SystemClock_Config()
    main.o(i.main) refers to gpio.o(i.MX_GPIO_Init) for MX_GPIO_Init
    main.o(i.main) refers to dma.o(i.MX_DMA_Init) for MX_DMA_Init
    main.o(i.main) refers to usart.o(i.MX_USART1_UART_Init) for MX_USART1_UART_Init
    main.o(i.main) refers to usart.o(i.MX_USART2_UART_Init) for MX_USART2_UART_Init
    main.o(i.main) refers to adc.o(i.MX_ADC_Init) for MX_ADC_Init
    main.o(i.main) refers to tim.o(i.MX_TIM3_Init) for MX_TIM3_Init
    main.o(i.main) refers to bus.o(i._ZN3BUS7BusInitEv) for BUS::BusInit()
[...]
    HAL_GPIO_Init                            0x08001d49   Thumb Code   302  stm32f0xx_hal_gpio.o(i.HAL_GPIO_Init)
    HAL_GPIO_TogglePin                       0x08001e91   Thumb Code     8  stm32f0xx_hal_gpio.o(i.HAL_GPIO_TogglePin)
    HAL_GPIO_WritePin                        0x08001e99   Thumb Code    12  stm32f0xx_hal_gpio.o(i.HAL_GPIO_WritePin)
    HAL_GetTick                              0x08001ea5   Thumb Code     6  stm32f0xx_hal.o(i.HAL_GetTick)
    HAL_IncTick                              0x08001eb1   Thumb Code    10  stm32f0xx_hal.o(i.HAL_IncTick)
    HAL_Init                                 0x08001ec1   Thumb Code    26  stm32f0xx_hal.o(i.HAL_Init)
    HAL_InitTick                             0x08001ee1   Thumb Code    34  stm32f0xx_hal.o(i.HAL_InitTick)
    HAL_MspInit                              0x08001f05   Thumb Code    64  stm32f0xx_hal_msp.o(i.HAL_MspInit)
    HAL_NVIC_EnableIRQ                       0x08001f49   Thumb Code    14  stm32f0xx_hal_cortex.o(i.HAL_NVIC_EnableIRQ)
    HAL_NVIC_SetPriority                     0x08001f5d   Thumb Code     8  stm32f0xx_hal_cortex.o(i.HAL_NVIC_SetPriority)
    HAL_RCCEx_PeriphCLKConfig                0x08001f65   Thumb Code   218  stm32f0xx_hal_rcc_ex.o(i.HAL_RCCEx_PeriphCLKConfig)
    HAL_RCC_ClockConfig                      0x0800204d   Thumb Code   280  stm32f0xx_hal_rcc.o(i.HAL_RCC_ClockConfig)
    HAL_RCC_GetHCLKFreq                      0x08002179   Thumb Code     6  stm32f0xx_hal_rcc.o(i.HAL_RCC_GetHCLKFreq)
    HAL_RCC_GetPCLK1Freq                     0x08002185   Thumb Code    20  stm32f0xx_hal_rcc.o(i.HAL_RCC_GetPCLK1Freq)
    HAL_RCC_GetSysClockFreq                  0x080021a5   Thumb Code    78  stm32f0xx_hal_rcc.o(i.HAL_RCC_GetSysClockFreq)
    HAL_RCC_OscConfig                        0x08002221   Thumb Code   840  stm32f0xx_hal_rcc.o(i.HAL_RCC_OscConfig)
    HAL_SYSTICK_CLKSourceConfig              0x08002575   Thumb Code    20  stm32f0xx_hal_cortex.o(i.HAL_SYSTICK_CLKSourceConfig)
    HAL_SYSTICK_Callback                     0x0800258d   Thumb Code     2  stm32f0xx_hal_cortex.o(i.HAL_SYSTICK_Callback)
    HAL_SYSTICK_Config                       0x08002591   Thumb Code    38  stm32f0xx_hal_cortex.o(i.HAL_SYSTICK_Config)
    HAL_SYSTICK_IRQHandler                   0x080025c1   Thumb Code     8  stm32f0xx_hal_cortex.o(i.HAL_SYSTICK_IRQHandler)
    HAL_TIMEx_BreakCallback                  0x080025c9   Thumb Code     2  stm32f0xx_hal_tim_ex.o(i.HAL_TIMEx_BreakCallback)
    HAL_TIMEx_CommutationCallback            0x080025cb   Thumb Code     2  stm32f0xx_hal_tim_ex.o(i.HAL_TIMEx_CommutationCallback)
    HAL_TIMEx_MasterConfigSynchronization    0x080025cd   Thumb Code    72  stm32f0xx_hal_tim_ex.o(i.HAL_TIMEx_MasterConfigSynchronization)
    HAL_TIM_Base_Init                        0x08002615   Thumb Code    52  stm32f0xx_hal_tim.o(i.HAL_TIM_Base_Init)
    HAL_TIM_Base_MspInit                     0x08002649   Thumb Code    44  tim.o(i.HAL_TIM_Base_MspInit)
    HAL_TIM_Base_Start_IT                    0x0800267d   Thumb Code    22  stm32f0xx_hal_tim.o(i.HAL_TIM_Base_Start_IT)
    HAL_TIM_Base_Stop                        0x08002695   Thumb Code    42  stm32f0xx_hal_tim.o(i.HAL_TIM_Base_Stop)
    HAL_TIM_ConfigClockSource                0x080026c5   Thumb Code   238  stm32f0xx_hal_tim.o(i.HAL_TIM_ConfigClockSource)
    HAL_TIM_IC_CaptureCallback               0x080027b3   Thumb Code     2  stm32f0xx_hal_tim.o(i.HAL_TIM_IC_CaptureCallback)
    HAL_TIM_IRQHandler                       0x080027b5   Thumb Code   354  stm32f0xx_hal_tim.o(i.HAL_TIM_IRQHandler)
    HAL_TIM_OC_DelayElapsedCallback          0x08002917   Thumb Code     2  stm32f0xx_hal_tim.o(i.HAL_TIM_OC_DelayElapsedCallback)
    HAL_TIM_PWM_PulseFinishedCallback        0x08002919   Thumb Code     2  stm32f0xx_hal_tim.o(i.HAL_TIM_PWM_PulseFinishedCallback)
    HAL_TIM_PeriodElapsedCallback            0x0800291d   Thumb Code    34  main.o(i.HAL_TIM_PeriodElapsedCallback)
    HAL_TIM_TriggerCallback                  0x08002951   Thumb Code     2  stm32f0xx_hal_tim.o(i.HAL_TIM_TriggerCallback)
    HAL_UART_ErrorCallback                   0x08002953   Thumb Code     2  stm32f0xx_hal_uart.o(i.HAL_UART_ErrorCallback)
    HAL_UART_IRQHandler                      0x08002955   Thumb Code   272  stm32f0xx_hal_uart.o(i.HAL_UART_IRQHandler)
    HAL_UART_Init                            0x08002a69   Thumb Code   108  stm32f0xx_hal_uart.o(i.HAL_UART_Init)
    HAL_UART_MspInit                         0x08002ad5   Thumb Code   230  usart.o(i.HAL_UART_MspInit)
    HAL_UART_Receive_DMA                     0x08002be1   Thumb Code   150  stm32f0xx_hal_uart.o(i.HAL_UART_Receive_DMA)
    HAL_UART_Receive_IT                      0x08002c85   Thumb Code   132  stm32f0xx_hal_uart.o(i.HAL_UART_Receive_IT)
    HAL_UART_RxCpltCallback                  0x08002d0d   Thumb Code    62  main.o(i.HAL_UART_RxCpltCallback)
    HAL_UART_RxHalfCpltCallback              0x08002d6d   Thumb Code     2  stm32f0xx_hal_uart.o(i.HAL_UART_RxHalfCpltCallback)
    HAL_UART_Transmit                        0x08002d6f   Thumb Code   200  stm32f0xx_hal_uart.o(i.HAL_UART_Transmit)
    HAL_UART_Transmit_DMA                    0x08002e39   Thumb Code   138  stm32f0xx_hal_uart.o(i.HAL_UART_Transmit_DMA)
    HAL_UART_TxCpltCallback                  0x08002ed1   Thumb Code    76  main.o(i.HAL_UART_TxCpltCallback)
    HAL_UART_TxHalfCpltCallback              0x08002f35   Thumb Code     2  stm32f0xx_hal_uart.o(i.HAL_UART_TxHalfCpltCallback)
    HardFault_Handler                        0x08002f37   Thumb Code     2  stm32f0xx_it.o(i.HardFault_Handler)
    MX_ADC_Init                              0x08002f39   Thumb Code    94  adc.o(i.MX_ADC_Init)
    MX_DMA_Init                              0x08002fb1   Thumb Code    36  dma.o(i.MX_DMA_Init)
    MX_GPIO_Init                             0x08002fd9   Thumb Code   148  gpio.o(i.MX_GPIO_Init)
    MX_TIM3_Init                             0x08003081   Thumb Code   100  tim.o(i.MX_TIM3_Init)
    MX_USART1_UART_Init                      0x08003101   Thumb Code    52  usart.o(i.MX_USART1_UART_Init)
    MX_USART2_UART_Init                      0x0800314d   Thumb Code    52  usart.o(i.MX_USART2_UART_Init)
    NMI_Handler                              0x08003199   Thumb Code     2  stm32f0xx_it.o(i.NMI_Handler)
    PendSV_Handler                           0x0800319b   Thumb Code     2  stm32f0xx_it.o(i.PendSV_Handler)
    SVC_Handler                              0x0800319d   Thumb Code     2  stm32f0xx_it.o(i.SVC_Handler)
    SysTick_Handler                          0x0800319f   Thumb Code    12  stm32f0xx_it.o(i.SysTick_Handler)
    SystemInit                               0x080031ad   Thumb Code    78  system_stm32f0xx.o(i.SystemInit)
    TIM3_IRQHandler                          0x08003209   Thumb Code    10  stm32f0xx_it.o(i.TIM3_IRQHandler)
    TIM_Base_SetConfig                       0x08003219   Thumb Code   112  stm32f0xx_hal_tim.o(i.TIM_Base_SetConfig)
    TIM_ETR_SetConfig                        0x080032a1   Thumb Code    22  stm32f0xx_hal_tim.o(i.TIM_ETR_SetConfig)
    UART_AdvFeatureConfig                    0x080032b7   Thumb Code   202  stm32f0xx_hal_uart.o(i.UART_AdvFeatureConfig)
    UART_CheckIdleState                      0x08003381   Thumb Code    18  stm32f0xx_hal_uart.o(i.UART_CheckIdleState)
    UART_EndTransmit_IT                      0x08003393   Thumb Code    26  stm32f0xx_hal_uart.o(i.UART_EndTransmit_IT)
    UART_Receive_IT                          0x080033ad   Thumb Code   122  stm32f0xx_hal_uart.o(i.UART_Receive_IT)
    UART_SetConfig                           0x08003429   Thumb Code   288  stm32f0xx_hal_uart.o(i.UART_SetConfig)
    UART_Transmit_IT                         0x08003561   Thumb Code   102  stm32f0xx_hal_uart.o(i.UART_Transmit_IT)
    UART_WaitOnFlagUntilTimeout              0x080035c7   Thumb Code    98  stm32f0xx_hal_uart.o(i.UART_WaitOnFlagUntilTimeout)
    USART1_IRQHandler                        0x08003629   Thumb Code    10  stm32f0xx_it.o(i.USART1_IRQHandler)
    USART2_IRQHandler                        0x08003639   Thumb Code    10  stm32f0xx_it.o(i.USART2_IRQHandler)
    _Error_Handler                           0x08003649   Thumb Code     2  main.o(i._Error_Handler)
    dyna_wheel(char, char, int)              0x080036d1   Thumb Code   114  function.o(i._Z10dyna_wheelcci)
    get_Buffer()                             0x08003745   Thumb Code    52  function.o(i._Z10get_Bufferv)
    putchardyna(char)                        0x080037ed   Thumb Code    14  function.o(i._Z11putchardynac)
    Termal_power()                           0x08003801   Thumb Code    32  function.o(i._Z12Termal_powerv)
    Do_not_Action()                          0x0800384d   Thumb Code    16  function.o(i._Z13Do_not_Actionv)
    go_to_postion(char, float)               0x080038ad   Thumb Code    48  function.o(i._Z13go_to_postioncf)
    Gripper_action()                         0x080038e9   Thumb Code    44  function.o(i._Z14Gripper_actionv)
    filter_gas_data()                        0x08003921   Thumb Code    88  function.o(i._Z15filter_gas_datav)
    set_goal_postion(char, char, char)       0x080039d1   Thumb Code   148  function.o(i._Z16set_goal_postionccc)
    SystemClock_Config()                     0x08003abb   Thumb Code   124  main.o(i._Z18SystemClock_Configv)
    UART_send_Dyna_buffer(int)               0x08003c11   Thumb Code    16  function.o(i._Z21UART_send_Dyna_bufferi)
    hiphop()                                 0x08003c95   Thumb Code    44  function.o(i._Z6hiphopv)
    catgets(__rw::__rw_cat*, int, int, const char*) 0x08003cc1   Thumb Code    28  rwcats.o(i._Z7catgetsPN4__rw8__rw_catEiiPKc)
    catopen(const char*, int)                0x08003ce1   Thumb Code    34  rwcats.o(i._Z7catopenPKci)
    Head_pos()                               0x08003d05   Thumb Code    34  function.o(i._Z8Head_posv)
    Read_ADC(unsigned char)                  0x08003d2d   Thumb Code    56  function.o(i._Z8Read_ADCh)
    Roll_pos()                               0x08003d69   Thumb Code    20  function.o(i._Z8Roll_posv)
    Do_Action()                              0x08003d81   Thumb Code    36  function.o(i._Z9Do_Actionv)
    LED_power()                              0x08003da5   Thumb Code    30  function.o(i._Z9LED_powerv)
    Switch_12()                              0x08003dcd   Thumb Code    32  function.o(i._Z9Switch_12v)
    HeaderPacket::HeaderPacket(char, char, char, char, char) 0x08003df1   Thumb Code    18  variable.o(i._ZN12HeaderPacketC1Eccccc)
    HeaderPacket::HeaderPacket__sub_object(char, char, char, char, char) 0x08003df1   Thumb Code     0  variable.o(i._ZN12HeaderPacketC1Eccccc)
    BUS::Fillbuffer(HeaderPacket*)           0x08003fa5   Thumb Code   260  bus.o(i._ZN3BUS10FillbufferEP12HeaderPacket)
    BUS::CheckHeader(HeaderPacket*)          0x080040bd   Thumb Code   140  bus.o(i._ZN3BUS11CheckHeaderEP12HeaderPacket)
    BUS::VectorCheck()                       0x08004165   Thumb Code    22  bus.o(i._ZN3BUS11VectorCheckEv)
    BUS::CheckAddress()                      0x08004185   Thumb Code    46  bus.o(i._ZN3BUS12CheckAddressEv)
    BUS::BusInit()                           0x080041bd   Thumb Code    32  bus.o(i._ZN3BUS7BusInitEv)
    BUS::CheckEnd(HeaderPacket*)             0x080041e9   Thumb Code   118  bus.o(i._ZN3BUS8CheckEndEP12HeaderPacket)
    BUS::FeedBack()                          0x08004271   Thumb Code    70  bus.o(i._ZN3BUS8FeedBackEv)
    BUS::GetPacket()                         0x080042c5   Thumb Code    60  bus.o(i._ZN3BUS9GetPacketEv)
    BUS::BUS()                               0x08004311   Thumb Code    20  bus.o(i._ZN3BUSC1Ev)
    BUS::BUS__sub_object()                   0x08004311   Thumb Code     0  bus.o(i._ZN3BUSC1Ev)
    BUS::~BUS()                              0x08004325   Thumb Code    16  variable.o(i._ZN3BUSD1Ev)
    BUS::~BUS__sub_object()                  0x08004325   Thumb Code     0  variable.o(i._ZN3BUSD1Ev)
    __rw::__rw_throw(int, ...)               0x08004335   Thumb Code    90  rwstdexcept.o(i._ZN4__rw10__rw_throwEiz)
    __rw::__rw_allocate(unsigned, int)       0x08004395   Thumb Code    34  rwalloc.o(i._ZN4__rw13__rw_allocateEji)
    __rw::__rw_deallocate(void*, unsigned, int) 0x080043b7   Thumb Code     8  rwalloc.o(i._ZN4__rw15__rw_deallocateEPvji)
    __rw::__rw_facet_base::_C_initfacet(const std::locale&) 0x080043bf   Thumb Code     2  char.o(i._ZN4__rw15__rw_facet_base12_C_initfacetERKSt6locale)
    __rw::__rw_locale_imp::__rw_locale_imp(const char*, unsigned, unsigned) 0x080043c1   Thumb Code   230  locale.o(i._ZN4__rw15__rw_locale_impC1EPKcjj)
    __rw::__rw_locale_imp::__rw_locale_imp__sub_object(const char*, unsigned, unsigned) 0x080043c1   Thumb Code     0  locale.o(i._ZN4__rw15__rw_locale_impC1EPKcjj)
    __rw::__rw_locale_imp::~__rw_locale_imp() 0x080044b5   Thumb Code    26  locale.o(i._ZN4__rw15__rw_locale_impD1Ev)
    __rw::__rw_locale_imp::~__rw_locale_imp__sub_object() 0x080044b5   Thumb Code     0  locale.o(i._ZN4__rw15__rw_locale_impD1Ev)
    __rw::__rw_use_c_lib_locale::__rw_use_c_lib_locale(const char*, int) 0x080044cf   Thumb Code    56  locale.o(i._ZN4__rw21__rw_use_c_lib_localeC1EPKci)
    __rw::__rw_use_c_lib_locale::__rw_use_c_lib_locale__sub_object(const char*, int) 0x080044cf   Thumb Code     0  locale.o(i._ZN4__rw21__rw_use_c_lib_localeC1EPKci)
    __rw::__rw_use_c_lib_locale::~__rw_use_c_lib_locale() 0x08004507   Thumb Code    26  char.o(i._ZN4__rw21__rw_use_c_lib_localeD1Ev)
    __rw::__rw_use_c_lib_locale::~__rw_use_c_lib_locale__sub_object() 0x08004507   Thumb Code     0  char.o(i._ZN4__rw21__rw_use_c_lib_localeD1Ev)
    __rw::__rw_throw_exception_noex(int, char*) 0x08004521   Thumb Code    60  rwthrowproc_impl_noex.o(i._ZN4__rw25__rw_throw_exception_noexEiPc)
    __rw::__catfind(__rw::__rw_cat*)         0x080045b9   Thumb Code    48  rwcats.o(i._ZN4__rw9__catfindEPNS_8__rw_catE)
    std::__rw_exception::what() const        0x080045ed   Thumb Code     4  rwstdexcept.o(i._ZNKSt14__rw_exception4whatEv)
    std::__rw_messages_base::_C_cat_open(const std::basic_string<char, std::char_traits<char>, std::allocator<char>>&, const std::locale&) const 0x080045f1   Thumb Code   110  messages.o(i._ZNKSt18__rw_messages_base11_C_cat_openERKSsRKSt6locale)
    std::__rw_messages_base::_C_get_locale(int) const 0x0800465f   Thumb Code    30  messages.o(i._ZNKSt18__rw_messages_base13_C_get_localeEi)
    std::__rw_messages_base::_C_get_message(int, int, int) const 0x0800467d   Thumb Code    54  messages.o(i._ZNKSt18__rw_messages_base14_C_get_messageEiii)
    std::ctype<char>::is(std::ctype_base::mask, char) const 0x080046b3   Thumb Code    14  char.o(i._ZNKSt5ctypeIcE2isENSt10ctype_base4maskEc)
    std::locale::_C_make_facet(const std::locale::id&, bool, int, __rw::__rw_facet_base*(*)(int, const char*, unsigned)) const 0x080046c1   Thumb Code   252  locale.o(i._ZNKSt6locale13_C_make_facetERKNS_2idEbiPFPN4__rw15__rw_facet_baseEiPKcjE)
    std::locale::_C_install_facet(__rw::__rw_facet_base*, const std::locale::id&) const 0x080047c9   Thumb Code   124  locale.o(i._ZNKSt6locale16_C_install_facetEPN4__rw15__rw_facet_baseERKNS_2idE)
    std::locale::name() const                0x08004849   Thumb Code    46  locale.o(i._ZNKSt6locale4nameEv)
    std::char_traits<char>::copy(char*, const char*, unsigned) 0x0800487d   Thumb Code    12  char.o(i._ZNSt11char_traitsIcE4copyEPcPKcj)
    std::ctype_byname<char>::_C_get_mask_table(const char*) 0x08004889   Thumb Code   184  char.o(i._ZNSt12ctype_bynameIcE17_C_get_mask_tableEPKc)
    std::ctype_byname<char>::ctype_byname(const char*, unsigned) 0x08004951   Thumb Code   294  char.o(i._ZNSt12ctype_bynameIcEC1EPKcj)
    std::ctype_byname<char>::ctype_byname__sub_object(const char*, unsigned) 0x08004951   Thumb Code     0  char.o(i._ZNSt12ctype_bynameIcEC1EPKcj)
    std::ctype_byname<char>::~ctype_byname__deallocating() 0x08004a81   Thumb Code    12  char.o(i._ZNSt12ctype_bynameIcED0Ev)
    std::ctype_byname<char>::~ctype_byname() 0x08004a8d   Thumb Code     8  char.o(i._ZNSt12ctype_bynameIcED1Ev)
    std::ctype_byname<char>::~ctype_byname__sub_object() 0x08004a8d   Thumb Code     0  char.o(i._ZNSt12ctype_bynameIcED1Ev)
    std::__rw_exception::_C_vformat(int, std::__va_list) 0x08004a95   Thumb Code   130  rwstdexcept.o(i._ZNSt14__rw_exception10_C_vformatEiSt9__va_list)
    std::__rw_exception::__rw_exception()    0x08004b1d   Thumb Code    16  rwstdexcept.o(i._ZNSt14__rw_exceptionC1Ev)
    std::__rw_exception::__rw_exception__sub_object() 0x08004b1d   Thumb Code     0  rwstdexcept.o(i._ZNSt14__rw_exceptionC1Ev)
    std::__rw_exception::~__rw_exception()   0x08004b31   Thumb Code    22  rwstdexcept.o(i._ZNSt14__rw_exceptionD1Ev)
    std::__rw_exception::~__rw_exception__sub_object() 0x08004b31   Thumb Code     0  rwstdexcept.o(i._ZNSt14__rw_exceptionD1Ev)
    std::__rw_messages_base::~__rw_messages_base() 0x08004b4d   Thumb Code     8  rwstdexcept.o(i._ZNSt18__rw_messages_baseD1Ev)
    std::__rw_messages_base::~__rw_messages_base__sub_object() 0x08004b4d   Thumb Code     0  rwstdexcept.o(i._ZNSt18__rw_messages_baseD1Ev)
    std::__rw_open_cat_data::__rw_open_cat_data() 0x08004b55   Thumb Code    26  messages.o(i._ZNSt18__rw_open_cat_dataC1Ev)
    std::__rw_open_cat_data::__rw_open_cat_data__sub_object() 0x08004b55   Thumb Code     0  messages.o(i._ZNSt18__rw_open_cat_dataC1Ev)
    std::__rw_open_cat_data::~__rw_open_cat_data() 0x08004b6f   Thumb Code    12  messages.o(i._ZNSt18__rw_open_cat_dataD1Ev)
    std::__rw_open_cat_data::~__rw_open_cat_data__sub_object() 0x08004b6f   Thumb Code     0  messages.o(i._ZNSt18__rw_open_cat_dataD1Ev)
    std::__rw_open_cat_data::operator =(const std::__rw_open_cat_data&) 0x08004b7b   Thumb Code    18  messages.o(i._ZNSt18__rw_open_cat_dataaSERKS_)
    std::ctype<char>::_C_initfacet(const std::locale&) 0x08004b8d   Thumb Code   266  char.o(i._ZNSt5ctypeIcE12_C_initfacetERKSt6locale)
    std::ctype<char>::ctype(const std::ctype_base::mask*, bool, unsigned) 0x08004c99   Thumb Code   284  char.o(i._ZNSt5ctypeIcEC1EPKNSt10ctype_base4maskEbj)
    std::ctype<char>::ctype__sub_object(const std::ctype_base::mask*, bool, unsigned) 0x08004c99   Thumb Code     0  char.o(i._ZNSt5ctypeIcEC1EPKNSt10ctype_base4maskEbj)
    std::ctype<char>::~ctype__deallocating() 0x08004dbd   Thumb Code    12  char.o(i._ZNSt5ctypeIcED0Ev)
    std::ctype<char>::~ctype()               0x08004dc9   Thumb Code    40  char.o(i._ZNSt5ctypeIcED1Ev)
    std::ctype<char>::~ctype__sub_object()   0x08004dc9   Thumb Code     0  char.o(i._ZNSt5ctypeIcED1Ev)
    std::locale::facet::~facet__deallocating() 0x08004df5   Thumb Code    12  rwstdexcept.o(i._ZNSt6locale5facetD0Ev)
    std::locale::_C_init()                   0x08004e01   Thumb Code   124  locale.o(i._ZNSt6locale7_C_initEv)
    std::locale::classic()                   0x08004e89   Thumb Code    60  locale.o(i._ZNSt6locale7classicEv)
    std::locale::locale(__rw::__rw_locale_imp*) 0x08004ed1   Thumb Code    30  locale.o(i._ZNSt6localeC1EPN4__rw15__rw_locale_impE)
    std::locale::locale__sub_object(__rw::__rw_locale_imp*) 0x08004ed1   Thumb Code     0  locale.o(i._ZNSt6localeC1EPN4__rw15__rw_locale_impE)
    std::locale::locale(const std::locale&)  0x08004ef5   Thumb Code    12  messages.o(i._ZNSt6localeC1ERKS_)
    std::locale::locale__sub_object(const std::locale&) 0x08004ef5   Thumb Code     0  messages.o(i._ZNSt6localeC1ERKS_)
    std::locale::locale()                    0x08004f01   Thumb Code    30  rwstdexcept.o(i._ZNSt6localeC1Ev)
    std::locale::locale__sub_object()        0x08004f01   Thumb Code     0  rwstdexcept.o(i._ZNSt6localeC1Ev)
    std::locale::~locale()                   0x08004f25   Thumb Code    36  locale.o(i._ZNSt6localeD1Ev)
    std::locale::~locale__sub_object()       0x08004f25   Thumb Code     0  locale.o(i._ZNSt6localeD1Ev)
    std::locale::operator =(const std::locale&) 0x08004f49   Thumb Code    52  locale.o(i._ZNSt6localeaSERKS_)
    std::messages<char>::~messages__deallocating() 0x08004f7d   Thumb Code    12  rwstdexcept.o(i._ZNSt8messagesIcED0Ev)
    std::messages<char>::~messages()         0x08004f89   Thumb Code    16  rwstdexcept.o(i._ZNSt8messagesIcED1Ev)
    std::messages<char>::~messages__sub_object() 0x08004f89   Thumb Code     0  rwstdexcept.o(i._ZNSt8messagesIcED1Ev)
    std::exception::exception()              0x08004f99   Thumb Code     6  exception_ctor.o(i._ZNSt9exceptionC1Ev)
    std::exception::exception__sub_object()  0x08004f99   Thumb Code     0  exception_ctor.o(i._ZNSt9exceptionC1Ev)
    std::__rw_get_cats()                     0x08004fa5   Thumb Code    46  messages.o(i._ZSt13__rw_get_catsv)
    operator delete[] (void*)                0x08004fe5   Thumb Code     8  array_del.o(i._ZdaPv)
    operator delete (void*)                  0x08004fed   Thumb Code     8  delete.o(i._ZdlPv)
    operator new[] (unsigned)                0x08004ff5   Thumb Code     8  array_new.o(i._Znaj)
    operator new(unsigned)                   0x08004ffd   Thumb Code    36  new.o(i._Znwj)
    __0fprintf                               0x08005025   Thumb Code    24  printfa.o(i.__0fprintf)
    __1fprintf                               0x08005025   Thumb Code     0  printfa.o(i.__0fprintf)
    __2fprintf                               0x08005025   Thumb Code     0  printfa.o(i.__0fprintf)
    __c89fprintf                             0x08005025   Thumb Code     0  printfa.o(i.__0fprintf)
    fprintf                                  0x08005025   Thumb Code     0  printfa.o(i.__0fprintf)
    __0vsnprintf                             0x08005041   Thumb Code    40  printfa.o(i.__0vsnprintf)
    __1vsnprintf                             0x08005041   Thumb Code     0  printfa.o(i.__0vsnprintf)
    __2vsnprintf                             0x08005041   Thumb Code     0  printfa.o(i.__0vsnprintf)
    __c89vsnprintf                           0x08005041   Thumb Code     0  printfa.o(i.__0vsnprintf)
    vsnprintf                                0x08005041   Thumb Code     0  printfa.o(i.__0vsnprintf)
    __ARM_array_new_general                  0x0800506d   Thumb Code   162  array_new_general.o(i.__ARM_array_new_general)
    __ARM_clz                                0x0800510f   Thumb Code    46  depilogue.o(i.__ARM_clz)
    __aeabi_vec_dtor_cookie                  0x0800513d   Thumb Code    18  aeabi_vec_dtor_cookie.o(i.__aeabi_vec_dtor_cookie)
    __aeabi_vec_new_cookie                   0x0800514f   Thumb Code    20  aeabi_vec_new_cookie.o(i.__aeabi_vec_new_cookie)
    __cxa_guard_acquire                      0x08005163   Thumb Code    18  cxa_guard_acquire.o(i.__cxa_guard_acquire)
    __cxa_vec_new                            0x08005175   Thumb Code    18  cxa_vec_new.o(i.__cxa_vec_new)
    __scatterload_copy                       0x0800518d   Thumb Code    14  handlers.o(i.__scatterload_copy)
    __scatterload_null                       0x0800519b   Thumb Code     2  handlers.o(i.__scatterload_null)
    __scatterload_zeroinit                   0x0800519d   Thumb Code    14  handlers.o(i.__scatterload_zeroinit)
    _is_digit                                0x080053c9   Thumb Code    14  scanf_fp.o(i._is_digit)
    fputc                                    0x08005b27   Thumb Code    18  fputc.o(i.fputc)
    free                                     0x08005b39   Thumb Code    80  malloc.o(i.free)
    main                                     0x08005b8d   Thumb Code   146  main.o(i.main)
    malloc                                   0x08005c41   Thumb Code    92  malloc.o(i.malloc)
    __rw::__string_ref<char, std::char_traits<char>, std::allocator<char>>::_C_inc_ref() 0x08005cad   Thumb Code    14  char.o(t._ZN4__rw12__string_refIcSt11char_traitsIcESaIcEE10_C_inc_refEv)
    __rw::__rw_facet_maker<std::ctype<char>>::_C_maker_func(int, const char*, unsigned) 0x08005cc1   Thumb Code    72  rwstdexcept.o(t._ZN4__rw16__rw_facet_makerISt5ctypeIcEE13_C_maker_funcEiPKcj)
    __rw::__rw_locale_vector<__rw::__rw_facet_base*>::resize(unsigned, __rw::__rw_facet_base*const &) 0x08005d09   Thumb Code    80  locale.o(t._ZN4__rw18__rw_locale_vectorIPNS_15__rw_facet_baseEE6resizeEjRKS2_)
    __rw::__rw_locale_vector<__rw::__rw_facet_base*>::~__rw_locale_vector() 0x08005d5d   Thumb Code    14  locale.o(t._ZN4__rw18__rw_locale_vectorIPNS_15__rw_facet_baseEED1Ev)
    __rw::__rw_locale_vector<__rw::__rw_facet_base*>::~__rw_locale_vector__sub_object() 0x08005d5d   Thumb Code     0  locale.o(t._ZN4__rw18__rw_locale_vectorIPNS_15__rw_facet_baseEED1Ev)
    __rw::__rw_locale_vector<__rw::__rw_facet_base*>::operator [](unsigned) 0x08005d6b   Thumb Code     8  locale.o(t._ZN4__rw18__rw_locale_vectorIPNS_15__rw_facet_baseEEixEj)
    __rw::__rw_locale_vector<__rw::__rw_cat*>::~__rw_locale_vector() 0x08005d73   Thumb Code    14  rwcats.o(t._ZN4__rw18__rw_locale_vectorIPNS_8__rw_catEED1Ev)
    __rw::__rw_locale_vector<__rw::__rw_cat*>::~__rw_locale_vector__sub_object() 0x08005d73   Thumb Code     0  rwcats.o(t._ZN4__rw18__rw_locale_vectorIPNS_8__rw_catEED1Ev)
    __rw::__rw_locale_vector<std::basic_string<char, std::char_traits<char>, std::allocator<char>>>::~__rw_locale_vector() 0x08005d81   Thumb Code    16  locale.o(t._ZN4__rw18__rw_locale_vectorISsED1Ev)
    __rw::__rw_locale_vector<std::basic_string<char, std::char_traits<char>, std::allocator<char>>>::~__rw_locale_vector__sub_object() 0x08005d81   Thumb Code     0  locale.o(t._ZN4__rw18__rw_locale_vectorISsED1Ev)
    __rw::__rw_locale_vector<std::basic_string<char, std::char_traits<char>, std::allocator<char>>>::operator [](unsigned) 0x08005d95   Thumb Code     8  locale.o(t._ZN4__rw18__rw_locale_vectorISsEixEj)
    __rw::__rw_locale_vector<std::__rw_open_cat_data>::resize(unsigned) 0x08005d9d   Thumb Code   130  messages.o(t._ZN4__rw18__rw_locale_vectorISt18__rw_open_cat_dataE6resizeEj)
    __rw::__rw_locale_vector<std::__rw_open_cat_data>::~__rw_locale_vector() 0x08005e2d   Thumb Code    16  messages.o(t._ZN4__rw18__rw_locale_vectorISt18__rw_open_cat_dataED1Ev)
    __rw::__rw_locale_vector<std::__rw_open_cat_data>::~__rw_locale_vector__sub_object() 0x08005e2d   Thumb Code     0  messages.o(t._ZN4__rw18__rw_locale_vectorISt18__rw_open_cat_dataED1Ev)
    std::messages<char>::do_get(int, int, int, const std::basic_string<char, std::char_traits<char>, std::allocator<char>>&) const 0x08005e41   Thumb Code   132  rwstdexcept.o(t._ZNKSt8messagesIcE6do_getEiiiRKSs)
    std::messages<char>::do_open(const std::basic_string<char, std::char_traits<char>, std::allocator<char>>&, const std::locale&) const 0x08005ecd   Thumb Code    10  rwstdexcept.o(t._ZNKSt8messagesIcE7do_openERKSsRKSt6locale)
    std::basic_string<char, std::char_traits<char>, std::allocator<char>>::_C_allocate(unsigned, unsigned, unsigned) 0x08005ed7   Thumb Code    50  locale.o(t._ZNSs11_C_allocateEjjj)
    std::basic_string<char, std::char_traits<char>, std::allocator<char>>::replace(unsigned, unsigned, const char*, unsigned) 0x08005f09   Thumb Code    24  locale.o(t._ZNSs7replaceEjjPKcj)
    std::basic_string<char, std::char_traits<char>, std::allocator<char>>::replace(unsigned, unsigned, const char*, unsigned, unsigned, unsigned) 0x08005f21   Thumb Code   374  char.o(t._ZNSs7replaceEjjPKcjjj)
    std::basic_string<char, std::char_traits<char>, std::allocator<char>>::_C_getRep(unsigned, unsigned) 0x080060a1   Thumb Code   118  char.o(t._ZNSs9_C_getRepEjj)
    std::basic_string<char, std::char_traits<char>, std::allocator<char>>::_C_unlink() 0x08006121   Thumb Code    66  char.o(t._ZNSs9_C_unlinkEv)
    std::basic_string<char, std::char_traits<char>, std::allocator<char>>::basic_string(const char*, const std::allocator<char>&) 0x08006169   Thumb Code    52  locale.o(t._ZNSsC1EPKcRKSaIcE)
    std::basic_string<char, std::char_traits<char>, std::allocator<char>>::basic_string__sub_object(const char*, const std::allocator<char>&) 0x08006169   Thumb Code     0  locale.o(t._ZNSsC1EPKcRKSaIcE)
    std::basic_string<char, std::char_traits<char>, std::allocator<char>>::basic_string(const std::allocator<char>&) 0x080061a1   Thumb Code    12  locale.o(t._ZNSsC1ERKSaIcE)
    std::basic_string<char, std::char_traits<char>, std::allocator<char>>::basic_string__sub_object(const std::allocator<char>&) 0x080061a1   Thumb Code     0  locale.o(t._ZNSsC1ERKSaIcE)
    std::basic_string<char, std::char_traits<char>, std::allocator<char>>::basic_string(const std::basic_string<char, std::char_traits<char>, std::allocator<char>>&) 0x080061b1   Thumb Code    60  char.o(t._ZNSsC1ERKSs)
    std::basic_string<char, std::char_traits<char>, std::allocator<char>>::basic_string__sub_object(const std::basic_string<char, std::char_traits<char>, std::allocator<char>>&) 0x080061b1   Thumb Code     0  char.o(t._ZNSsC1ERKSs)
    std::basic_string<char, std::char_traits<char>, std::allocator<char>>::~basic_string() 0x080061ed   Thumb Code    12  char.o(t._ZNSsD1Ev)
    std::basic_string<char, std::char_traits<char>, std::allocator<char>>::~basic_string__sub_object() 0x080061ed   Thumb Code     0  char.o(t._ZNSsD1Ev)
    std::basic_string<char, std::char_traits<char>, std::allocator<char>>::operator =(const char*) 0x080061f9   Thumb Code    74  locale.o(t._ZNSsaSEPKc)
    std::basic_string<char, std::char_traits<char>, std::allocator<char>>::operator =(const std::basic_string<char, std::char_traits<char>, std::allocator<char>>&) 0x08006249   Thumb Code    60  locale.o(t._ZNSsaSERKSs)
    std::vector<char, std::allocator<char>>::_C_insert_aux(char*, unsigned, const char&) 0x08006285   Thumb Code   276  bus.o(t._ZNSt6vectorIcSaIcEE13_C_insert_auxEPcjRKc)
    std::vector<char, std::allocator<char>>::at(unsigned) 0x08006399   Thumb Code    36  bus.o(t._ZNSt6vectorIcSaIcEE2atEj)
    std::vector<char, std::allocator<char>>::resize(unsigned, char) 0x080063c1   Thumb Code    72  bus.o(t._ZNSt6vectorIcSaIcEE6resizeEjc)
    std::vector<char, std::allocator<char>>::vector(const std::allocator<char>&) 0x08006409   Thumb Code    10  bus.o(t._ZNSt6vectorIcSaIcEEC1ERKS0_)
    std::vector<char, std::allocator<char>>::vector__sub_object(const std::allocator<char>&) 0x08006409   Thumb Code     0  bus.o(t._ZNSt6vectorIcSaIcEEC1ERKS0_)
    std::vector<char, std::allocator<char>>::~vector() 0x08006413   Thumb Code    32  variable.o(t._ZNSt6vectorIcSaIcEED1Ev)
    std::vector<char, std::allocator<char>>::~vector__sub_object() 0x08006413   Thumb Code     0  variable.o(t._ZNSt6vectorIcSaIcEED1Ev)
    T2 std::uninitialized_copy<char*, char*, std::allocator<char>>(T1, T1, T2, T3&) 0x08006433   Thumb Code    24  bus.o(t._ZSt18uninitialized_copyIPcS0_SaIcEET0_T_S3_S2_RT1_)
    void std::uninitialized_fill_n<char*, unsigned, char, std::allocator<char>>(T1, T2, const T3&, T4&) 0x0800644b   Thumb Code    22  bus.o(t._ZSt20uninitialized_fill_nIPcjcSaIcEEvT_T0_RKT1_RT2_)
    const T1& std::max<unsigned>(const T1&, const T1&) 0x08006461   Thumb Code    12  char.o(t._ZSt3maxIjERKT_S2_S2_)
    AHBPrescTable                            0x0800646c   Data          16  system_stm32f0xx.o(.constdata)
    APBPrescTable                            0x0800647c   Data           8  system_stm32f0xx.o(.constdata)
    std::ctype<char>::_C_classic_table       0x080064e0   Data         512  char.o(.constdata)
    __ctype_table                            0x080066e0   Data         129  ctype_o.o(.constdata)
    vtable for std::locale::facet            0x08006768   Data          20  rwstdexcept.o(.constdata__ZTVNSt6locale5facetE)
    vtable for std::ctype_byname<char>       0x0800677c   Data          52  char.o(.constdata__ZTVSt12ctype_bynameIcE)
    vtable for std::__rw_exception           0x080067b0   Data          20  rwstdexcept.o(.constdata__ZTVSt14__rw_exception)
    vtable for std::ctype<char>              0x080067c4   Data          52  char.o(.constdata__ZTVSt5ctypeIcE)
    vtable for std::messages<char>           0x080067f8   Data          32  rwstdexcept.o(.constdata__ZTVSt8messagesIcE)
    vtable for std::exception                0x08006818   Data          20  exception_dtor.o(.constdata__ZTVSt9exception)
    __rw::__rw_locale_imp::_C_category_name(int) const::string 0x0800682c   Data           1  locale.o(.constdata__ZZNK4__rw15__rw_locale_imp16_C_category_nameEiEs)
    std::basic_string<char, std::char_traits<char>, std::allocator<char>>::replace(unsigned, unsigned, const char*, unsigned, unsigned, unsigned)::string 0x0800682d   Data           1  char.o(.constdata__ZZNSs7replaceEjjPKcjjjEs)
    std::basic_string<char, std::char_traits<char>, std::allocator<char>>::_C_getRep(unsigned, unsigned)::string 0x0800682e   Data           1  char.o(.constdata__ZZNSs9_C_getRepEjjEs)
    std::vector<char, std::allocator<char>>::at(unsigned)::string 0x0800682f   Data           1  bus.o(.constdata__ZZNSt6vectorIcSaIcEE2atEjEs)
    std::messages<char>::messages(unsigned)::string 0x08006830   Data           2  rwstdexcept.o(.constdata__ZZNSt8messagesIcEC1EjEs)
    Region$$Table$$Base                      0x08006aa8   Number         0  anon$$obj.o(Region$$Table)
    Region$$Table$$Limit                     0x08006ac8   Number         0  anon$$obj.o(Region$$Table)
    SHT$$INIT_ARRAY$$Base                    0x08006ac8   Number         0  variable.o(.init_array)
    SHT$$INIT_ARRAY$$Limit                   0x08006ad8   Number         0  rwcats.o(.init_array)
    Filtered_value                           0x20000000   Data           4  function.o(.data)
    Last_value                               0x20000004   Data           4  function.o(.data)
    test                                     0x20000008   Data           4  variable.o(.data)
    fillCounter                              0x2000000c   Data           4  variable.o(.data)
    headerMode                               0x20000010   Data           4  variable.o(.data)
    recieveCheckSum                          0x20000014   Data           4  variable.o(.data)
    sendCheckSum                             0x20000018   Data           4  variable.o(.data)
    recStatus                                0x2000001c   Data           4  variable.o(.data)
    packetSize                               0x20000020   Data           4  variable.o(.data)
    headerSize                               0x20000024   Data           4  variable.o(.data)
    firstIRQ                                 0x20000028   Data           4  variable.o(.data)
    Data_gas                                 0x2000002c   Data           4  variable.o(.data)
    Global_Connection_CNT                    0x20000030   Data           4  variable.o(.data)
    global_validation                        0x20000034   Data           4  variable.o(.data)
    SendStatus                               0x20000038   Data           4  variable.o(.data)
    recHeader                                0x2000003c   Data           1  variable.o(.data)
    uwTick                                   0x20000040   Data           4  stm32f0xx_hal.o(.data)
    SystemCoreClock                          0x20000044   Data           4  system_stm32f0xx.o(.data)
    std::ctype<char>::id                     0x20000060   Data           4  char.o(.data)
    std::ctype<wchar_t>::id                  0x20000064   Data           4  char.o(.data)
    std::locale::_C_classic                  0x20000070   Data           4  locale.o(.data)
    std::locale::_C_native                   0x20000074   Data           4  locale.o(.data)
    std::locale::_C_global                   0x20000078   Data           4  locale.o(.data)
    std::codecvt<char, char, std::__mbstate_t>::id 0x2000007c   Data           4  locale.o(.data)
    std::codecvt<wchar_t, char, std::__mbstate_t>::id 0x20000080   Data           4  locale.o(.data)
    __rw_throw_proc                          0x20000084   Data           4  rwthrowproc_noex.o(.data)
    __stderr                                 0x20000088   Data           4  stderr.o(.data)
    __microlib_freelist                      0x20000098   Data           4  mvars.o(.data)
    __microlib_freelist_initialised          0x2000009c   Data           4  mvars.o(.data)
    std::locale::id::_C_init() const::_C_id_gen 0x200000ac   Data           4  locale.o(.data__ZZNKSt6locale2id7_C_initEvE9_C_id_gen)
    guard variable for std::__rw_get_cats()::__open_cats 0x200000b0   Data           4  messages.o(.data__ZZSt13__rw_get_catsvE11__open_cats)
    std::__rw_get_cats()::__open_cats        0x200000b4   Data           8  messages.o(.data__ZZSt13__rw_get_catsvE11__open_cats)
    UART_bufferfbus                          0x200000bc   Data         100  function.o(.bss)
    vectorCheck                              0x20000120   Data         140  variable.o(.bss)
    Head_Command                             0x200001ac   Data          32  variable.o(.bss)
    bus                                      0x200001cc   Data          24  variable.o(.bss)
    HED_pkg                                  0x200001e4   Data          12  variable.o(.bss)
    FDB_pkg                                  0x200001f0   Data          12  variable.o(.bss)
    recData                                  0x200001fc   Data          12  variable.o(.bss)
    sendBuffer                               0x20000208   Data          20  variable.o(.bss)
    hadc                                     0x2000021c   Data          76  adc.o(.bss)
    htim3                                    0x20000268   Data          64  tim.o(.bss)
    huart1                                   0x200002a8   Data         112  usart.o(.bss)
    huart2                                   0x20000318   Data         112  usart.o(.bss)
    hdma_usart2_tx                           0x20000388   Data          68  usart.o(.bss)
    hdma_usart2_rx                           0x200003cc   Data          68  usart.o(.bss)
    std::basic_string<char, std::char_traits<char>, std::allocator<char>>::__nullref 0x20000428   Data          16  vendor.o(.bss__ZNSs9__nullrefE)
    __heap_base                              0x20000438   Data           0  startup_stm32f030x8.o(HEAP)
    __heap_limit                             0x20000638   Data           0  startup_stm32f030x8.o(HEAP)
    __initial_sp                             0x20000a38   Data           0  startup_stm32f030x8.o(STACK)



==============================================================================

Memory Map of the image

  Image Entry point : 0x080000b5

  Load Region LR_IROM1 (Base: 0x08000000, Size: 0x00006b94, Max: 0x00010000, ABSOLUTE)

    Execution Region ER_IROM1 (Exec base: 0x08000000, Load base: 0x08000000, Size: 0x00006ad8, Max: 0x00010000, ABSOLUTE)

    Exec Addr    Load Addr    Size         Type   Attr      Idx    E Section Name        Object

    0x08000000   0x08000000   0x000000b4   Data   RO            3    RESET               startup_stm32f030x8.o
    0x080000b4   0x080000b4   0x00000000   Code   RO         4568  * .ARM.Collect$$$$00000000  mc_p.l(entry.o)
    0x080000b4   0x080000b4   0x00000004   Code   RO         5244    .ARM.Collect$$$$00000001  mc_p.l(entry2.o)
    0x080000b8   0x080000b8   0x00000004   Code   RO         5247    .ARM.Collect$$$$00000004  mc_p.l(entry5.o)
    0x080000bc   0x080000bc   0x00000000   Code   RO         5249    .ARM.Collect$$$$00000008  mc_p.l(entry7b.o)
    0x080000bc   0x080000bc   0x00000004   Code   RO         5250    .ARM.Collect$$$$00000009  mc_p.l(entry8a.o)
    0x080000c0   0x080000c0   0x00000000   Code   RO         5251    .ARM.Collect$$$$0000000A  mc_p.l(entry8b.o)
    0x080000c0   0x080000c0   0x00000008   Code   RO         5252    .ARM.Collect$$$$0000000B  mc_p.l(entry9a.o)
    0x080000c8   0x080000c8   0x00000000   Code   RO         5254    .ARM.Collect$$$$0000000D  mc_p.l(entry10a.o)
    0x080000c8   0x080000c8   0x00000004   Code   RO         5255    .ARM.Collect$$$$0000000E  mc_p.l(entry10b.o)
    0x080000cc   0x080000cc   0x00000000   Code   RO         5256    .ARM.Collect$$$$0000000F  mc_p.l(entry11a.o)
    0x080000cc   0x080000cc   0x00000004   Code   RO         5245    .ARM.Collect$$$$00002712  mc_p.l(entry2.o)
    0x080000d0   0x080000d0   0x0000001c   Code   RO            4    .text               startup_stm32f030x8.o
    0x080000ec   0x080000ec   0x0000002c   Code   RO         4571    .text               mc_p.l(uidiv.o)
    0x08000118   0x08000118   0x00000022   Code   RO         4573    .text               mc_p.l(llushr.o)
    0x0800013a   0x0800013a   0x00000002   PAD
    0x0800013c   0x0800013c   0x00000020   Code   RO         4578    .text               mc_p.l(cpp_init.o)
    0x0800015c   0x0800015c   0x0000002a   Code   RO         4580    .text               mc_p.l(aeabi_atexit.o)
    0x08000186   0x08000186   0x000000b2   Code   RO         4582    .text               mf_p.l(fadd.o)
    0x08000238   0x08000238   0x0000007a   Code   RO         4584    .text               mf_p.l(fmul.o)
    0x080002b2   0x080002b2   0x0000007c   Code   RO         4586    .text               mf_p.l(fdiv.o)
    0x0800032e   0x0800032e   0x00000002   PAD
    0x08000330   0x08000330   0x00000164   Code   RO         4588    .text               mf_p.l(dadd.o)
    0x08000494   0x08000494   0x000000d0   Code   RO         4590    .text               mf_p.l(dmul.o)
    0x08000564   0x08000564   0x00000016   Code   RO         4592    .text               mf_p.l(fflti.o)
    0x0800057a   0x0800057a   0x00000032   Code   RO         4594    .text               mf_p.l(ffixi.o)
    0x080005ac   0x080005ac   0x00000028   Code   RO         4596    .text               mf_p.l(f2d.o)
    0x080005d4   0x080005d4   0x00000038   Code   RO         4598    .text               mf_p.l(d2f.o)
    0x0800060c   0x0800060c   0x0000000c   Code   RO         5229    .text               cpprt_p.l(aeabi_vec_delete_noexceptions.o)
    0x08000618   0x08000618   0x00000020   Code   RO         5259    .text               mc_p.l(llshl.o)
    0x08000638   0x08000638   0x00000026   Code   RO         5261    .text               mc_p.l(llsshr.o)
    0x0800065e   0x0800065e   0x00000018   Code   RO         5271    .text               mc_p.l(strcat.o)
    0x08000676   0x08000676   0x0000000e   Code   RO         5273    .text               mc_p.l(strlen.o)
    0x08000684   0x08000684   0x00000012   Code   RO         5275    .text               mc_p.l(strcpy.o)
    0x08000696   0x08000696   0x00000020   Code   RO         5277    .text               mc_p.l(strrchr.o)
    0x080006b6   0x080006b6   0x00000002   PAD
    0x080006b8   0x080006b8   0x0000003c   Code   RO         5339    .text               mc_p.l(sscanf.o)
    0x080006f4   0x080006f4   0x00000000   Code   RO         5341    .text               mc_p.l(iusefp.o)
    0x080006f4   0x080006f4   0x00000008   Code   RO         5342    .text               mc_p.l(cpp_dtor.o)
    0x080006fc   0x080006fc   0x00000042   Code   RO         5345    .text               mc_p.l(cxa_finalize.o)
    0x0800073e   0x0800073e   0x00000082   Code   RO         5347    .text               mf_p.l(fepilogue.o)
    0x080007c0   0x080007c0   0x000000be   Code   RO         5349    .text               mf_p.l(depilogue.o)
    0x0800087e   0x0800087e   0x00000008   Code   RO         5442    .text               cpprt_p.l(arm_newhandler_noexceptions.o)
    0x08000886   0x08000886   0x0000001c   Code   RO         5489    .text               cpprt_p.l(arm_exceptions_terminate.o)
    0x080008a2   0x080008a2   0x00000002   PAD
    0x080008a4   0x080008a4   0x00000054   Code   RO         5499    .text               cpprt_p.l(arm_exceptions_globs.o)
    0x080008f8   0x080008f8   0x00000024   Code   RO         5505    .text               mc_p.l(init.o)
    0x0800091c   0x0800091c   0x00000060   Code   RO         5510    .text               mc_p.l(uldiv.o)
    0x0800097c   0x0800097c   0x00000008   Code   RO         5512    .text               mc_p.l(ctype_o.o)
    0x08000984   0x08000984   0x00000012   Code   RO         5534    .text               mc_p.l(isspace_o.o)
    0x08000996   0x08000996   0x00000042   Code   RO         5548    .text               mc_p.l(memmove.o)
    0x080009d8   0x080009d8   0x0000001c   Code   RO         5552    .text               mc_p.l(strcmp.o)
    0x080009f4   0x080009f4   0x0000014a   Code   RO         5566    .text               mc_p.l(_scanf_longlong.o)
    0x08000b3e   0x08000b3e   0x0000014a   Code   RO         5568    .text               mc_p.l(_scanf_int.o)
    0x08000c88   0x08000c88   0x000000e8   Code   RO         5570    .text               mc_p.l(_scanf_str.o)
    0x08000d70   0x08000d70   0x00000374   Code   RO         5572    .text               mc_p.l(scanf_fp.o)
    0x080010e4   0x080010e4   0x0000002c   Code   RO         5576    .text               mc_p.l(scanf_char.o)
    0x08001110   0x08001110   0x00000044   Code   RO         5578    .text               mc_p.l(_sgetc.o)
    0x08001154   0x08001154   0x00000002   Code   RO         5580    .text               mc_p.l(cpp_final.o)
    0x08001156   0x08001156   0x00000002   PAD
    0x08001158   0x08001158   0x00000014   Code   RO         5582    .text               mc_p.l(cpp_memory.o)
    0x0800116c   0x0800116c   0x000000f0   Code   RO         5585    .text               mf_p.l(ddiv.o)
    0x0800125c   0x0800125c   0x00000040   Code   RO         5587    .text               mf_p.l(dfixul.o)
    0x0800129c   0x0800129c   0x00000028   Code   RO         5589    .text               mf_p.l(cdrcmple.o)
    0x080012c4   0x080012c4   0x00000002   Code   RO         5591    .text               cpprt_p.l(arm_rethrow_noexceptions.o)
    0x080012c6   0x080012c6   0x00000022   Code   RO         5600    .text               cpprt_p.l(aeabi_vec_dtor_noexceptions.o)
    0x080012e8   0x080012e8   0x00000042   Code   RO         5606    .text               cpprt_p.l(arm_exceptions_mem.o)
    0x0800132a   0x0800132a   0x00000000   Code   RO         5616    .text               mc_p.l(semi.o)
    0x0800132a   0x0800132a   0x0000007a   Code   RO         5617    .text               mc_p.l(llmul.o)
    0x080013a4   0x080013a4   0x0000001e   Code   RO         5624    .text               mc_p.l(_chval.o)
    0x080013c2   0x080013c2   0x00000002   PAD
    0x080013c4   0x080013c4   0x00000338   Code   RO         5626    .text               mc_p.l(_scanf.o)
    0x080016fc   0x080016fc   0x00000000   Code   RO         5630    .text               mc_p.l(iusesemip.o)
    0x080016fc   0x080016fc   0x0000001c   Code   RO         5631    .text               mf_p.l(dfltul.o)
    0x08001718   0x08001718   0x00000018   Code   RO         5648    .text               cpprt_p.l(ARM_vec_cleanup_noexceptions.o)
    0x08001730   0x08001730   0x00000014   Code   RO         4854    i.<Func5>           cpp_ps.l(locale.o)
    0x08001744   0x08001744   0x00000018   Code   RO         1047    i.DMA1_Channel4_5_IRQHandler  stm32f0xx_it.o
    0x0800175c   0x0800175c   0x00000110   Code   RO         1150    i.HAL_ADC_ConfigChannel  stm32f0xx_hal_adc.o
    0x0800186c   0x0800186c   0x00000006   Code   RO         1157    i.HAL_ADC_GetValue  stm32f0xx_hal_adc.o
    0x08001872   0x08001872   0x00000002   PAD
    0x08001874   0x08001874   0x00000174   Code   RO         1159    i.HAL_ADC_Init      stm32f0xx_hal_adc.o
    0x080019e8   0x080019e8   0x00000040   Code   RO          897    i.HAL_ADC_MspInit   adc.o
    0x08001a28   0x08001a28   0x000000be   Code   RO         1163    i.HAL_ADC_PollForConversion  stm32f0xx_hal_adc.o
    0x08001ae6   0x08001ae6   0x00000002   PAD
    0x08001ae8   0x08001ae8   0x0000005c   Code   RO         1165    i.HAL_ADC_Start     stm32f0xx_hal_adc.o
    0x08001b44   0x08001b44   0x0000003e   Code   RO         1168    i.HAL_ADC_Stop      stm32f0xx_hal_adc.o
    0x08001b82   0x08001b82   0x00000048   Code   RO         3722    i.HAL_DMA_Abort_IT  stm32f0xx_hal_dma.o
    0x08001bca   0x08001bca   0x0000009c   Code   RO         3726    i.HAL_DMA_IRQHandler  stm32f0xx_hal_dma.o
    0x08001c66   0x08001c66   0x00000002   PAD
    0x08001c68   0x08001c68   0x00000058   Code   RO         3727    i.HAL_DMA_Init      stm32f0xx_hal_dma.o
    0x08001cc0   0x08001cc0   0x0000006a   Code   RO         3730    i.HAL_DMA_Start_IT  stm32f0xx_hal_dma.o
    0x08001d2a   0x08001d2a   0x0000001c   Code   RO         2960    i.HAL_Delay         stm32f0xx_hal.o
    0x08001d46   0x08001d46   0x00000002   PAD
    0x08001d48   0x08001d48   0x00000148   Code   RO         3654    i.HAL_GPIO_Init     stm32f0xx_hal_gpio.o
    0x08001e90   0x08001e90   0x00000008   Code   RO         3657    i.HAL_GPIO_TogglePin  stm32f0xx_hal_gpio.o
    0x08001e98   0x08001e98   0x0000000c   Code   RO         3658    i.HAL_GPIO_WritePin  stm32f0xx_hal_gpio.o
    0x08001ea4   0x08001ea4   0x0000000c   Code   RO         2964    i.HAL_GetTick       stm32f0xx_hal.o
    0x08001eb0   0x08001eb0   0x00000010   Code   RO         2968    i.HAL_IncTick       stm32f0xx_hal.o
    0x08001ec0   0x08001ec0   0x00000020   Code   RO         2969    i.HAL_Init          stm32f0xx_hal.o
    0x08001ee0   0x08001ee0   0x00000022   Code   RO         2970    i.HAL_InitTick      stm32f0xx_hal.o
    0x08001f02   0x08001f02   0x00000002   PAD
    0x08001f04   0x08001f04   0x00000044   Code   RO         1128    i.HAL_MspInit       stm32f0xx_hal_msp.o
    0x08001f48   0x08001f48   0x00000014   Code   RO         3833    i.HAL_NVIC_EnableIRQ  stm32f0xx_hal_cortex.o
    0x08001f5c   0x08001f5c   0x00000008   Code   RO         3837    i.HAL_NVIC_SetPriority  stm32f0xx_hal_cortex.o
    0x08001f64   0x08001f64   0x000000e8   Code   RO         2922    i.HAL_RCCEx_PeriphCLKConfig  stm32f0xx_hal_rcc_ex.o
    0x0800204c   0x0800204c   0x0000012c   Code   RO         2816    i.HAL_RCC_ClockConfig  stm32f0xx_hal_rcc.o
    0x08002178   0x08002178   0x0000000c   Code   RO         2821    i.HAL_RCC_GetHCLKFreq  stm32f0xx_hal_rcc.o
    0x08002184   0x08002184   0x00000020   Code   RO         2823    i.HAL_RCC_GetPCLK1Freq  stm32f0xx_hal_rcc.o
    0x080021a4   0x080021a4   0x0000007c   Code   RO         2824    i.HAL_RCC_GetSysClockFreq  stm32f0xx_hal_rcc.o
    0x08002220   0x08002220   0x00000354   Code   RO         2827    i.HAL_RCC_OscConfig  stm32f0xx_hal_rcc.o
    0x08002574   0x08002574   0x00000018   Code   RO         3839    i.HAL_SYSTICK_CLKSourceConfig  stm32f0xx_hal_cortex.o
    0x0800258c   0x0800258c   0x00000002   Code   RO         3840    i.HAL_SYSTICK_Callback  stm32f0xx_hal_cortex.o
    0x0800258e   0x0800258e   0x00000002   PAD
    0x08002590   0x08002590   0x00000030   Code   RO         3841    i.HAL_SYSTICK_Config  stm32f0xx_hal_cortex.o
    0x080025c0   0x080025c0   0x00000008   Code   RO         3842    i.HAL_SYSTICK_IRQHandler  stm32f0xx_hal_cortex.o
    0x080025c8   0x080025c8   0x00000002   Code   RO         2122    i.HAL_TIMEx_BreakCallback  stm32f0xx_hal_tim_ex.o
    0x080025ca   0x080025ca   0x00000002   Code   RO         2123    i.HAL_TIMEx_CommutationCallback  stm32f0xx_hal_tim_ex.o
    0x080025cc   0x080025cc   0x00000048   Code   RO         2139    i.HAL_TIMEx_MasterConfigSynchronization  stm32f0xx_hal_tim_ex.o
    0x08002614   0x08002614   0x00000034   Code   RO         1376    i.HAL_TIM_Base_Init  stm32f0xx_hal_tim.o
    0x08002648   0x08002648   0x00000034   Code   RO          959    i.HAL_TIM_Base_MspInit  tim.o
    0x0800267c   0x0800267c   0x00000016   Code   RO         1381    i.HAL_TIM_Base_Start_IT  stm32f0xx_hal_tim.o
    0x08002692   0x08002692   0x00000002   PAD
    0x08002694   0x08002694   0x00000030   Code   RO         1382    i.HAL_TIM_Base_Stop  stm32f0xx_hal_tim.o
    0x080026c4   0x080026c4   0x000000ee   Code   RO         1385    i.HAL_TIM_ConfigClockSource  stm32f0xx_hal_tim.o
    0x080027b2   0x080027b2   0x00000002   Code   RO         1407    i.HAL_TIM_IC_CaptureCallback  stm32f0xx_hal_tim.o
    0x080027b4   0x080027b4   0x00000162   Code   RO         1420    i.HAL_TIM_IRQHandler  stm32f0xx_hal_tim.o
    0x08002916   0x08002916   0x00000002   Code   RO         1423    i.HAL_TIM_OC_DelayElapsedCallback  stm32f0xx_hal_tim.o
    0x08002918   0x08002918   0x00000002   Code   RO         1450    i.HAL_TIM_PWM_PulseFinishedCallback  stm32f0xx_hal_tim.o
    0x0800291a   0x0800291a   0x00000002   PAD
    0x0800291c   0x0800291c   0x00000034   Code   RO           12    i.HAL_TIM_PeriodElapsedCallback  main.o
    0x08002950   0x08002950   0x00000002   Code   RO         1461    i.HAL_TIM_TriggerCallback  stm32f0xx_hal_tim.o
    0x08002952   0x08002952   0x00000002   Code   RO         2414    i.HAL_UART_ErrorCallback  stm32f0xx_hal_uart.o
    0x08002954   0x08002954   0x00000114   Code   RO         2417    i.HAL_UART_IRQHandler  stm32f0xx_hal_uart.o
    0x08002a68   0x08002a68   0x0000006c   Code   RO         2418    i.HAL_UART_Init     stm32f0xx_hal_uart.o
    0x08002ad4   0x08002ad4   0x0000010c   Code   RO         1000    i.HAL_UART_MspInit  usart.o
    0x08002be0   0x08002be0   0x000000a4   Code   RO         2422    i.HAL_UART_Receive_DMA  stm32f0xx_hal_uart.o
    0x08002c84   0x08002c84   0x00000088   Code   RO         2423    i.HAL_UART_Receive_IT  stm32f0xx_hal_uart.o
    0x08002d0c   0x08002d0c   0x00000060   Code   RO           13    i.HAL_UART_RxCpltCallback  main.o
    0x08002d6c   0x08002d6c   0x00000002   Code   RO         2425    i.HAL_UART_RxHalfCpltCallback  stm32f0xx_hal_uart.o
    0x08002d6e   0x08002d6e   0x000000c8   Code   RO         2426    i.HAL_UART_Transmit  stm32f0xx_hal_uart.o
    0x08002e36   0x08002e36   0x00000002   PAD
    0x08002e38   0x08002e38   0x00000098   Code   RO         2427    i.HAL_UART_Transmit_DMA  stm32f0xx_hal_uart.o
    0x08002ed0   0x08002ed0   0x00000064   Code   RO           14    i.HAL_UART_TxCpltCallback  main.o
    0x08002f34   0x08002f34   0x00000002   Code   RO         2430    i.HAL_UART_TxHalfCpltCallback  stm32f0xx_hal_uart.o
    0x08002f36   0x08002f36   0x00000002   Code   RO         1048    i.HardFault_Handler  stm32f0xx_it.o
    0x08002f38   0x08002f38   0x00000078   Code   RO          898    i.MX_ADC_Init       adc.o
    0x08002fb0   0x08002fb0   0x00000028   Code   RO          937    i.MX_DMA_Init       dma.o
    0x08002fd8   0x08002fd8   0x000000a8   Code   RO          875    i.MX_GPIO_Init      gpio.o
    0x08003080   0x08003080   0x00000080   Code   RO          960    i.MX_TIM3_Init      tim.o
    0x08003100   0x08003100   0x0000004c   Code   RO         1001    i.MX_USART1_UART_Init  usart.o
    0x0800314c   0x0800314c   0x0000004c   Code   RO         1002    i.MX_USART2_UART_Init  usart.o
    0x08003198   0x08003198   0x00000002   Code   RO         1049    i.NMI_Handler       stm32f0xx_it.o
    0x0800319a   0x0800319a   0x00000002   Code   RO         1050    i.PendSV_Handler    stm32f0xx_it.o
    0x0800319c   0x0800319c   0x00000002   Code   RO         1051    i.SVC_Handler       stm32f0xx_it.o
    0x0800319e   0x0800319e   0x0000000c   Code   RO         1052    i.SysTick_Handler   stm32f0xx_it.o
    0x080031aa   0x080031aa   0x00000002   PAD
    0x080031ac   0x080031ac   0x0000005c   Code   RO         4257    i.SystemInit        system_stm32f0xx.o
    0x08003208   0x08003208   0x00000010   Code   RO         1053    i.TIM3_IRQHandler   stm32f0xx_it.o
    0x08003218   0x08003218   0x00000088   Code   RO         1462    i.TIM_Base_SetConfig  stm32f0xx_hal_tim.o
    0x080032a0   0x080032a0   0x00000016   Code   RO         1467    i.TIM_ETR_SetConfig  stm32f0xx_hal_tim.o
    0x080032b6   0x080032b6   0x000000ca   Code   RO         2431    i.UART_AdvFeatureConfig  stm32f0xx_hal_uart.o
    0x08003380   0x08003380   0x00000012   Code   RO         2432    i.UART_CheckIdleState  stm32f0xx_hal_uart.o
    0x08003392   0x08003392   0x0000001a   Code   RO         2433    i.UART_EndTransmit_IT  stm32f0xx_hal_uart.o
    0x080033ac   0x080033ac   0x0000007a   Code   RO         2434    i.UART_Receive_IT   stm32f0xx_hal_uart.o
    0x08003426   0x08003426   0x00000002   PAD
    0x08003428   0x08003428   0x00000138   Code   RO         2435    i.UART_SetConfig    stm32f0xx_hal_uart.o
    0x08003560   0x08003560   0x00000066   Code   RO         2436    i.UART_Transmit_IT  stm32f0xx_hal_uart.o
    0x080035c6   0x080035c6   0x00000062   Code   RO         2437    i.UART_WaitOnFlagUntilTimeout  stm32f0xx_hal_uart.o
    0x08003628   0x08003628   0x00000010   Code   RO         1054    i.USART1_IRQHandler  stm32f0xx_it.o
    0x08003638   0x08003638   0x00000010   Code   RO         1055    i.USART2_IRQHandler  stm32f0xx_it.o
    0x08003648   0x08003648   0x00000002   Code   RO           15    i._Error_Handler    main.o
    0x0800364a   0x0800364a   0x00000002   PAD
    0x0800364c   0x0800364c   0x00000084   Code   RO         1171    i._Z10ADC_EnableP17ADC_HandleTypeDef  stm32f0xx_hal_adc.o
    0x080036d0   0x080036d0   0x00000072   Code   RO          544    i._Z10dyna_wheelcci  function.o
    0x08003742   0x08003742   0x00000002   PAD
    0x08003744   0x08003744   0x00000040   Code   RO          545    i._Z10get_Bufferv   function.o
    0x08003784   0x08003784   0x00000066   Code   RO         1172    i._Z11ADC_DisableP17ADC_HandleTypeDef  stm32f0xx_hal_adc.o
    0x080037ea   0x080037ea   0x00000002   PAD
    0x080037ec   0x080037ec   0x00000014   Code   RO          546    i._Z11putchardynac  function.o
    0x08003800   0x08003800   0x00000024   Code   RO          547    i._Z12Termal_powerv  function.o
    0x08003824   0x08003824   0x00000028   Code   RO         3732    i._Z13DMA_SetConfigP19__DMA_HandleTypeDefjjj  stm32f0xx_hal_dma.o
    0x0800384c   0x0800384c   0x00000014   Code   RO          548    i._Z13Do_not_Actionv  function.o
    0x08003860   0x08003860   0x0000004a   Code   RO         2438    i._Z13UART_DMAErrorP19__DMA_HandleTypeDef  stm32f0xx_hal_uart.o
    0x080038aa   0x080038aa   0x00000002   PAD
    0x080038ac   0x080038ac   0x0000003c   Code   RO          549    i._Z13go_to_postioncf  function.o
    0x080038e8   0x080038e8   0x00000038   Code   RO          550    i._Z14Gripper_actionv  function.o
    0x08003920   0x08003920   0x0000006c   Code   RO          551    i._Z15filter_gas_datav  function.o
    0x0800398c   0x0800398c   0x00000044   Code   RO         3843    i._Z16NVIC_SetPriority9IRQn_Typej  stm32f0xx_hal_cortex.o
    0x080039d0   0x080039d0   0x00000098   Code   RO          552    i._Z16set_goal_postionccc  function.o
    0x08003a68   0x08003a68   0x00000052   Code   RO         1175    i._Z18ADC_ConversionStopP17ADC_HandleTypeDef  stm32f0xx_hal_adc.o
    0x08003aba   0x08003aba   0x0000007c   Code   RO           16    i._Z18SystemClock_Configv  main.o
    0x08003b36   0x08003b36   0x00000010   Code   RO         1475    i._Z18TIM_ITRx_SetConfigP11TIM_TypeDeft  stm32f0xx_hal_tim.o
    0x08003b46   0x08003b46   0x0000000a   Code   RO         2439    i._Z18UART_DMARxHalfCpltP19__DMA_HandleTypeDef  stm32f0xx_hal_uart.o
    0x08003b50   0x08003b50   0x0000000a   Code   RO         2440    i._Z18UART_DMATxHalfCpltP19__DMA_HandleTypeDef  stm32f0xx_hal_uart.o
    0x08003b5a   0x08003b5a   0x0000001e   Code   RO         2441    i._Z18UART_EndRxTransferP18UART_HandleTypeDef  stm32f0xx_hal_uart.o
    0x08003b78   0x08003b78   0x00000012   Code   RO         2442    i._Z18UART_EndTxTransferP18UART_HandleTypeDef  stm32f0xx_hal_uart.o
    0x08003b8a   0x08003b8a   0x00000040   Code   RO         2443    i._Z19UART_DMAReceiveCpltP19__DMA_HandleTypeDef  stm32f0xx_hal_uart.o
    0x08003bca   0x08003bca   0x00000014   Code   RO         2444    i._Z20UART_DMAAbortOnErrorP19__DMA_HandleTypeDef  stm32f0xx_hal_uart.o
    0x08003bde   0x08003bde   0x00000030   Code   RO         2445    i._Z20UART_DMATransmitCpltP19__DMA_HandleTypeDef  stm32f0xx_hal_uart.o
    0x08003c0e   0x08003c0e   0x00000002   PAD
    0x08003c10   0x08003c10   0x00000018   Code   RO          553    i._Z21UART_send_Dyna_bufferi  function.o
    0x08003c28   0x08003c28   0x00000024   Code   RO         3733    i._Z23DMA_CalcBaseAndBitshiftP19__DMA_HandleTypeDef  stm32f0xx_hal_dma.o
    0x08003c4c   0x08003c4c   0x00000022   Code   RO         1478    i._Z24TIM_TI1_ConfigInputStageP11TIM_TypeDefjj  stm32f0xx_hal_tim.o
    0x08003c6e   0x08003c6e   0x00000026   Code   RO         1479    i._Z24TIM_TI2_ConfigInputStageP11TIM_TypeDefjj  stm32f0xx_hal_tim.o
    0x08003c94   0x08003c94   0x0000002c   Code   RO          554    i._Z6hiphopv        function.o
    0x08003cc0   0x08003cc0   0x00000020   Code   RO         5353    i._Z7catgetsPN4__rw8__rw_catEiiPKc  cpp_ps.l(rwcats.o)
    0x08003ce0   0x08003ce0   0x00000022   Code   RO         5354    i._Z7catopenPKci    cpp_ps.l(rwcats.o)
    0x08003d02   0x08003d02   0x00000002   PAD
    0x08003d04   0x08003d04   0x00000028   Code   RO          555    i._Z8Head_posv      function.o
    0x08003d2c   0x08003d2c   0x0000003c   Code   RO          556    i._Z8Read_ADCh      function.o
    0x08003d68   0x08003d68   0x00000018   Code   RO          557    i._Z8Roll_posv      function.o
    0x08003d80   0x08003d80   0x00000024   Code   RO          559    i._Z9Do_Actionv     function.o
    0x08003da4   0x08003da4   0x00000028   Code   RO          560    i._Z9LED_powerv     function.o
    0x08003dcc   0x08003dcc   0x00000024   Code   RO          561    i._Z9Switch_12v     function.o
    0x08003df0   0x08003df0   0x00000012   Code   RO          812    i._ZN12HeaderPacketC1Eccccc  variable.o
    0x08003e02   0x08003e02   0x00000056   Code   RO         4442    i._ZN37_INTERNAL_15_rwstdexcept_cpp_8697b68a4__rw13__rw_vfmatstrEPcjPKcSt9__va_list  cpp_ps.l(rwstdexcept.o)
    0x08003e58   0x08003e58   0x0000014c   Code   RO         4443    i._ZN37_INTERNAL_15_rwstdexcept_cpp_8697b68a4__rw13__rw_vfmatstrEPcjiSt9__va_list  cpp_ps.l(rwstdexcept.o)
    0x08003fa4   0x08003fa4   0x00000118   Code   RO          344    i._ZN3BUS10FillbufferEP12HeaderPacket  bus.o
    0x080040bc   0x080040bc   0x000000a8   Code   RO          345    i._ZN3BUS11CheckHeaderEP12HeaderPacket  bus.o
    0x08004164   0x08004164   0x00000020   Code   RO          346    i._ZN3BUS11VectorCheckEv  bus.o
    0x08004184   0x08004184   0x00000038   Code   RO          347    i._ZN3BUS12CheckAddressEv  bus.o
    0x080041bc   0x080041bc   0x0000002c   Code   RO          349    i._ZN3BUS7BusInitEv  bus.o
    0x080041e8   0x080041e8   0x00000088   Code   RO          350    i._ZN3BUS8CheckEndEP12HeaderPacket  bus.o
    0x08004270   0x08004270   0x00000054   Code   RO          351    i._ZN3BUS8FeedBackEv  bus.o
    0x080042c4   0x080042c4   0x0000004c   Code   RO          352    i._ZN3BUS9GetPacketEv  bus.o
    0x08004310   0x08004310   0x00000014   Code   RO          353    i._ZN3BUSC1Ev       bus.o
    0x08004324   0x08004324   0x00000010   Code   RO          818    i._ZN3BUSD1Ev       variable.o
    0x08004334   0x08004334   0x00000060   Code   RO         4445    i._ZN4__rw10__rw_throwEiz  cpp_ps.l(rwstdexcept.o)
    0x08004394   0x08004394   0x00000022   Code   RO         4290    i._ZN4__rw13__rw_allocateEji  cpp_ps.l(rwalloc.o)
    0x080043b6   0x080043b6   0x00000008   Code   RO         4291    i._ZN4__rw15__rw_deallocateEPvji  cpp_ps.l(rwalloc.o)
    0x080043be   0x080043be   0x00000002   Code   RO         4801    i._ZN4__rw15__rw_facet_base12_C_initfacetERKSt6locale  cpp_ps.l(char.o)
    0x080043c0   0x080043c0   0x000000f4   Code   RO         4957    i._ZN4__rw15__rw_locale_impC1EPKcjj  cpp_ps.l(locale.o)
    0x080044b4   0x080044b4   0x0000001a   Code   RO         4995    i._ZN4__rw15__rw_locale_impD1Ev  cpp_ps.l(locale.o)
    0x080044ce   0x080044ce   0x00000038   Code   RO         4855    i._ZN4__rw21__rw_use_c_lib_localeC1EPKci  cpp_ps.l(locale.o)
    0x08004506   0x08004506   0x0000001a   Code   RO         4771    i._ZN4__rw21__rw_use_c_lib_localeD1Ev  cpp_ps.l(char.o)
    0x08004520   0x08004520   0x00000098   Code   RO         5377    i._ZN4__rw25__rw_throw_exception_noexEiPc  cpp_ps.l(rwthrowproc_impl_noex.o)
    0x080045b8   0x080045b8   0x00000034   Code   RO         5357    i._ZN4__rw9__catfindEPNS_8__rw_catE  cpp_ps.l(rwcats.o)
    0x080045ec   0x080045ec   0x00000004   Code   RO         4565    i._ZNKSt14__rw_exception4whatEv  cpp_ps.l(rwstdexcept.o)
    0x080045f0   0x080045f0   0x0000006e   Code   RO         5038    i._ZNKSt18__rw_messages_base11_C_cat_openERKSsRKSt6locale  cpp_ps.l(messages.o)
    0x0800465e   0x0800465e   0x0000001e   Code   RO         5041    i._ZNKSt18__rw_messages_base13_C_get_localeEi  cpp_ps.l(messages.o)
    0x0800467c   0x0800467c   0x00000036   Code   RO         5042    i._ZNKSt18__rw_messages_base14_C_get_messageEiii  cpp_ps.l(messages.o)
    0x080046b2   0x080046b2   0x0000000e   Code   RO         4741    i._ZNKSt5ctypeIcE2isENSt10ctype_base4maskEc  cpp_ps.l(char.o)
    0x080046c0   0x080046c0   0x00000108   Code   RO         4860    i._ZNKSt6locale13_C_make_facetERKNS_2idEbiPFPN4__rw15__rw_facet_baseEiPKcjE  cpp_ps.l(locale.o)
    0x080047c8   0x080047c8   0x00000080   Code   RO         4862    i._ZNKSt6locale16_C_install_facetEPN4__rw15__rw_facet_baseERKNS_2idE  cpp_ps.l(locale.o)
    0x08004848   0x08004848   0x00000034   Code   RO         4863    i._ZNKSt6locale4nameEv  cpp_ps.l(locale.o)
    0x0800487c   0x0800487c   0x0000000c   Code   RO         4716    i._ZNSt11char_traitsIcE4copyEPcPKcj  cpp_ps.l(char.o)
    0x08004888   0x08004888   0x000000c8   Code   RO         4604    i._ZNSt12ctype_bynameIcE17_C_get_mask_tableEPKc  cpp_ps.l(char.o)
    0x08004950   0x08004950   0x00000130   Code   RO         4606    i._ZNSt12ctype_bynameIcEC1EPKcj  cpp_ps.l(char.o)
    0x08004a80   0x08004a80   0x0000000c   Code   RO         4848    i._ZNSt12ctype_bynameIcED0Ev  cpp_ps.l(char.o)
    0x08004a8c   0x08004a8c   0x00000008   Code   RO         4845    i._ZNSt12ctype_bynameIcED1Ev  cpp_ps.l(char.o)
    0x08004a94   0x08004a94   0x00000088   Code   RO         4448    i._ZNSt14__rw_exception10_C_vformatEiSt9__va_list  cpp_ps.l(rwstdexcept.o)
    0x08004b1c   0x08004b1c   0x00000014   Code   RO         4515    i._ZNSt14__rw_exceptionC1Ev  cpp_ps.l(rwstdexcept.o)
    0x08004b30   0x08004b30   0x0000001c   Code   RO         4559    i._ZNSt14__rw_exceptionD1Ev  cpp_ps.l(rwstdexcept.o)
    0x08004b4c   0x08004b4c   0x00000008   Code   RO         4512    i._ZNSt18__rw_messages_baseD1Ev  cpp_ps.l(rwstdexcept.o)
    0x08004b54   0x08004b54   0x0000001a   Code   RO         5078    i._ZNSt18__rw_open_cat_dataC1Ev  cpp_ps.l(messages.o)
    0x08004b6e   0x08004b6e   0x0000000c   Code   RO         5075    i._ZNSt18__rw_open_cat_dataD1Ev  cpp_ps.l(messages.o)
    0x08004b7a   0x08004b7a   0x00000012   Code   RO         5081    i._ZNSt18__rw_open_cat_dataaSERKS_  cpp_ps.l(messages.o)
    0x08004b8c   0x08004b8c   0x0000010a   Code   RO         4608    i._ZNSt5ctypeIcE12_C_initfacetERKSt6locale  cpp_ps.l(char.o)
    0x08004c96   0x08004c96   0x00000002   PAD
    0x08004c98   0x08004c98   0x00000124   Code   RO         4610    i._ZNSt5ctypeIcEC1EPKNSt10ctype_base4maskEbj  cpp_ps.l(char.o)
    0x08004dbc   0x08004dbc   0x0000000c   Code   RO         4744    i._ZNSt5ctypeIcED0Ev  cpp_ps.l(char.o)
    0x08004dc8   0x08004dc8   0x0000002c   Code   RO         4674    i._ZNSt5ctypeIcED1Ev  cpp_ps.l(char.o)
    0x08004df4   0x08004df4   0x0000000c   Code   RO         4556    i._ZNSt6locale5facetD0Ev  cpp_ps.l(rwstdexcept.o)
    0x08004e00   0x08004e00   0x00000088   Code   RO         4866    i._ZNSt6locale7_C_initEv  cpp_ps.l(locale.o)
    0x08004e88   0x08004e88   0x00000048   Code   RO         4868    i._ZNSt6locale7classicEv  cpp_ps.l(locale.o)
    0x08004ed0   0x08004ed0   0x00000024   Code   RO         5004    i._ZNSt6localeC1EPN4__rw15__rw_locale_impE  cpp_ps.l(locale.o)
    0x08004ef4   0x08004ef4   0x0000000c   Code   RO         5084    i._ZNSt6localeC1ERKS_  cpp_ps.l(messages.o)
    0x08004f00   0x08004f00   0x00000024   Code   RO         4508    i._ZNSt6localeC1Ev  cpp_ps.l(rwstdexcept.o)
    0x08004f24   0x08004f24   0x00000024   Code   RO         4973    i._ZNSt6localeD1Ev  cpp_ps.l(locale.o)
    0x08004f48   0x08004f48   0x00000034   Code   RO         4876    i._ZNSt6localeaSERKS_  cpp_ps.l(locale.o)
    0x08004f7c   0x08004f7c   0x0000000c   Code   RO         4530    i._ZNSt8messagesIcED0Ev  cpp_ps.l(rwstdexcept.o)
    0x08004f88   0x08004f88   0x00000010   Code   RO         4499    i._ZNSt8messagesIcED1Ev  cpp_ps.l(rwstdexcept.o)
    0x08004f98   0x08004f98   0x0000000c   Code   RO         5113    i._ZNSt9exceptionC1Ev  cpprt_p.l(exception_ctor.o)
    0x08004fa4   0x08004fa4   0x00000040   Code   RO         5059    i._ZSt13__rw_get_catsv  cpp_ps.l(messages.o)
    0x08004fe4   0x08004fe4   0x00000008   Code   RO         5090    i._ZdaPv            cpprt_p.l(array_del.o)
    0x08004fec   0x08004fec   0x00000008   Code   RO         5097    i._ZdlPv            cpprt_p.l(delete.o)
    0x08004ff4   0x08004ff4   0x00000008   Code   RO         5093    i._Znaj             cpprt_p.l(array_new.o)
    0x08004ffc   0x08004ffc   0x00000028   Code   RO         5100    i._Znwj             cpprt_p.l(new.o)
    0x08005024   0x08005024   0x0000001c   Code   RO         5283    i.__0fprintf        mc_p.l(printfa.o)
    0x08005040   0x08005040   0x0000002c   Code   RO         5289    i.__0vsnprintf      mc_p.l(printfa.o)
    0x0800506c   0x0800506c   0x000000a2   Code   RO         5635    i.__ARM_array_new_general  cpprt_p.l(array_new_general.o)
    0x0800510e   0x0800510e   0x0000002e   Code   RO         5351    i.__ARM_clz         mf_p.l(depilogue.o)
    0x0800513c   0x0800513c   0x00000012   Code   RO         5483    i.__aeabi_vec_dtor_cookie  cpprt_p.l(aeabi_vec_dtor_cookie.o)
    0x0800514e   0x0800514e   0x00000014   Code   RO         5480    i.__aeabi_vec_new_cookie  cpprt_p.l(aeabi_vec_new_cookie.o)
    0x08005162   0x08005162   0x00000012   Code   RO         5458    i.__cxa_guard_acquire  cpprt_p.l(cxa_guard_acquire.o)
    0x08005174   0x08005174   0x00000018   Code   RO         5597    i.__cxa_vec_new     cpprt_p.l(cxa_vec_new.o)
    0x0800518c   0x0800518c   0x0000000e   Code   RO         5661    i.__scatterload_copy  mc_p.l(handlers.o)
    0x0800519a   0x0800519a   0x00000002   Code   RO         5662    i.__scatterload_null  mc_p.l(handlers.o)
    0x0800519c   0x0800519c   0x0000000e   Code   RO         5663    i.__scatterload_zeroinit  mc_p.l(handlers.o)
    0x080051aa   0x080051aa   0x00000002   PAD
    0x080051ac   0x080051ac   0x00000010   Code   RO         4877    i.__sti___10_locale_cpp_ff99fc7b  cpp_ps.l(locale.o)
    0x080051bc   0x080051bc   0x0000003c   Code   RO         5358    i.__sti___10_rwcats_cpp_64e8068e  cpp_ps.l(rwcats.o)
    0x080051f8   0x080051f8   0x0000004c   Code   RO          771    i.__sti___10_variable_c_bus  variable.o
    0x08005244   0x08005244   0x00000010   Code   RO         4612    i.__sti___8_char_cpp_a3dc957a  cpp_ps.l(char.o)
    0x08005254   0x08005254   0x00000174   Code   RO         5291    i._fp_digits        mc_p.l(printfa.o)
    0x080053c8   0x080053c8   0x0000000e   Code   RO         5574    i._is_digit         mc_p.l(scanf_fp.o)
    0x080053d6   0x080053d6   0x00000002   PAD
    0x080053d8   0x080053d8   0x000006ec   Code   RO         5292    i._printf_core      mc_p.l(printfa.o)
    0x08005ac4   0x08005ac4   0x00000020   Code   RO         5293    i._printf_post_padding  mc_p.l(printfa.o)
    0x08005ae4   0x08005ae4   0x0000002c   Code   RO         5294    i._printf_pre_padding  mc_p.l(printfa.o)
    0x08005b10   0x08005b10   0x00000016   Code   RO         5295    i._snputc           mc_p.l(printfa.o)
    0x08005b26   0x08005b26   0x00000012   Code   RO         5507    i.fputc             mc_p.l(fputc.o)
    0x08005b38   0x08005b38   0x00000054   Code   RO         5311    i.free              mc_p.l(malloc.o)
    0x08005b8c   0x08005b8c   0x000000b4   Code   RO           17    i.main              main.o
    0x08005c40   0x08005c40   0x0000006c   Code   RO         5312    i.malloc            mc_p.l(malloc.o)
    0x08005cac   0x08005cac   0x00000014   Code   RO         4725    t._ZN4__rw12__string_refIcSt11char_traitsIcESaIcEE10_C_inc_refEv  cpp_ps.l(char.o)
    0x08005cc0   0x08005cc0   0x00000048   Code   RO         4521    t._ZN4__rw16__rw_facet_makerISt5ctypeIcEE13_C_maker_funcEiPKcj  cpp_ps.l(rwstdexcept.o)
    0x08005d08   0x08005d08   0x00000054   Code   RO         4976    t._ZN4__rw18__rw_locale_vectorIPNS_15__rw_facet_baseEE6resizeEjRKS2_  cpp_ps.l(locale.o)
    0x08005d5c   0x08005d5c   0x0000000e   Code   RO         4988    t._ZN4__rw18__rw_locale_vectorIPNS_15__rw_facet_baseEED1Ev  cpp_ps.l(locale.o)
    0x08005d6a   0x08005d6a   0x00000008   Code   RO         5001    t._ZN4__rw18__rw_locale_vectorIPNS_15__rw_facet_baseEEixEj  cpp_ps.l(locale.o)
    0x08005d72   0x08005d72   0x0000000e   Code   RO         5374    t._ZN4__rw18__rw_locale_vectorIPNS_8__rw_catEED1Ev  cpp_ps.l(rwcats.o)
    0x08005d80   0x08005d80   0x00000014   Code   RO         4991    t._ZN4__rw18__rw_locale_vectorISsED1Ev  cpp_ps.l(locale.o)
    0x08005d94   0x08005d94   0x00000008   Code   RO         4998    t._ZN4__rw18__rw_locale_vectorISsEixEj  cpp_ps.l(locale.o)
    0x08005d9c   0x08005d9c   0x00000090   Code   RO         5065    t._ZN4__rw18__rw_locale_vectorISt18__rw_open_cat_dataE6resizeEj  cpp_ps.l(messages.o)
    0x08005e2c   0x08005e2c   0x00000014   Code   RO         5071    t._ZN4__rw18__rw_locale_vectorISt18__rw_open_cat_dataED1Ev  cpp_ps.l(messages.o)
    0x08005e40   0x08005e40   0x0000008c   Code   RO         4493    t._ZNKSt8messagesIcE6do_getEiiiRKSs  cpp_ps.l(rwstdexcept.o)
    0x08005ecc   0x08005ecc   0x0000000a   Code   RO         4518    t._ZNKSt8messagesIcE7do_openERKSsRKSt6locale  cpp_ps.l(rwstdexcept.o)
    0x08005ed6   0x08005ed6   0x00000032   Code   RO         4945    t._ZNSs11_C_allocateEjjj  cpp_ps.l(locale.o)
    0x08005f08   0x08005f08   0x00000018   Code   RO         4985    t._ZNSs7replaceEjjPKcj  cpp_ps.l(locale.o)
    0x08005f20   0x08005f20   0x00000180   Code   RO         4665    t._ZNSs7replaceEjjPKcjjj  cpp_ps.l(char.o)
    0x080060a0   0x080060a0   0x00000080   Code   RO         4653    t._ZNSs9_C_getRepEjj  cpp_ps.l(char.o)
    0x08006120   0x08006120   0x00000048   Code   RO         4662    t._ZNSs9_C_unlinkEv  cpp_ps.l(char.o)
    0x08006168   0x08006168   0x00000038   Code   RO         4948    t._ZNSsC1EPKcRKSaIcE  cpp_ps.l(locale.o)
    0x080061a0   0x080061a0   0x00000010   Code   RO         4982    t._ZNSsC1ERKSaIcE   cpp_ps.l(locale.o)
    0x080061b0   0x080061b0   0x0000003c   Code   RO         4656    t._ZNSsC1ERKSs      cpp_ps.l(char.o)
    0x080061ec   0x080061ec   0x0000000c   Code   RO         4734    t._ZNSsD1Ev         cpp_ps.l(char.o)
    0x080061f8   0x080061f8   0x00000050   Code   RO         4954    t._ZNSsaSEPKc       cpp_ps.l(locale.o)
    0x08006248   0x08006248   0x0000003c   Code   RO         4951    t._ZNSsaSERKSs      cpp_ps.l(locale.o)
    0x08006284   0x08006284   0x00000114   Code   RO          414    t._ZNSt6vectorIcSaIcEE13_C_insert_auxEPcjRKc  bus.o
    0x08006398   0x08006398   0x00000028   Code   RO          432    t._ZNSt6vectorIcSaIcEE2atEj  bus.o
    0x080063c0   0x080063c0   0x00000048   Code   RO          420    t._ZNSt6vectorIcSaIcEE6resizeEjc  bus.o
    0x08006408   0x08006408   0x0000000a   Code   RO          426    t._ZNSt6vectorIcSaIcEEC1ERKS0_  bus.o
    0x08006412   0x08006412   0x00000020   Code   RO          821    t._ZNSt6vectorIcSaIcEED1Ev  variable.o
    0x08006432   0x08006432   0x00000018   Code   RO          438    t._ZSt18uninitialized_copyIPcS0_SaIcEET0_T_S3_S2_RT1_  bus.o
    0x0800644a   0x0800644a   0x00000016   Code   RO          444    t._ZSt20uninitialized_fill_nIPcjcSaIcEEvT_T0_RKT1_RT2_  bus.o
    0x08006460   0x08006460   0x0000000c   Code   RO         4728    t._ZSt3maxIjERKT_S2_S2_  cpp_ps.l(char.o)
    0x0800646c   0x0800646c   0x00000010   Data   RO         4260    .constdata          system_stm32f0xx.o
    0x0800647c   0x0800647c   0x00000008   Data   RO         4261    .constdata          system_stm32f0xx.o
    0x08006484   0x08006484   0x0000005c   Data   RO         4468    .constdata          cpp_ps.l(rwstdexcept.o)
    0x080064e0   0x080064e0   0x00000200   Data   RO         4632    .constdata          cpp_ps.l(char.o)
    0x080066e0   0x080066e0   0x00000081   Data   RO         5513    .constdata          mc_p.l(ctype_o.o)
    0x08006761   0x08006761   0x00000003   PAD
    0x08006764   0x08006764   0x00000004   Data   RO         5514    .constdata          mc_p.l(ctype_o.o)
    0x08006768   0x08006768   0x00000014   Data   RO         4544    .constdata__ZTVNSt6locale5facetE  cpp_ps.l(rwstdexcept.o)
    0x0800677c   0x0800677c   0x00000034   Data   RO         4812    .constdata__ZTVSt12ctype_bynameIcE  cpp_ps.l(char.o)
    0x080067b0   0x080067b0   0x00000014   Data   RO         4546    .constdata__ZTVSt14__rw_exception  cpp_ps.l(rwstdexcept.o)
    0x080067c4   0x080067c4   0x00000034   Data   RO         4643    .constdata__ZTVSt5ctypeIcE  cpp_ps.l(char.o)
    0x080067f8   0x080067f8   0x00000020   Data   RO         4481    .constdata__ZTVSt8messagesIcE  cpp_ps.l(rwstdexcept.o)
    0x08006818   0x08006818   0x00000014   Data   RO         5123    .constdata__ZTVSt9exception  cpprt_p.l(exception_dtor.o)
    0x0800682c   0x0800682c   0x00000001   Data   RO         4942    .constdata__ZZNK4__rw15__rw_locale_imp16_C_category_nameEiEs  cpp_ps.l(locale.o)
    0x0800682d   0x0800682d   0x00000001   Data   RO         4651    .constdata__ZZNSs7replaceEjjPKcjjjEs  cpp_ps.l(char.o)
    0x0800682e   0x0800682e   0x00000001   Data   RO         4652    .constdata__ZZNSs9_C_getRepEjjEs  cpp_ps.l(char.o)
    0x0800682f   0x0800682f   0x00000001   Data   RO          413    .constdata__ZZNSt6vectorIcSaIcEE2atEjEs  bus.o
    0x08006830   0x08006830   0x00000002   Data   RO         4482    .constdata__ZZNSt8messagesIcEC1EjEs  cpp_ps.l(rwstdexcept.o)
    0x08006832   0x08006832   0x00000002   PAD
    0x08006834   0x08006834   0x00000272   Data   RO         4469    .conststring        cpp_ps.l(rwstdexcept.o)
    0x08006aa6   0x08006aa6   0x00000002   PAD
    0x08006aa8   0x08006aa8   0x00000020   Data   RO         5660    Region$$Table       anon$$obj.o
    0x08006ac8   0x08006ac8   0x00000004   Data   RO          799    .init_array         variable.o
    0x08006acc   0x08006ac8   0x00000000   Data   RO         4576    .init_array         mc_p.l(cpp_init.o)
    0x08006acc   0x08006ac8   0x00000004   Data   RO         4634    .init_array         cpp_ps.l(char.o)
    0x08006ad0   0x08006ac8   0x00000004   Data   RO         4925    .init_array         cpp_ps.l(locale.o)
    0x08006ad4   0x08006ac8   0x00000004   Data   RO         5368    .init_array         cpp_ps.l(rwcats.o)


    Execution Region RW_IRAM1 (Exec base: 0x20000000, Load base: 0x08006ad8, Size: 0x00000a38, Max: 0x00002000, ABSOLUTE)

    Exec Addr    Load Addr    Size         Type   Attr      Idx    E Section Name        Object

    0x20000000   0x08006ad8   0x00000008   Data   RW          581    .data               function.o
    0x20000008   0x08006ae0   0x00000004   Data   RW          778    .data               variable.o
    0x2000000c   0x08006ae4   0x00000004   Data   RW          783    .data               variable.o
    0x20000010   0x08006ae8   0x00000004   Data   RW          784    .data               variable.o
    0x20000014   0x08006aec   0x00000004   Data   RW          786    .data               variable.o
    0x20000018   0x08006af0   0x00000004   Data   RW          787    .data               variable.o
    0x2000001c   0x08006af4   0x00000004   Data   RW          788    .data               variable.o
    0x20000020   0x08006af8   0x00000004   Data   RW          789    .data               variable.o
    0x20000024   0x08006afc   0x00000004   Data   RW          790    .data               variable.o
    0x20000028   0x08006b00   0x00000004   Data   RW          792    .data               variable.o
    0x2000002c   0x08006b04   0x00000004   Data   RW          794    .data               variable.o
    0x20000030   0x08006b08   0x00000004   Data   RW          795    .data               variable.o
    0x20000034   0x08006b0c   0x00000004   Data   RW          796    .data               variable.o
    0x20000038   0x08006b10   0x00000004   Data   RW          797    .data               variable.o
    0x2000003c   0x08006b14   0x00000001   Data   RW          798    .data               variable.o
    0x2000003d   0x08006b15   0x00000003   PAD
    0x20000040   0x08006b18   0x00000004   Data   RW         2995    .data               stm32f0xx_hal.o
    0x20000044   0x08006b1c   0x00000004   Data   RW         4262    .data               system_stm32f0xx.o
    0x20000048   0x08006b20   0x00000017   Data   RW         4470    .data               cpp_ps.l(rwstdexcept.o)
    0x2000005f   0x08006b37   0x00000001   PAD
    0x20000060   0x08006b38   0x00000008   Data   RW         4633    .data               cpp_ps.l(char.o)
    0x20000068   0x08006b40   0x0000001c   Data   RW         4924    .data               cpp_ps.l(locale.o)
    0x20000084   0x08006b5c   0x00000004   Data   RW         5089    .data               cpp_ps.l(rwthrowproc_noex.o)
    0x20000088   0x08006b60   0x00000004   Data   RW         5258    .data               mc_p.l(stderr.o)
    0x2000008c   0x08006b64   0x00000004   Data   RW         5343    .data               mc_p.l(cpp_dtor.o)
    0x20000090   0x08006b68   0x00000008   Data   RW         5367    .data               cpp_ps.l(rwcats.o)
    0x20000098   0x08006b70   0x00000004   Data   RW         5564    .data               mc_p.l(mvars.o)
    0x2000009c   0x08006b74   0x00000004   Data   RW         5565    .data               mc_p.l(mvars.o)
    0x200000a0   0x08006b78   0x0000000c   Data   RW         5583    .data               mc_p.l(cpp_memory.o)
    0x200000ac   0x08006b84   0x00000004   Data   RW         5031    .data__ZZNKSt6locale2id7_C_initEvE9_C_id_gen  cpp_ps.l(locale.o)
    0x200000b0   0x08006b88   0x0000000c   Data   RW         5087    .data__ZZSt13__rw_get_catsvE11__open_cats  cpp_ps.l(messages.o)
    0x200000bc        -       0x00000064   Zero   RW          580    .bss                function.o
    0x20000120        -       0x0000008c   Zero   RW          773    .bss                variable.o
    0x200001ac        -       0x00000020   Zero   RW          774    .bss                variable.o
    0x200001cc        -       0x00000030   Zero   RW          775    .bss                variable.o
    0x200001fc        -       0x0000000c   Zero   RW          776    .bss                variable.o
    0x20000208        -       0x00000014   Zero   RW          777    .bss                variable.o
    0x2000021c        -       0x0000004c   Zero   RW          902    .bss                adc.o
    0x20000268        -       0x00000040   Zero   RW          964    .bss                tim.o
    0x200002a8        -       0x00000168   Zero   RW         1007    .bss                usart.o
    0x20000410        -       0x00000018   Zero   RW         4467    .bss                cpp_ps.l(rwstdexcept.o)
    0x20000428        -       0x00000010   Zero   RW         5441    .bss__ZNSs9__nullrefE  cpp_ps.l(vendor.o)
    0x20000438        -       0x00000200   Zero   RW            2    HEAP                startup_stm32f030x8.o
    0x20000638        -       0x00000400   Zero   RW            1    STACK               startup_stm32f030x8.o


==============================================================================

Image component sizes


      Code (inc. data)   RO Data    RW Data    ZI Data      Debug   Object Name

       184         36          0          0         76       1591   adc.o
      1340        132          1          0          0      23869   bus.o
        40          4          0          0          0        734   dma.o
       934        110          0          8        100     201415   function.o
       168         20          0          0          0        919   gpio.o
       554        110          0          0          0     281621   main.o
        28          8        180          0       1536        628   startup_stm32f030x8.o
       122         18          0          4          0       3643   stm32f0xx_hal.o
      1310         44          0          0          0       7845   stm32f0xx_hal_adc.o
       178         28          0          0          0      10535   stm32f0xx_hal_cortex.o
       498         14          0          0          0       4842   stm32f0xx_hal_dma.o
       348         26          0          0          0       2841   stm32f0xx_hal_gpio.o
        68          4          0          0          0        870   stm32f0xx_hal_msp.o
      1320         96          0          0          0       5017   stm32f0xx_hal_rcc.o
       232         14          0          0          0       1384   stm32f0xx_hal_rcc_ex.o
       968         30          0          0          0       9965   stm32f0xx_hal_tim.o
        76          0          0          0          0       2330   stm32f0xx_hal_tim_ex.o
      2196         60          0          0          0      17246   stm32f0xx_hal_uart.o
        92         26          0          0          0       3890   stm32f0xx_it.o
        92         14         24          4          0       1163   system_stm32f0xx.o
       180         36          0          0         64       1598   tim.o
       420         86          0          0        360       2369   usart.o
       142         14          4         53        252      10242   variable.o

    ----------------------------------------------------------------------
     11522        930        241         72       2388     596557   Object Totals
         0          0         32          0          0          0   (incl. Generated)
        32          0          0          3          0          0   (incl. Padding)

    ----------------------------------------------------------------------

      Code (inc. data)   RO Data    RW Data    ZI Data      Debug   Library Member Name

      1896         74        622          8          0       1384   char.o
      1558         92          5         32          0       1700   locale.o
       490         36          0         12          0        700   messages.o
        42          0          0          0          0        136   rwalloc.o
       192         22          4          8          0        352   rwcats.o
      1008         74        792         23         24       1100   rwstdexcept.o
       152         92          0          0          0         64   rwthrowproc_impl_noex.o
         0          0          0          4          0          0   rwthrowproc_noex.o
         0          0          0          0         16          0   vendor.o
        24          0          0          0          0         76   ARM_vec_cleanup_noexceptions.o
        12          0          0          0          0         68   aeabi_vec_delete_noexceptions.o
        18          0          0          0          0         68   aeabi_vec_dtor_cookie.o
        34          0          0          0          0         76   aeabi_vec_dtor_noexceptions.o
        20          0          0          0          0         72   aeabi_vec_new_cookie.o
        84         12          0          0          0         96   arm_exceptions_globs.o
        66          0          0          0          0        100   arm_exceptions_mem.o
        28          0          0          0          0         68   arm_exceptions_terminate.o
         8          0          0          0          0         68   arm_newhandler_noexceptions.o
         2          0          0          0          0         60   arm_rethrow_noexceptions.o
         8          0          0          0          0         68   array_del.o
         8          0          0          0          0         68   array_new.o
       162          0          0          0          0         84   array_new_general.o
        18          0          0          0          0         60   cxa_guard_acquire.o
        24          6          0          0          0         76   cxa_vec_new.o
         8          0          0          0          0         68   delete.o
        12          6          0          0          0         60   exception_ctor.o
         0          0         20          0          0          0   exception_dtor.o
        40          4          0          0          0         68   new.o
        30          0          0          0          0         60   _chval.o
       824         12          0          0          0         84   _scanf.o
       330          0          0          0          0         84   _scanf_int.o
       330          0          0          0          0         84   _scanf_longlong.o
       232          0          0          0          0         84   _scanf_str.o
        68          0          0          0          0         76   _sgetc.o
        42          0          0          0          0         76   aeabi_atexit.o
         8          4          0          4          0         60   cpp_dtor.o
         2          0          0          0          0         60   cpp_final.o
        32         10          0          0          0         72   cpp_init.o
        20          4          0         12          0        120   cpp_memory.o
         8          4        133          0          0         60   ctype_o.o
        66          0          0          0          0         76   cxa_finalize.o
         0          0          0          0          0          0   entry.o
         0          0          0          0          0          0   entry10a.o
         4          0          0          0          0          0   entry10b.o
         0          0          0          0          0          0   entry11a.o
         8          4          0          0          0          0   entry2.o
         4          0          0          0          0          0   entry5.o
         0          0          0          0          0          0   entry7b.o
         4          0          0          0          0          0   entry8a.o
         0          0          0          0          0          0   entry8b.o
         8          4          0          0          0          0   entry9a.o
        18          0          0          0          0         72   fputc.o
        30          0          0          0          0          0   handlers.o
        36          8          0          0          0         68   init.o
        18          0          0          0          0         68   isspace_o.o
         0          0          0          0          0          0   iusefp.o
         0          0          0          0          0          0   iusesemip.o
       122          0          0          0          0         84   llmul.o
        32          0          0          0          0         68   llshl.o
        38          0          0          0          0         68   llsshr.o
        34          0          0          0          0         68   llushr.o
       192         20          0          0          0        144   malloc.o
        66          0          0          0          0         68   memmove.o
         0          0          0          8          0          0   mvars.o
      2314         98          0          0          0        544   printfa.o
        44          8          0          0          0         84   scanf_char.o
       898         12          0          0          0        184   scanf_fp.o
         0          0          0          0          0          0   semi.o
        60         10          0          0          0         84   sscanf.o
         0          0          0          4          0          0   stderr.o
        24          0          0          0          0         60   strcat.o
        28          0          0          0          0         68   strcmp.o
        18          0          0          0          0         60   strcpy.o
        14          0          0          0          0         60   strlen.o
        32          0          0          0          0         60   strrchr.o
        44          0          0          0          0         72   uidiv.o
        96          0          0          0          0         84   uldiv.o
        40          2          0          0          0         68   cdrcmple.o
        56          0          0          0          0         68   d2f.o
       356          4          0          0          0        140   dadd.o
       240          6          0          0          0         84   ddiv.o
       236          0          0          0          0        216   depilogue.o
        64         10          0          0          0         68   dfixul.o
        28          6          0          0          0         68   dfltul.o
       208          6          0          0          0         88   dmul.o
        40          0          0          0          0         60   f2d.o
       178          0          0          0          0        108   fadd.o
       124          0          0          0          0         72   fdiv.o
       130          0          0          0          0        144   fepilogue.o
        50          0          0          0          0         60   ffixi.o
        22          0          0          0          0         68   fflti.o
       122          0          0          0          0         72   fmul.o

    ----------------------------------------------------------------------
     14006        650       1583        116         40      11188   Library Totals
        20          0          7          1          0          0   (incl. Padding)

    ----------------------------------------------------------------------

      Code (inc. data)   RO Data    RW Data    ZI Data      Debug   Library Name

      5338        390       1423         87         40       5436   cpp_ps.l
       576         28         20          0          0       1304   cpprt_p.l
      6178        198        133         28          0       3064   mc_p.l
      1894         34          0          0          0       1384   mf_p.l

    ----------------------------------------------------------------------
     14006        650       1583        116         40      11188   Library Totals

    ----------------------------------------------------------------------

==============================================================================


      Code (inc. data)   RO Data    RW Data    ZI Data      Debug   

     25528       1580       1824        188       2428     595261   Grand Totals
     25528       1580       1824        188       2428     595261   ELF Image Totals
     25528       1580       1824        188          0          0   ROM Totals

==============================================================================

    Total RO  Size (Code + RO Data)                27352 (  26.71kB)
    Total RW  Size (RW Data + ZI Data)              2616 (   2.55kB)
    Total ROM Size (Code + RO Data + RW Data)      27540 (  26.89kB)

==============================================================================

